10:14:37 PIT >> INFO : Verbose logging is disabled. If you encounter a problem, please enable it before reporting an issue.
10:14:37 PIT >> INFO : Created 1 mutation test units in pre scan
10:14:38 PIT >> INFO : MINION : WARNING: Unknown module: org.jgrapht.core specified to --add-opens
10:14:38 PIT >> INFO : MINION : WARNING: Unknown module: org.jgrapht.core specified to --add-opens
10:14:38 PIT >> INFO : MINION : WARNING: Unknown module: org.jgrapht.core specified to --add-opens
10:14:38 PIT >> INFO : MINION : WARNING: Unknown module: org.jgrapht.core specified to --add-opens
10:14:38 PIT >> INFO : MINION : WARNING: Unknown module: org.jgrapht.core specified to --add-opens
10:14:38 PIT >> INFO : MINION : WARNING: Unknown module: org.jgrapht.core specified to --add-opens
10:14:38 PIT >> INFO : MINION : WARNING: Unknown module: org.jgrapht.core specified to --add-opens
10:14:38 PIT >> INFO : MINION : WARNING: Unknown module: org.jgrapht.core specified to --add-opens
10:14:38 PIT >> INFO : MINION : WARNING: Unknown module: org.jgrapht.core specified to --add-opens
10:14:38 PIT >> INFO : MINION : WARNING: Unknown module: org.jgrapht.core specified to --add-opens
10:14:38 PIT >> INFO : MINION : WARNING: Unknown module: org.jgrapht.core specified to --add-opens
10:14:38 PIT >> INFO : MINION : WARNING: Unknown module: org.jgrapht.core specified to --add-opens
10:14:38 PIT >> INFO : MINION : WARNING: Unknown module: org.jgrapht.core specified to --add-opens
10:14:38 PIT >> INFO : MINION : WARNING: Unknown module: org.jgrapht.core specified to --add-opens
10:14:38 PIT >> INFO : MINION : WARNING: Unknown module: org.jgrapht.core specified to --add-opens
10:14:38 PIT >> INFO : MINION : WARNING: Unknown module: org.jgrapht.core specified to --add-opens
10:14:38 PIT >> INFO : MINION : WARNING: Unknown module: org.jgrapht.core specified to --add-opens
10:14:38 PIT >> INFO : MINION : WARNING: Unknown module: org.jgrapht.core specified to --add-opens
10:14:38 PIT >> INFO : MINION : WARNING: Unknown module: org.jgrapht.core specified to --add-opens
10:14:38 PIT >> INFO : MINION : WARNING: Unknown module: org.jgrapht.core specified to --add-opens
10:14:38 PIT >> INFO : MINION : WARNING: Unknown module: org.jgrapht.core specified to --add-opens
10:14:38 PIT >> INFO : MINION : WARNING: Unknown module: org.jgrapht.core specified to --add-opens
10:14:38 PIT >> INFO : MINION : WARNING: Unknown module: org.jgrapht.core specified to --add-opens
10:14:38 PIT >> INFO : MINION : WARNING: Unknown module: org.jgrapht.core specified to --add-opens
10:14:38 PIT >> INFO : MINION : WARNING: Unknown module: org.jgrapht.core specified to --add-opens
10:14:38 PIT >> INFO : MINION : WARNING: Unknown module: org.jgrapht.core specified to --add-opens
10:14:38 PIT >> INFO : MINION : WARNING: Unknown module: org.jgrapht.core specified to --add-opens
10:14:38 PIT >> INFO : MINION : WARNING: Unknown module: org.jgrapht.core specified to --add-opens
10:14:38 PIT >> INFO : MINION : WARNING: Unknown module: org.jgrapht.core specified to --add-opens
10:14:38 PIT >> INFO : MINION : WARNING: Unknown module: org.jgrapht.core specified to --add-opens
10:14:38 PIT >> INFO : Sending 13 test classes to minion
10:14:38 PIT >> INFO : Sent tests to minion
10:14:39 PIT >> INFO : Calculated coverage in 1 seconds.
10:14:39 PIT >> INFO : Created 1 mutation test units
10:15:00 PIT >> WARNING : Minion exited abnormally due to TIMED_OUT
10:15:25 PIT >> WARNING : Minion exited abnormally due to TIMED_OUT
10:15:28 PIT >> INFO : Completed in 50 seconds
