[09:36:22] === PIT Evaluation Run — 20 classes ===
[09:36:22] [1/20] Starting: org.jgrapht.Graphs (LOC=614, tests=org.jgrapht.*)
[09:46:23] [1/20] TIMEOUT: org.jgrapht.Graphs (600s)
[09:46:23] [2/20] Starting: org.jgrapht.alg.clique.DegeneracyBronKerboschCliqueFinder (LOC=138, tests=org.jgrapht.alg.clique.*)
[09:46:26] [2/20] DONE: org.jgrapht.alg.clique.DegeneracyBronKerboschCliqueFinder (4s, 13 mutations)
[09:46:26] [3/20] Starting: org.jgrapht.alg.clustering.LabelPropagationClustering (LOC=348, tests=org.jgrapht.alg.clustering.*)
[09:46:29] [3/20] DONE: org.jgrapht.alg.clustering.LabelPropagationClustering (3s, 4 mutations)
[09:46:29] [4/20] Starting: org.jgrapht.alg.color.GreedyColoring (LOC=106, tests=org.jgrapht.alg.color.*)
[09:46:44] [4/20] DONE: org.jgrapht.alg.color.GreedyColoring (14s, 8 mutations)
[09:46:44] [5/20] Starting: org.jgrapht.alg.connectivity.KosarajuStrongConnectivityInspector (LOC=258, tests=org.jgrapht.alg.connectivity.*)
[09:46:55] [5/20] DONE: org.jgrapht.alg.connectivity.KosarajuStrongConnectivityInspector (11s, 18 mutations)
[09:46:55] --- CHECKPOINT 5/20: OK=4, FAILED=0, TIMEOUT=1 ---
[09:46:55] [6/20] Starting: org.jgrapht.alg.cycle.SzwarcfiterLauerSimpleCycles (LOC=274, tests=org.jgrapht.alg.cycle.*)
[09:47:11] [6/20] DONE: org.jgrapht.alg.cycle.SzwarcfiterLauerSimpleCycles (16s, 34 mutations)
[09:47:11] [7/20] Starting: org.jgrapht.alg.drawing.model.ListenableLayoutModel2D (LOC=131, tests=org.jgrapht.alg.drawing.model.*)
[09:47:14] [7/20] DONE: org.jgrapht.alg.drawing.model.ListenableLayoutModel2D (3s, 15 mutations)
[09:47:14] [8/20] Starting: org.jgrapht.alg.flow.PushRelabelMFImpl (LOC=553, tests=org.jgrapht.alg.flow.*)
[09:50:56] [8/20] DONE: org.jgrapht.alg.flow.PushRelabelMFImpl (222s, 86 mutations)
[09:50:56] [9/20] Starting: org.jgrapht.alg.isomorphism.AHUUnrootedTreeIsomorphismInspector (LOC=165, tests=org.jgrapht.alg.isomorphism.*)
[09:51:04] [9/20] DONE: org.jgrapht.alg.isomorphism.AHUUnrootedTreeIsomorphismInspector (8s, 21 mutations)
[09:51:04] [10/20] Starting: org.jgrapht.alg.lca.BinaryLiftingLCAFinder (LOC=252, tests=org.jgrapht.alg.lca.*)
[09:52:33] [10/20] DONE: org.jgrapht.alg.lca.BinaryLiftingLCAFinder (89s, 47 mutations)
[09:52:33] --- CHECKPOINT 10/20: OK=9, FAILED=0, TIMEOUT=1 ---
[09:52:33] [11/20] Starting: org.jgrapht.alg.linkprediction.LeichtHolmeNewmanIndexLinkPrediction (LOC=83, tests=org.jgrapht.alg.linkprediction.*)
[09:52:36] [11/20] DONE: org.jgrapht.alg.linkprediction.LeichtHolmeNewmanIndexLinkPrediction (3s, 5 mutations)
[09:52:36] [12/20] Starting: org.jgrapht.alg.matching.blossom.v5.BlossomVPrimalUpdater (LOC=1162, tests=org.jgrapht.alg.matching.blossom.v5.*)
[10:02:36] [12/20] TIMEOUT: org.jgrapht.alg.matching.blossom.v5.BlossomVPrimalUpdater (600s)
[10:02:36] [13/20] Starting: org.jgrapht.alg.scoring.ClosenessCentrality (LOC=201, tests=org.jgrapht.alg.scoring.*)
[10:03:28] [13/20] DONE: org.jgrapht.alg.scoring.ClosenessCentrality (52s, 19 mutations)
[10:03:28] [14/20] Starting: org.jgrapht.alg.shortestpath.TransitNodeRoutingPrecomputation (LOC=1310, tests=org.jgrapht.alg.shortestpath.*)
[10:04:52] [14/20] DONE: org.jgrapht.alg.shortestpath.TransitNodeRoutingPrecomputation (84s, 37 mutations)
[10:04:52] [15/20] Starting: org.jgrapht.alg.spanning.EsauWilliamsCapacitatedMinimumSpanningTree (LOC=358, tests=org.jgrapht.alg.spanning.*)
[10:14:19] [15/20] DONE: org.jgrapht.alg.spanning.EsauWilliamsCapacitatedMinimumSpanningTree (566s, 45 mutations)
[10:14:19] --- CHECKPOINT 15/20: OK=13, FAILED=0, TIMEOUT=2 ---
[10:14:19] [16/20] Starting: org.jgrapht.alg.tour.ChristofidesThreeHalvesApproxMetricTSP (LOC=139, tests=org.jgrapht.alg.tour.*)
[10:14:30] [16/20] DONE: org.jgrapht.alg.tour.ChristofidesThreeHalvesApproxMetricTSP (12s, 10 mutations)
[10:14:30] [17/20] Starting: org.jgrapht.alg.util.UnorderedPair (LOC=91, tests=org.jgrapht.alg.util.*)
[10:14:35] [17/20] DONE: org.jgrapht.alg.util.UnorderedPair (5s, 20 mutations)
[10:14:35] [18/20] Starting: org.jgrapht.alg.vertexcover.RecursiveExactVCImpl (LOC=339, tests=org.jgrapht.alg.vertexcover.*)
[10:15:28] [18/20] DONE: org.jgrapht.alg.vertexcover.RecursiveExactVCImpl (53s, 47 mutations)
[10:15:28] [19/20] Starting: org.jgrapht.generate.netgen.Distributor (LOC=217, tests=org.jgrapht.generate.netgen.*)
[10:15:38] [19/20] DONE: org.jgrapht.generate.netgen.Distributor (10s, 22 mutations)
[10:15:38] [20/20] Starting: org.jgrapht.graph.specifics.UndirectedSpecifics (LOC=294, tests=org.jgrapht.graph.specifics.*)
[10:15:41] [20/20] DONE: org.jgrapht.graph.specifics.UndirectedSpecifics (2s, 48 mutations)
[10:15:41] --- CHECKPOINT 20/20: OK=18, FAILED=0, TIMEOUT=2 ---
[10:15:41] === DONE: OK=18, FAILED=0, TIMEOUT=2, mutations=499 ===
