10:14:32 PIT >> INFO : Verbose logging is disabled. If you encounter a problem, please enable it before reporting an issue.
10:14:32 PIT >> INFO : Created 1 mutation test units in pre scan
10:14:32 PIT >> INFO : MINION : WARNING: Unknown module: org.jgrapht.core specified to --add-opens
10:14:32 PIT >> INFO : MINION : WARNING: Unknown module: org.jgrapht.core specified to --add-opens
10:14:32 PIT >> INFO : MINION : WARNING: Unknown module: org.jgrapht.core specified to --add-opens
10:14:32 PIT >> INFO : MINION : WARNING: Unknown module: org.jgrapht.core specified to --add-opens
10:14:32 PIT >> INFO : MINION : WARNING: Unknown module: org.jgrapht.core specified to --add-opens
10:14:32 PIT >> INFO : MINION : WARNING: Unknown module: org.jgrapht.core specified to --add-opens
10:14:32 PIT >> INFO : MINION : WARNING: Unknown module: org.jgrapht.core specified to --add-opens
10:14:32 PIT >> INFO : MINION : WARNING: Unknown module: org.jgrapht.core specified to --add-opens
10:14:32 PIT >> INFO : MINION : WARNING: Unknown module: org.jgrapht.core specified to --add-opens
10:14:32 PIT >> INFO : MINION : WARNING: Unknown module: org.jgrapht.core specified to --add-opens
10:14:32 PIT >> INFO : MINION : WARNING: Unknown module: org.jgrapht.core specified to --add-opens
10:14:32 PIT >> INFO : MINION : WARNING: Unknown module: org.jgrapht.core specified to --add-opens
10:14:32 PIT >> INFO : MINION : WARNING: Unknown module: org.jgrapht.core specified to --add-opens
10:14:32 PIT >> INFO : MINION : WARNING: Unknown module: org.jgrapht.core specified to --add-opens
10:14:32 PIT >> INFO : MINION : WARNING: Unknown module: org.jgrapht.core specified to --add-opens
10:14:32 PIT >> INFO : MINION : WARNING: Unknown module: org.jgrapht.core specified to --add-opens
10:14:32 PIT >> INFO : MINION : WARNING: Unknown module: org.jgrapht.core specified to --add-opens
10:14:32 PIT >> INFO : MINION : WARNING: Unknown module: org.jgrapht.core specified to --add-opens
10:14:32 PIT >> INFO : MINION : WARNING: Unknown module: org.jgrapht.core specified to --add-opens
10:14:32 PIT >> INFO : MINION : WARNING: Unknown module: org.jgrapht.core specified to --add-opens
10:14:32 PIT >> INFO : MINION : WARNING: Unknown module: org.jgrapht.core specified to --add-opens
10:14:32 PIT >> INFO : MINION : WARNING: Unknown module: org.jgrapht.core specified to --add-opens
10:14:32 PIT >> INFO : MINION : WARNING: Unknown module: org.jgrapht.core specified to --add-opens
10:14:32 PIT >> INFO : MINION : WARNING: Unknown module: org.jgrapht.core specified to --add-opens
10:14:32 PIT >> INFO : MINION : WARNING: Unknown module: org.jgrapht.core specified to --add-opens
10:14:32 PIT >> INFO : MINION : WARNING: Unknown module: org.jgrapht.core specified to --add-opens
10:14:32 PIT >> INFO : MINION : WARNING: Unknown module: org.jgrapht.core specified to --add-opens
10:14:32 PIT >> INFO : MINION : WARNING: Unknown module: org.jgrapht.core specified to --add-opens
10:14:32 PIT >> INFO : MINION : WARNING: Unknown module: org.jgrapht.core specified to --add-opens
10:14:32 PIT >> INFO : MINION : WARNING: Unknown module: org.jgrapht.core specified to --add-opens
10:14:32 PIT >> INFO : Sending 17 test classes to minion
10:14:33 PIT >> INFO : Sent tests to minion
10:14:33 PIT >> INFO : Calculated coverage in 0 seconds.
10:14:33 PIT >> INFO : Created 1 mutation test units
10:14:35 PIT >> INFO : Completed in 3 seconds
