Picked up JAVA_TOOL_OPTIONS: -XX:ActiveProcessorCount=1
19:18:22 PIT >> INFO : Verbose logging is disabled. If you encounter a problem, please enable it before reporting an issue.
19:18:22 PIT >> INFO : Created 1 mutation test units in pre scan
19:18:22 PIT >> INFO : MINION : Picked up JAVA_TOOL_OPTIONS: -XX:ActiveProcessorCount=1
19:18:22 PIT >> INFO : MINION : WARNING: Unknown module: org.jgrapht.core specified to --add-opens
19:18:22 PIT >> INFO : MINION : WARNING: Unknown module: org.jgrapht.core specified to --add-opens
19:18:22 PIT >> INFO : MINION : WARNING: Unknown module: org.jgrapht.core specified to --add-opens
19:18:22 PIT >> INFO : MINION : WARNING: Unknown module: org.jgrapht.core specified to --add-opens
19:18:22 PIT >> INFO : MINION : WARNING: Unknown module: org.jgrapht.core specified to --add-opens
19:18:22 PIT >> INFO : MINION : WARNING: Unknown module: org.jgrapht.core specified to --add-opens
19:18:22 PIT >> INFO : MINION : WARNING: Unknown module: org.jgrapht.core specified to --add-opens
19:18:22 PIT >> INFO : MINION : WARNING: Unknown module: org.jgrapht.core specified to --add-opens
19:18:22 PIT >> INFO : MINION : WARNING: Unknown module: org.jgrapht.core specified to --add-opens
19:18:22 PIT >> INFO : MINION : WARNING: Unknown module: org.jgrapht.core specified to --add-opens
19:18:22 PIT >> INFO : MINION : WARNING: Unknown module: org.jgrapht.core specified to --add-opens
19:18:22 PIT >> INFO : MINION : WARNING: Unknown module: org.jgrapht.core specified to --add-opens
19:18:22 PIT >> INFO : MINION : WARNING: Unknown module: org.jgrapht.core specified to --add-opens
19:18:22 PIT >> INFO : MINION : WARNING: Unknown module: org.jgrapht.core specified to --add-opens
19:18:22 PIT >> INFO : MINION : WARNING: Unknown module: org.jgrapht.core specified to --add-opens
19:18:22 PIT >> INFO : MINION : WARNING: Unknown module: org.jgrapht.core specified to --add-opens
19:18:22 PIT >> INFO : MINION : WARNING: Unknown module: org.jgrapht.core specified to --add-opens
19:18:22 PIT >> INFO : MINION : WARNING: Unknown module: org.jgrapht.core specified to --add-opens
19:18:22 PIT >> INFO : MINION : WARNING: Unknown module: org.jgrapht.core specified to --add-opens
19:18:22 PIT >> INFO : MINION : WARNING: Unknown module: org.jgrapht.core specified to --add-opens
19:18:22 PIT >> INFO : MINION : WARNING: Unknown module: org.jgrapht.core specified to --add-opens
19:18:22 PIT >> INFO : MINION : WARNING: Unknown module: org.jgrapht.core specified to --add-opens
19:18:22 PIT >> INFO : MINION : WARNING: Unknown module: org.jgrapht.core specified to --add-opens
19:18:22 PIT >> INFO : MINION : WARNING: Unknown module: org.jgrapht.core specified to --add-opens
19:18:22 PIT >> INFO : MINION : WARNING: Unknown module: org.jgrapht.core specified to --add-opens
19:18:22 PIT >> INFO : MINION : WARNING: Unknown module: org.jgrapht.core specified to --add-opens
19:18:22 PIT >> INFO : MINION : WARNING: Unknown module: org.jgrapht.core specified to --add-opens
19:18:22 PIT >> INFO : MINION : WARNING: Unknown module: org.jgrapht.core specified to --add-opens
19:18:22 PIT >> INFO : MINION : WARNING: Unknown module: org.jgrapht.core specified to --add-opens
19:18:22 PIT >> INFO : MINION : WARNING: Unknown module: org.jgrapht.core specified to --add-opens
19:18:23 PIT >> INFO : Sending 19 test classes to minion
19:18:23 PIT >> INFO : Sent tests to minion
19:18:30 PIT >> INFO : Calculated coverage in 7 seconds.
19:18:30 PIT >> INFO : Created 1 mutation test units
19:18:31 PIT >> INFO : Completed in 8 seconds
