23:14:24 PIT >> INFO : Verbose logging is disabled. If you encounter a problem, please enable it before reporting an issue.
23:14:24 PIT >> INFO : Created 1 mutation test units in pre scan
23:14:24 PIT >> INFO : MINION : WARNING: Unknown module: org.jgrapht.core specified to --add-opens
23:14:24 PIT >> INFO : MINION : WARNING: Unknown module: org.jgrapht.core specified to --add-opens
23:14:24 PIT >> INFO : MINION : WARNING: Unknown module: org.jgrapht.core specified to --add-opens
23:14:24 PIT >> INFO : MINION : WARNING: Unknown module: org.jgrapht.core specified to --add-opens
23:14:24 PIT >> INFO : MINION : WARNING: Unknown module: org.jgrapht.core specified to --add-opens
23:14:24 PIT >> INFO : MINION : WARNING: Unknown module: org.jgrapht.core specified to --add-opens
23:14:24 PIT >> INFO : MINION : WARNING: Unknown module: org.jgrapht.core specified to --add-opens
23:14:24 PIT >> INFO : MINION : WARNING: Unknown module: org.jgrapht.core specified to --add-opens
23:14:24 PIT >> INFO : MINION : WARNING: Unknown module: org.jgrapht.core specified to --add-opens
23:14:24 PIT >> INFO : MINION : WARNING: Unknown module: org.jgrapht.core specified to --add-opens
23:14:24 PIT >> INFO : MINION : WARNING: Unknown module: org.jgrapht.core specified to --add-opens
23:14:24 PIT >> INFO : MINION : WARNING: Unknown module: org.jgrapht.core specified to --add-opens
23:14:24 PIT >> INFO : MINION : WARNING: Unknown module: org.jgrapht.core specified to --add-opens
23:14:24 PIT >> INFO : MINION : WARNING: Unknown module: org.jgrapht.core specified to --add-opens
23:14:24 PIT >> INFO : MINION : WARNING: Unknown module: org.jgrapht.core specified to --add-opens
23:14:24 PIT >> INFO : MINION : WARNING: Unknown module: org.jgrapht.core specified to --add-opens
23:14:24 PIT >> INFO : MINION : WARNING: Unknown module: org.jgrapht.core specified to --add-opens
23:14:24 PIT >> INFO : MINION : WARNING: Unknown module: org.jgrapht.core specified to --add-opens
23:14:24 PIT >> INFO : MINION : WARNING: Unknown module: org.jgrapht.core specified to --add-opens
23:14:24 PIT >> INFO : MINION : WARNING: Unknown module: org.jgrapht.core specified to --add-opens
23:14:24 PIT >> INFO : MINION : WARNING: Unknown module: org.jgrapht.core specified to --add-opens
23:14:24 PIT >> INFO : MINION : WARNING: Unknown module: org.jgrapht.core specified to --add-opens
23:14:24 PIT >> INFO : MINION : WARNING: Unknown module: org.jgrapht.core specified to --add-opens
23:14:24 PIT >> INFO : MINION : WARNING: Unknown module: org.jgrapht.core specified to --add-opens
23:14:24 PIT >> INFO : MINION : WARNING: Unknown module: org.jgrapht.core specified to --add-opens
23:14:24 PIT >> INFO : MINION : WARNING: Unknown module: org.jgrapht.core specified to --add-opens
23:14:24 PIT >> INFO : MINION : WARNING: Unknown module: org.jgrapht.core specified to --add-opens
23:14:24 PIT >> INFO : MINION : WARNING: Unknown module: org.jgrapht.core specified to --add-opens
23:14:24 PIT >> INFO : MINION : WARNING: Unknown module: org.jgrapht.core specified to --add-opens
23:14:24 PIT >> INFO : MINION : WARNING: Unknown module: org.jgrapht.core specified to --add-opens
23:14:24 PIT >> INFO : Sending 21 test classes to minion
23:14:24 PIT >> INFO : Sent tests to minion
23:14:25 PIT >> INFO : Calculated coverage in 1 seconds.
23:14:25 PIT >> INFO : Created 1 mutation test units
23:14:26 PIT >> INFO : Completed in 2 seconds
