org.springframework.core.SerializableTypeWrapper: NO_MUTATIONS (17s)
org.springframework.core.annotation.RepeatableContainers: OK (13/14 killed, 8s)
org.springframework.core.codec.AbstractDataBufferDecoder: OK (6/6 killed, 16s)
org.springframework.core.convert.TypeDescriptor: OK (111/126 killed, 16s)
org.springframework.core.convert.converter.ConvertingComparator: OK (5/5 killed, 3s)
org.springframework.core.convert.support.GenericConversionService: OK (54/62 killed, 12s)
org.springframework.core.env.PropertySource: OK (7/14 killed, 5s)
org.springframework.core.io.AbstractResource: NO_MUTATIONS (5s)
org.springframework.core.io.buffer.DataBufferUtils: TIMEOUT (600s)
org.springframework.core.io.support.PathMatchingResourcePatternResolver: NO_MUTATIONS (4s)
org.springframework.core.log.LogMessage: OK (8/11 killed, 2s)
org.springframework.core.style.DefaultValueStyler: OK (36/37 killed, 3s)
org.springframework.core.task.SimpleAsyncTaskExecutor: OK (14/44 killed, 36s)
org.springframework.core.type.StandardClassMetadata: OK (28/29 killed, 6s)
org.springframework.core.type.classreading.SimpleAnnotationMetadata: OK (32/32 killed, 4s)
org.springframework.core.type.filter.AbstractTypeHierarchyTraversingFilter: OK (21/26 killed, 3s)
org.springframework.util.Assert: OK (60/64 killed, 14s)
org.springframework.util.backoff.ExponentialBackOff: OK (10/13 killed, 6s)
org.springframework.util.concurrent.ListenableFutureCallbackRegistry: OK (2/14 killed, 71s)
org.springframework.util.function.ThrowingConsumer: OK (4/5 killed, 2s)
org.springframework.util.unit.DataSize: OK (24/34 killed, 3s)
org.springframework.util.xml.AbstractStaxXMLReader: OK (19/27 killed, 5s)
