09:46:28 PIT >> INFO : Verbose logging is disabled. If you encounter a problem, please enable it before reporting an issue.
09:46:28 PIT >> INFO : Created 1 mutation test units in pre scan
09:46:28 PIT >> INFO : MINION : WARNING: Unknown module: org.jgrapht.core specified to --add-opens
09:46:28 PIT >> INFO : MINION : WARNING: Unknown module: org.jgrapht.core specified to --add-opens
09:46:28 PIT >> INFO : MINION : WARNING: Unknown module: org.jgrapht.core specified to --add-opens
09:46:28 PIT >> INFO : MINION : WARNING: Unknown module: org.jgrapht.core specified to --add-opens
09:46:28 PIT >> INFO : MINION : WARNING: Unknown module: org.jgrapht.core specified to --add-opens
09:46:28 PIT >> INFO : MINION : WARNING: Unknown module: org.jgrapht.core specified to --add-opens
09:46:28 PIT >> INFO : MINION : WARNING: Unknown module: org.jgrapht.core specified to --add-opens
09:46:28 PIT >> INFO : MINION : WARNING: Unknown module: org.jgrapht.core specified to --add-opens
09:46:28 PIT >> INFO : MINION : WARNING: Unknown module: org.jgrapht.core specified to --add-opens
09:46:28 PIT >> INFO : MINION : WARNING: Unknown module: org.jgrapht.core specified to --add-opens
09:46:28 PIT >> INFO : MINION : WARNING: Unknown module: org.jgrapht.core specified to --add-opens
09:46:28 PIT >> INFO : MINION : WARNING: Unknown module: org.jgrapht.core specified to --add-opens
09:46:28 PIT >> INFO : MINION : WARNING: Unknown module: org.jgrapht.core specified to --add-opens
09:46:28 PIT >> INFO : MINION : WARNING: Unknown module: org.jgrapht.core specified to --add-opens
09:46:28 PIT >> INFO : MINION : WARNING: Unknown module: org.jgrapht.core specified to --add-opens
09:46:28 PIT >> INFO : MINION : WARNING: Unknown module: org.jgrapht.core specified to --add-opens
09:46:28 PIT >> INFO : MINION : WARNING: Unknown module: org.jgrapht.core specified to --add-opens
09:46:28 PIT >> INFO : MINION : WARNING: Unknown module: org.jgrapht.core specified to --add-opens
09:46:28 PIT >> INFO : MINION : WARNING: Unknown module: org.jgrapht.core specified to --add-opens
09:46:28 PIT >> INFO : MINION : WARNING: Unknown module: org.jgrapht.core specified to --add-opens
09:46:28 PIT >> INFO : MINION : WARNING: Unknown module: org.jgrapht.core specified to --add-opens
09:46:28 PIT >> INFO : MINION : WARNING: Unknown module: org.jgrapht.core specified to --add-opens
09:46:28 PIT >> INFO : MINION : WARNING: Unknown module: org.jgrapht.core specified to --add-opens
09:46:28 PIT >> INFO : MINION : WARNING: Unknown module: org.jgrapht.core specified to --add-opens
09:46:28 PIT >> INFO : MINION : WARNING: Unknown module: org.jgrapht.core specified to --add-opens
09:46:28 PIT >> INFO : MINION : WARNING: Unknown module: org.jgrapht.core specified to --add-opens
09:46:28 PIT >> INFO : MINION : WARNING: Unknown module: org.jgrapht.core specified to --add-opens
09:46:28 PIT >> INFO : MINION : WARNING: Unknown module: org.jgrapht.core specified to --add-opens
09:46:28 PIT >> INFO : MINION : WARNING: Unknown module: org.jgrapht.core specified to --add-opens
09:46:28 PIT >> INFO : MINION : WARNING: Unknown module: org.jgrapht.core specified to --add-opens
09:46:28 PIT >> INFO : Sending 13 test classes to minion
09:46:28 PIT >> INFO : Sent tests to minion
09:46:29 PIT >> INFO : Calculated coverage in 0 seconds.
09:46:29 PIT >> INFO : Created 1 mutation test units
09:46:29 PIT >> INFO : Completed in 1 seconds
