19:01:11 PIT >> INFO : Verbose logging is disabled. If you encounter a problem, please enable it before reporting an issue.
19:01:11 PIT >> INFO : Created 1 mutation test units in pre scan
19:01:11 PIT >> INFO : Sending 101 test classes to minion
19:01:11 PIT >> INFO : Sent tests to minion
19:01:12 PIT >> INFO : MINION : Failed to set JaCoCo session: org.jacoco.agent.rt.RT
19:01:12 PIT >> INFO : MINION : Failed to dump JaCoCo execution data: org.jacoco.agent.rt.RT
19:01:12 PIT >> INFO : MINION : Failed to set JaCoCo session: org.jacoco.agent.rt.RT
19:01:12 PIT >> INFO : MINION : Failed to dump JaCoCo execution data: org.jacoco.agent.rt.RT
19:01:12 PIT >> INFO : MINION : Failed to set JaCoCo session: org.jacoco.agent.rt.RT
19:01:12 PIT >> INFO : MINION : Failed to dump JaCoCo execution data: org.jacoco.agent.rt.RT
19:01:12 PIT >> INFO : MINION : Failed to set JaCoCo session: org.jacoco.agent.rt.RT
19:01:12 PIT >> INFO : MINION : Failed to dump JaCoCo execution data: org.jacoco.agent.rt.RT
19:01:12 PIT >> INFO : MINION : Failed to set JaCoCo session: org.jacoco.agent.rt.RT
19:01:12 PIT >> INFO : MINION : Failed to dump JaCoCo execution data: org.jacoco.agent.rt.RT
19:01:12 PIT >> INFO : MINION : Failed to set JaCoCo session: org.jacoco.agent.rt.RT
19:01:12 PIT >> INFO : MINION : Failed to dump JaCoCo execution data: org.jacoco.agent.rt.RT
19:01:12 PIT >> INFO : MINION : Failed to set JaCoCo session: org.jacoco.agent.rt.RT
19:01:12 PIT >> INFO : MINION : Failed to dump JaCoCo execution data: org.jacoco.agent.rt.RT
19:01:12 PIT >> INFO : MINION : Failed to set JaCoCo session: org.jacoco.agent.rt.RT
19:01:12 PIT >> INFO : MINION : Failed to dump JaCoCo execution data: org.jacoco.agent.rt.RT
19:01:12 PIT >> INFO : MINION : Failed to set JaCoCo session: org.jacoco.agent.rt.RT
19:01:12 PIT >> INFO : MINION : Failed to dump JaCoCo execution data: org.jacoco.agent.rt.RT
19:01:12 PIT >> INFO : MINION : Failed to set JaCoCo session: org.jacoco.agent.rt.RT
19:01:12 PIT >> INFO : MINION : Failed to dump JaCoCo execution data: org.jacoco.agent.rt.RT
19:01:12 PIT >> INFO : MINION : Failed to set JaCoCo session: org.jacoco.agent.rt.RT
19:01:12 PIT >> INFO : MINION : Failed to dump JaCoCo execution data: org.jacoco.agent.rt.RT
19:01:12 PIT >> INFO : MINION : Failed to set JaCoCo session: org.jacoco.agent.rt.RT
19:01:12 PIT >> INFO : MINION : Failed to dump JaCoCo execution data: org.jacoco.agent.rt.RT
19:01:12 PIT >> INFO : MINION : Failed to set JaCoCo session: org.jacoco.agent.rt.RT
19:01:12 PIT >> INFO : MINION : Failed to dump JaCoCo execution data: org.jacoco.agent.rt.RT
19:01:12 PIT >> INFO : MINION : Failed to set JaCoCo session: org.jacoco.agent.rt.RT
19:01:12 PIT >> INFO : MINION : Failed to dump JaCoCo execution data: org.jacoco.agent.rt.RT
19:01:12 PIT >> INFO : MINION : Failed to set JaCoCo session: org.jacoco.agent.rt.RT
19:01:12 PIT >> INFO : MINION : Failed to dump JaCoCo execution data: org.jacoco.agent.rt.RT
19:01:12 PIT >> INFO : MINION : Failed to set JaCoCo session: org.jacoco.agent.rt.RT
19:01:12 PIT >> INFO : MINION : Failed to dump JaCoCo execution data: org.jacoco.agent.rt.RT
19:01:12 PIT >> INFO : MINION : Failed to set JaCoCo session: org.jacoco.agent.rt.RT
19:01:12 PIT >> INFO : MINION : Failed to dump JaCoCo execution data: org.jacoco.agent.rt.RT
19:01:12 PIT >> INFO : MINION : Failed to set JaCoCo session: org.jacoco.agent.rt.RT
19:01:12 PIT >> INFO : MINION : Failed to dump JaCoCo execution data: org.jacoco.agent.rt.RT
19:01:12 PIT >> INFO : MINION : Failed to set JaCoCo session: org.jacoco.agent.rt.RT
19:01:12 PIT >> INFO : MINION : Failed to dump JaCoCo execution data: org.jacoco.agent.rt.RT
19:01:12 PIT >> INFO : MINION : Failed to set JaCoCo session: org.jacoco.agent.rt.RT
19:01:12 PIT >> INFO : MINION : Failed to dump JaCoCo execution data: org.jacoco.agent.rt.RT
19:01:12 PIT >> INFO : MINION : Failed to set JaCoCo session: org.jacoco.agent.rt.RT
19:01:12 PIT >> INFO : MINION : Failed to dump JaCoCo execution data: org.jacoco.agent.rt.RT
19:01:12 PIT >> INFO : MINION : Failed to set JaCoCo session: org.jacoco.agent.rt.RT
19:01:12 PIT >> INFO : MINION : Failed to dump JaCoCo execution data: org.jacoco.agent.rt.RT
19:01:12 PIT >> INFO : MINION : Failed to set JaCoCo session: org.jacoco.agent.rt.RT
19:01:12 PIT >> INFO : MINION : Failed to dump JaCoCo execution data: org.jacoco.agent.rt.RT
19:01:12 PIT >> INFO : MINION : Failed to set JaCoCo session: org.jacoco.agent.rt.RT
19:01:12 PIT >> INFO : MINION : Failed to dump JaCoCo execution data: org.jacoco.agent.rt.RT
19:01:12 PIT >> INFO : MINION : Failed to set JaCoCo session: org.jacoco.agent.rt.RT
19:01:12 PIT >> INFO : MINION : Failed to dump JaCoCo execution data: org.jacoco.agent.rt.RT
19:01:12 PIT >> INFO : MINION : Failed to set JaCoCo session: org.jacoco.agent.rt.RT
19:01:12 PIT >> INFO : MINION : Failed to dump JaCoCo execution data: org.jacoco.agent.rt.RT
19:01:12 PIT >> INFO : MINION : Failed to set JaCoCo session: org.jacoco.agent.rt.RT
19:01:12 PIT >> INFO : MINION : Failed to dump JaCoCo execution data: org.jacoco.agent.rt.RT
19:01:12 PIT >> INFO : MINION : Failed to set JaCoCo session: org.jacoco.agent.rt.RT
19:01:12 PIT >> INFO : MINION : Failed to dump JaCoCo execution data: org.jacoco.agent.rt.RT
19:01:12 PIT >> INFO : MINION : Failed to set JaCoCo session: org.jacoco.agent.rt.RT
19:01:12 PIT >> INFO : MINION : Failed to dump JaCoCo execution data: org.jacoco.agent.rt.RT
19:01:12 PIT >> INFO : MINION : Failed to set JaCoCo session: org.jacoco.agent.rt.RT
19:01:12 PIT >> INFO : MINION : Failed to dump JaCoCo execution data: org.jacoco.agent.rt.RT
19:01:12 PIT >> INFO : MINION : Failed to set JaCoCo session: org.jacoco.agent.rt.RT
19:01:12 PIT >> INFO : MINION : Failed to dump JaCoCo execution data: org.jacoco.agent.rt.RT
19:01:12 PIT >> INFO : MINION : Failed to set JaCoCo session: org.jacoco.agent.rt.RT
19:01:12 PIT >> INFO : MINION : Failed to dump JaCoCo execution data: org.jacoco.agent.rt.RT
19:01:12 PIT >> INFO : MINION : Failed to set JaCoCo session: org.jacoco.agent.rt.RT
19:01:12 PIT >> INFO : MINION : Failed to dump JaCoCo execution data: org.jacoco.agent.rt.RT
19:01:12 PIT >> INFO : MINION : Failed to set JaCoCo session: org.jacoco.agent.rt.RT
19:01:12 PIT >> INFO : MINION : Failed to dump JaCoCo execution data: org.jacoco.agent.rt.RT
19:01:12 PIT >> INFO : MINION : Failed to set JaCoCo session: org.jacoco.agent.rt.RT
19:01:12 PIT >> INFO : MINION : Failed to dump JaCoCo execution data: org.jacoco.agent.rt.RT
19:01:12 PIT >> INFO : MINION : Failed to set JaCoCo session: org.jacoco.agent.rt.RT
19:01:12 PIT >> INFO : MINION : Failed to dump JaCoCo execution data: org.jacoco.agent.rt.RT
19:01:12 PIT >> INFO : MINION : Failed to set JaCoCo session: org.jacoco.agent.rt.RT
19:01:12 PIT >> INFO : MINION : Failed to dump JaCoCo execution data: org.jacoco.agent.rt.RT
19:01:12 PIT >> INFO : MINION : Failed to set JaCoCo session: org.jacoco.agent.rt.RT
19:01:12 PIT >> INFO : MINION : Failed to dump JaCoCo execution data: org.jacoco.agent.rt.RT
19:01:12 PIT >> INFO : MINION : Failed to set JaCoCo session: org.jacoco.agent.rt.RT
19:01:12 PIT >> INFO : MINION : Failed to dump JaCoCo execution data: org.jacoco.agent.rt.RT
19:01:12 PIT >> INFO : MINION : Failed to set JaCoCo session: org.jacoco.agent.rt.RT
19:01:12 PIT >> INFO : MINION : Failed to dump JaCoCo execution data: org.jacoco.agent.rt.RT
19:01:12 PIT >> INFO : MINION : Failed to set JaCoCo session: org.jacoco.agent.rt.RT
19:01:12 PIT >> INFO : MINION : Failed to dump JaCoCo execution data: org.jacoco.agent.rt.RT
19:01:12 PIT >> INFO : MINION : Failed to set JaCoCo session: org.jacoco.agent.rt.RT
19:01:12 PIT >> INFO : MINION : Failed to dump JaCoCo execution data: org.jacoco.agent.rt.RT
19:01:12 PIT >> INFO : MINION : Failed to set JaCoCo session: org.jacoco.agent.rt.RT
19:01:12 PIT >> INFO : MINION : Failed to dump JaCoCo execution data: org.jacoco.agent.rt.RT
19:01:12 PIT >> INFO : MINION : Failed to set JaCoCo session: org.jacoco.agent.rt.RT
19:01:12 PIT >> INFO : MINION : Failed to dump JaCoCo execution data: org.jacoco.agent.rt.RT
19:01:12 PIT >> INFO : MINION : Failed to set JaCoCo session: org.jacoco.agent.rt.RT
19:01:12 PIT >> INFO : MINION : Failed to dump JaCoCo execution data: org.jacoco.agent.rt.RT
19:01:12 PIT >> INFO : MINION : Failed to set JaCoCo session: org.jacoco.agent.rt.RT
19:01:12 PIT >> INFO : MINION : Failed to dump JaCoCo execution data: org.jacoco.agent.rt.RT
19:01:12 PIT >> INFO : MINION : Failed to set JaCoCo session: org.jacoco.agent.rt.RT
19:01:12 PIT >> INFO : MINION : Failed to dump JaCoCo execution data: org.jacoco.agent.rt.RT
19:01:12 PIT >> INFO : MINION : Failed to set JaCoCo session: org.jacoco.agent.rt.RT
19:01:12 PIT >> INFO : MINION : Failed to dump JaCoCo execution data: org.jacoco.agent.rt.RT
19:01:12 PIT >> INFO : MINION : Failed to set JaCoCo session: org.jacoco.agent.rt.RT
19:01:12 PIT >> INFO : MINION : Failed to dump JaCoCo execution data: org.jacoco.agent.rt.RT
19:01:12 PIT >> INFO : MINION : Failed to set JaCoCo session: org.jacoco.agent.rt.RT
19:01:12 PIT >> INFO : MINION : Failed to dump JaCoCo execution data: org.jacoco.agent.rt.RT
19:01:12 PIT >> INFO : MINION : Failed to set JaCoCo session: org.jacoco.agent.rt.RT
19:01:12 PIT >> INFO : MINION : Failed to dump JaCoCo execution data: org.jacoco.agent.rt.RT
19:01:12 PIT >> INFO : MINION : Failed to set JaCoCo session: org.jacoco.agent.rt.RT
19:01:12 PIT >> INFO : MINION : Failed to dump JaCoCo execution data: org.jacoco.agent.rt.RT
19:01:12 PIT >> INFO : MINION : Failed to set JaCoCo session: org.jacoco.agent.rt.RT
19:01:12 PIT >> INFO : MINION : Failed to dump JaCoCo execution data: org.jacoco.agent.rt.RT
19:01:12 PIT >> INFO : MINION : Failed to set JaCoCo session: org.jacoco.agent.rt.RT
19:01:12 PIT >> INFO : MINION : Failed to dump JaCoCo execution data: org.jacoco.agent.rt.RT
19:01:12 PIT >> INFO : MINION : Failed to set JaCoCo session: org.jacoco.agent.rt.RT
19:01:12 PIT >> INFO : MINION : Failed to dump JaCoCo execution data: org.jacoco.agent.rt.RT
19:01:12 PIT >> INFO : MINION : Failed to set JaCoCo session: org.jacoco.agent.rt.RT
19:01:12 PIT >> INFO : MINION : Failed to dump JaCoCo execution data: org.jacoco.agent.rt.RT
19:01:12 PIT >> INFO : MINION : Failed to set JaCoCo session: org.jacoco.agent.rt.RT
19:01:12 PIT >> INFO : MINION : Failed to dump JaCoCo execution data: org.jacoco.agent.rt.RT
19:01:12 PIT >> INFO : MINION : Failed to set JaCoCo session: org.jacoco.agent.rt.RT
19:01:12 PIT >> INFO : MINION : Failed to dump JaCoCo execution data: org.jacoco.agent.rt.RT
19:01:12 PIT >> INFO : MINION : Failed to set JaCoCo session: org.jacoco.agent.rt.RT
19:01:12 PIT >> INFO : MINION : Failed to dump JaCoCo execution data: org.jacoco.agent.rt.RT
19:01:12 PIT >> INFO : MINION : Failed to set JaCoCo session: org.jacoco.agent.rt.RT
19:01:12 PIT >> INFO : MINION : Failed to dump JaCoCo execution data: org.jacoco.agent.rt.RT
19:01:12 PIT >> INFO : MINION : Failed to set JaCoCo session: org.jacoco.agent.rt.RT
19:01:12 PIT >> INFO : MINION : Failed to dump JaCoCo execution data: org.jacoco.agent.rt.RT
19:01:12 PIT >> INFO : MINION : Failed to set JaCoCo session: org.jacoco.agent.rt.RT
19:01:12 PIT >> INFO : MINION : Failed to dump JaCoCo execution data: org.jacoco.agent.rt.RT
19:01:12 PIT >> INFO : MINION : Failed to set JaCoCo session: org.jacoco.agent.rt.RT
19:01:12 PIT >> INFO : MINION : Failed to dump JaCoCo execution data: org.jacoco.agent.rt.RT
19:01:12 PIT >> INFO : MINION : Failed to set JaCoCo session: org.jacoco.agent.rt.RT
19:01:12 PIT >> INFO : MINION : Failed to dump JaCoCo execution data: org.jacoco.agent.rt.RT
19:01:12 PIT >> INFO : MINION : Failed to set JaCoCo session: org.jacoco.agent.rt.RT
19:01:12 PIT >> INFO : MINION : Failed to dump JaCoCo execution data: org.jacoco.agent.rt.RT
19:01:12 PIT >> INFO : MINION : Failed to set JaCoCo session: org.jacoco.agent.rt.RT
19:01:12 PIT >> INFO : MINION : Failed to dump JaCoCo execution data: org.jacoco.agent.rt.RT
19:01:12 PIT >> INFO : MINION : Failed to set JaCoCo session: org.jacoco.agent.rt.RT
19:01:12 PIT >> INFO : MINION : Failed to dump JaCoCo execution data: org.jacoco.agent.rt.RT
19:01:12 PIT >> INFO : MINION : Failed to set JaCoCo session: org.jacoco.agent.rt.RT
19:01:12 PIT >> INFO : MINION : Failed to dump JaCoCo execution data: org.jacoco.agent.rt.RT
19:01:12 PIT >> INFO : MINION : Failed to set JaCoCo session: org.jacoco.agent.rt.RT
19:01:12 PIT >> INFO : MINION : Failed to dump JaCoCo execution data: org.jacoco.agent.rt.RT
19:01:12 PIT >> INFO : MINION : Failed to set JaCoCo session: org.jacoco.agent.rt.RT
19:01:12 PIT >> INFO : MINION : Failed to dump JaCoCo execution data: org.jacoco.agent.rt.RT
19:01:12 PIT >> INFO : MINION : Failed to set JaCoCo session: org.jacoco.agent.rt.RT
19:01:12 PIT >> INFO : MINION : Failed to dump JaCoCo execution data: org.jacoco.agent.rt.RT
19:01:12 PIT >> INFO : MINION : Failed to set JaCoCo session: org.jacoco.agent.rt.RT
19:01:12 PIT >> INFO : MINION : Failed to dump JaCoCo execution data: org.jacoco.agent.rt.RT
19:01:12 PIT >> INFO : MINION : Failed to set JaCoCo session: org.jacoco.agent.rt.RT
19:01:12 PIT >> INFO : MINION : Failed to dump JaCoCo execution data: org.jacoco.agent.rt.RT
19:01:12 PIT >> INFO : MINION : Failed to set JaCoCo session: org.jacoco.agent.rt.RT
19:01:12 PIT >> INFO : MINION : Failed to dump JaCoCo execution data: org.jacoco.agent.rt.RT
19:01:12 PIT >> INFO : MINION : Failed to set JaCoCo session: org.jacoco.agent.rt.RT
19:01:12 PIT >> INFO : MINION : Failed to dump JaCoCo execution data: org.jacoco.agent.rt.RT
19:01:12 PIT >> INFO : MINION : Failed to set JaCoCo session: org.jacoco.agent.rt.RT
19:01:12 PIT >> INFO : MINION : Failed to dump JaCoCo execution data: org.jacoco.agent.rt.RT
19:01:12 PIT >> INFO : MINION : Failed to set JaCoCo session: org.jacoco.agent.rt.RT
19:01:12 PIT >> INFO : MINION : Failed to dump JaCoCo execution data: org.jacoco.agent.rt.RT
19:01:12 PIT >> INFO : MINION : Failed to set JaCoCo session: org.jacoco.agent.rt.RT
19:01:12 PIT >> INFO : MINION : Failed to dump JaCoCo execution data: org.jacoco.agent.rt.RT
19:01:12 PIT >> INFO : MINION : Failed to set JaCoCo session: org.jacoco.agent.rt.RT
19:01:12 PIT >> INFO : MINION : Failed to dump JaCoCo execution data: org.jacoco.agent.rt.RT
19:01:12 PIT >> INFO : MINION : Failed to set JaCoCo session: org.jacoco.agent.rt.RT
19:01:12 PIT >> INFO : MINION : Failed to dump JaCoCo execution data: org.jacoco.agent.rt.RT
19:01:12 PIT >> INFO : MINION : Failed to set JaCoCo session: org.jacoco.agent.rt.RT
19:01:12 PIT >> INFO : MINION : Failed to dump JaCoCo execution data: org.jacoco.agent.rt.RT
19:01:12 PIT >> INFO : MINION : Failed to set JaCoCo session: org.jacoco.agent.rt.RT
19:01:12 PIT >> INFO : MINION : Failed to dump JaCoCo execution data: org.jacoco.agent.rt.RT
19:01:12 PIT >> INFO : MINION : Failed to set JaCoCo session: org.jacoco.agent.rt.RT
19:01:12 PIT >> INFO : MINION : Failed to dump JaCoCo execution data: org.jacoco.agent.rt.RT
19:01:12 PIT >> INFO : MINION : Failed to set JaCoCo session: org.jacoco.agent.rt.RT
19:01:12 PIT >> INFO : MINION : Failed to dump JaCoCo execution data: org.jacoco.agent.rt.RT
19:01:12 PIT >> INFO : MINION : Failed to set JaCoCo session: org.jacoco.agent.rt.RT
19:01:12 PIT >> INFO : MINION : Failed to dump JaCoCo execution data: org.jacoco.agent.rt.RT
19:01:12 PIT >> INFO : MINION : Failed to set JaCoCo session: org.jacoco.agent.rt.RT
19:01:12 PIT >> INFO : MINION : Failed to dump JaCoCo execution data: org.jacoco.agent.rt.RT
19:01:12 PIT >> INFO : MINION : Failed to set JaCoCo session: org.jacoco.agent.rt.RT
19:01:12 PIT >> INFO : MINION : Failed to dump JaCoCo execution data: org.jacoco.agent.rt.RT
19:01:12 PIT >> INFO : MINION : Failed to set JaCoCo session: org.jacoco.agent.rt.RT
19:01:12 PIT >> INFO : MINION : Failed to dump JaCoCo execution data: org.jacoco.agent.rt.RT
19:01:12 PIT >> INFO : MINION : Failed to set JaCoCo session: org.jacoco.agent.rt.RT
19:01:12 PIT >> INFO : MINION : Failed to dump JaCoCo execution data: org.jacoco.agent.rt.RT
19:01:12 PIT >> INFO : MINION : Failed to set JaCoCo session: org.jacoco.agent.rt.RT
19:01:12 PIT >> INFO : MINION : Failed to dump JaCoCo execution data: org.jacoco.agent.rt.RT
19:01:12 PIT >> INFO : MINION : Failed to set JaCoCo session: org.jacoco.agent.rt.RT
19:01:12 PIT >> INFO : MINION : Failed to dump JaCoCo execution data: org.jacoco.agent.rt.RT
19:01:12 PIT >> INFO : MINION : Failed to set JaCoCo session: org.jacoco.agent.rt.RT
19:01:12 PIT >> INFO : MINION : Failed to dump JaCoCo execution data: org.jacoco.agent.rt.RT
19:01:12 PIT >> INFO : MINION : Failed to set JaCoCo session: org.jacoco.agent.rt.RT
19:01:12 PIT >> INFO : MINION : Failed to dump JaCoCo execution data: org.jacoco.agent.rt.RT
19:01:12 PIT >> INFO : MINION : Failed to set JaCoCo session: org.jacoco.agent.rt.RT
19:01:12 PIT >> INFO : MINION : Failed to dump JaCoCo execution data: org.jacoco.agent.rt.RT
19:01:12 PIT >> INFO : MINION : Failed to set JaCoCo session: org.jacoco.agent.rt.RT
19:01:12 PIT >> INFO : MINION : Failed to dump JaCoCo execution data: org.jacoco.agent.rt.RT
19:01:12 PIT >> INFO : MINION : Failed to set JaCoCo session: org.jacoco.agent.rt.RT
19:01:12 PIT >> INFO : MINION : Failed to dump JaCoCo execution data: org.jacoco.agent.rt.RT
19:01:12 PIT >> INFO : MINION : Failed to set JaCoCo session: org.jacoco.agent.rt.RT
19:01:12 PIT >> INFO : MINION : Failed to dump JaCoCo execution data: org.jacoco.agent.rt.RT
19:01:12 PIT >> INFO : MINION : Failed to set JaCoCo session: org.jacoco.agent.rt.RT
19:01:12 PIT >> INFO : MINION : Failed to dump JaCoCo execution data: org.jacoco.agent.rt.RT
19:01:12 PIT >> INFO : MINION : Failed to set JaCoCo session: org.jacoco.agent.rt.RT
19:01:12 PIT >> INFO : MINION : Failed to dump JaCoCo execution data: org.jacoco.agent.rt.RT
19:01:12 PIT >> INFO : MINION : Failed to set JaCoCo session: org.jacoco.agent.rt.RT
19:01:12 PIT >> INFO : MINION : Failed to dump JaCoCo execution data: org.jacoco.agent.rt.RT
19:01:12 PIT >> INFO : MINION : Failed to set JaCoCo session: org.jacoco.agent.rt.RT
19:01:12 PIT >> INFO : MINION : Failed to dump JaCoCo execution data: org.jacoco.agent.rt.RT
19:01:12 PIT >> INFO : MINION : Failed to set JaCoCo session: org.jacoco.agent.rt.RT
19:01:12 PIT >> INFO : MINION : Failed to dump JaCoCo execution data: org.jacoco.agent.rt.RT
19:01:12 PIT >> INFO : MINION : Failed to set JaCoCo session: org.jacoco.agent.rt.RT
19:01:12 PIT >> INFO : MINION : Failed to dump JaCoCo execution data: org.jacoco.agent.rt.RT
19:01:12 PIT >> INFO : MINION : Failed to set JaCoCo session: org.jacoco.agent.rt.RT
19:01:12 PIT >> INFO : MINION : Failed to dump JaCoCo execution data: org.jacoco.agent.rt.RT
19:01:12 PIT >> INFO : MINION : Failed to set JaCoCo session: org.jacoco.agent.rt.RT
19:01:12 PIT >> INFO : MINION : Failed to dump JaCoCo execution data: org.jacoco.agent.rt.RT
19:01:12 PIT >> INFO : MINION : Failed to set JaCoCo session: org.jacoco.agent.rt.RT
19:01:12 PIT >> INFO : MINION : Failed to dump JaCoCo execution data: org.jacoco.agent.rt.RT
19:01:12 PIT >> INFO : MINION : Failed to set JaCoCo session: org.jacoco.agent.rt.RT
19:01:12 PIT >> INFO : MINION : Failed to dump JaCoCo execution data: org.jacoco.agent.rt.RT
19:01:12 PIT >> INFO : MINION : Failed to set JaCoCo session: org.jacoco.agent.rt.RT
19:01:12 PIT >> INFO : MINION : Failed to dump JaCoCo execution data: org.jacoco.agent.rt.RT
19:01:12 PIT >> INFO : MINION : Failed to set JaCoCo session: org.jacoco.agent.rt.RT
19:01:12 PIT >> INFO : MINION : Failed to dump JaCoCo execution data: org.jacoco.agent.rt.RT
19:01:12 PIT >> INFO : MINION : Failed to set JaCoCo session: org.jacoco.agent.rt.RT
19:01:12 PIT >> INFO : MINION : Failed to dump JaCoCo execution data: org.jacoco.agent.rt.RT
19:01:12 PIT >> INFO : MINION : Failed to set JaCoCo session: org.jacoco.agent.rt.RT
19:01:12 PIT >> INFO : MINION : Failed to dump JaCoCo execution data: org.jacoco.agent.rt.RT
19:01:12 PIT >> INFO : MINION : Failed to set JaCoCo session: org.jacoco.agent.rt.RT
19:01:12 PIT >> INFO : MINION : Failed to dump JaCoCo execution data: org.jacoco.agent.rt.RT
19:01:12 PIT >> INFO : MINION : Failed to set JaCoCo session: org.jacoco.agent.rt.RT
19:01:12 PIT >> INFO : MINION : Failed to dump JaCoCo execution data: org.jacoco.agent.rt.RT
19:01:12 PIT >> INFO : MINION : Failed to set JaCoCo session: org.jacoco.agent.rt.RT
19:01:12 PIT >> INFO : MINION : Failed to dump JaCoCo execution data: org.jacoco.agent.rt.RT
19:01:12 PIT >> INFO : MINION : Failed to set JaCoCo session: org.jacoco.agent.rt.RT
19:01:12 PIT >> INFO : MINION : Failed to dump JaCoCo execution data: org.jacoco.agent.rt.RT
19:01:12 PIT >> INFO : MINION : Failed to set JaCoCo session: org.jacoco.agent.rt.RT
19:01:12 PIT >> INFO : MINION : Failed to dump JaCoCo execution data: org.jacoco.agent.rt.RT
19:01:12 PIT >> INFO : MINION : Failed to set JaCoCo session: org.jacoco.agent.rt.RT
19:01:12 PIT >> INFO : MINION : Failed to dump JaCoCo execution data: org.jacoco.agent.rt.RT
19:01:12 PIT >> INFO : MINION : Failed to set JaCoCo session: org.jacoco.agent.rt.RT
19:01:12 PIT >> INFO : MINION : Failed to dump JaCoCo execution data: org.jacoco.agent.rt.RT
19:01:12 PIT >> INFO : MINION : Failed to set JaCoCo session: org.jacoco.agent.rt.RT
19:01:12 PIT >> INFO : MINION : Failed to dump JaCoCo execution data: org.jacoco.agent.rt.RT
19:01:12 PIT >> INFO : MINION : Failed to set JaCoCo session: org.jacoco.agent.rt.RT
19:01:12 PIT >> INFO : MINION : Failed to dump JaCoCo execution data: org.jacoco.agent.rt.RT
19:01:12 PIT >> INFO : MINION : Failed to set JaCoCo session: org.jacoco.agent.rt.RT
19:01:12 PIT >> INFO : MINION : Failed to dump JaCoCo execution data: org.jacoco.agent.rt.RT
19:01:12 PIT >> INFO : MINION : Failed to set JaCoCo session: org.jacoco.agent.rt.RT
19:01:12 PIT >> INFO : MINION : Failed to dump JaCoCo execution data: org.jacoco.agent.rt.RT
19:01:12 PIT >> INFO : MINION : Failed to set JaCoCo session: org.jacoco.agent.rt.RT
19:01:12 PIT >> INFO : MINION : Failed to dump JaCoCo execution data: org.jacoco.agent.rt.RT
19:01:12 PIT >> INFO : MINION : Failed to set JaCoCo session: org.jacoco.agent.rt.RT
19:01:12 PIT >> INFO : MINION : Failed to dump JaCoCo execution data: org.jacoco.agent.rt.RT
19:01:12 PIT >> INFO : MINION : Failed to set JaCoCo session: org.jacoco.agent.rt.RT
19:01:12 PIT >> INFO : MINION : Failed to dump JaCoCo execution data: org.jacoco.agent.rt.RT
19:01:12 PIT >> INFO : MINION : Failed to set JaCoCo session: org.jacoco.agent.rt.RT
19:01:12 PIT >> INFO : MINION : Failed to dump JaCoCo execution data: org.jacoco.agent.rt.RT
19:01:12 PIT >> INFO : MINION : Failed to set JaCoCo session: org.jacoco.agent.rt.RT
19:01:12 PIT >> INFO : MINION : Failed to dump JaCoCo execution data: org.jacoco.agent.rt.RT
19:01:12 PIT >> INFO : MINION : Failed to set JaCoCo session: org.jacoco.agent.rt.RT
19:01:12 PIT >> INFO : MINION : Failed to dump JaCoCo execution data: org.jacoco.agent.rt.RT
19:01:12 PIT >> INFO : MINION : Failed to set JaCoCo session: org.jacoco.agent.rt.RT
19:01:12 PIT >> INFO : MINION : Failed to dump JaCoCo execution data: org.jacoco.agent.rt.RT
19:01:12 PIT >> INFO : MINION : Failed to set JaCoCo session: org.jacoco.agent.rt.RT
19:01:12 PIT >> INFO : MINION : Failed to dump JaCoCo execution data: org.jacoco.agent.rt.RT
19:01:12 PIT >> INFO : MINION : Failed to set JaCoCo session: org.jacoco.agent.rt.RT
19:01:12 PIT >> INFO : MINION : Failed to dump JaCoCo execution data: org.jacoco.agent.rt.RT
19:01:12 PIT >> INFO : MINION : Failed to set JaCoCo session: org.jacoco.agent.rt.RT
19:01:12 PIT >> INFO : MINION : Failed to dump JaCoCo execution data: org.jacoco.agent.rt.RT
19:01:12 PIT >> INFO : MINION : Failed to set JaCoCo session: org.jacoco.agent.rt.RT
19:01:12 PIT >> INFO : MINION : Failed to dump JaCoCo execution data: org.jacoco.agent.rt.RT
19:01:12 PIT >> INFO : MINION : Failed to set JaCoCo session: org.jacoco.agent.rt.RT
19:01:12 PIT >> INFO : MINION : Failed to dump JaCoCo execution data: org.jacoco.agent.rt.RT
19:01:12 PIT >> INFO : MINION : Failed to set JaCoCo session: org.jacoco.agent.rt.RT
19:01:12 PIT >> INFO : MINION : Failed to dump JaCoCo execution data: org.jacoco.agent.rt.RT
19:01:12 PIT >> INFO : MINION : Failed to set JaCoCo session: org.jacoco.agent.rt.RT
19:01:12 PIT >> INFO : MINION : Failed to dump JaCoCo execution data: org.jacoco.agent.rt.RT
19:01:12 PIT >> INFO : MINION : Failed to set JaCoCo session: org.jacoco.agent.rt.RT
19:01:12 PIT >> INFO : MINION : Failed to dump JaCoCo execution data: org.jacoco.agent.rt.RT
19:01:12 PIT >> INFO : MINION : Failed to set JaCoCo session: org.jacoco.agent.rt.RT
19:01:12 PIT >> INFO : MINION : Failed to dump JaCoCo execution data: org.jacoco.agent.rt.RT
19:01:12 PIT >> INFO : MINION : Failed to set JaCoCo session: org.jacoco.agent.rt.RT
19:01:12 PIT >> INFO : MINION : Failed to dump JaCoCo execution data: org.jacoco.agent.rt.RT
19:01:12 PIT >> INFO : MINION : Failed to set JaCoCo session: org.jacoco.agent.rt.RT
19:01:12 PIT >> INFO : MINION : Failed to dump JaCoCo execution data: org.jacoco.agent.rt.RT
19:01:12 PIT >> INFO : MINION : Failed to set JaCoCo session: org.jacoco.agent.rt.RT
19:01:12 PIT >> INFO : MINION : Failed to dump JaCoCo execution data: org.jacoco.agent.rt.RT
19:01:12 PIT >> INFO : MINION : Failed to set JaCoCo session: org.jacoco.agent.rt.RT
19:01:12 PIT >> INFO : MINION : Failed to dump JaCoCo execution data: org.jacoco.agent.rt.RT
19:01:12 PIT >> INFO : MINION : Failed to set JaCoCo session: org.jacoco.agent.rt.RT
19:01:12 PIT >> INFO : MINION : Failed to dump JaCoCo execution data: org.jacoco.agent.rt.RT
19:01:12 PIT >> INFO : MINION : Failed to set JaCoCo session: org.jacoco.agent.rt.RT
19:01:12 PIT >> INFO : MINION : Failed to dump JaCoCo execution data: org.jacoco.agent.rt.RT
19:01:12 PIT >> INFO : MINION : Failed to set JaCoCo session: org.jacoco.agent.rt.RT
19:01:12 PIT >> INFO : MINION : Failed to dump JaCoCo execution data: org.jacoco.agent.rt.RT
19:01:12 PIT >> INFO : MINION : Failed to set JaCoCo session: org.jacoco.agent.rt.RT
19:01:12 PIT >> INFO : MINION : Failed to dump JaCoCo execution data: org.jacoco.agent.rt.RT
19:01:12 PIT >> INFO : MINION : Failed to set JaCoCo session: org.jacoco.agent.rt.RT
19:01:12 PIT >> INFO : MINION : Failed to dump JaCoCo execution data: org.jacoco.agent.rt.RT
19:01:12 PIT >> INFO : MINION : Failed to set JaCoCo session: org.jacoco.agent.rt.RT
19:01:12 PIT >> INFO : MINION : Failed to dump JaCoCo execution data: org.jacoco.agent.rt.RT
19:01:12 PIT >> INFO : MINION : Failed to set JaCoCo session: org.jacoco.agent.rt.RT
19:01:12 PIT >> INFO : MINION : Failed to dump JaCoCo execution data: org.jacoco.agent.rt.RT
19:01:12 PIT >> INFO : MINION : Failed to set JaCoCo session: org.jacoco.agent.rt.RT
19:01:12 PIT >> INFO : MINION : Failed to dump JaCoCo execution data: org.jacoco.agent.rt.RT
19:01:12 PIT >> INFO : MINION : Failed to set JaCoCo session: org.jacoco.agent.rt.RT
19:01:12 PIT >> INFO : MINION : Failed to dump JaCoCo execution data: org.jacoco.agent.rt.RT
19:01:12 PIT >> INFO : MINION : Failed to set JaCoCo session: org.jacoco.agent.rt.RT
19:01:12 PIT >> INFO : MINION : Failed to dump JaCoCo execution data: org.jacoco.agent.rt.RT
19:01:12 PIT >> INFO : MINION : Failed to set JaCoCo session: org.jacoco.agent.rt.RT
19:01:12 PIT >> INFO : MINION : Failed to dump JaCoCo execution data: org.jacoco.agent.rt.RT
19:01:12 PIT >> INFO : MINION : Failed to set JaCoCo session: org.jacoco.agent.rt.RT
19:01:12 PIT >> INFO : MINION : Failed to dump JaCoCo execution data: org.jacoco.agent.rt.RT
19:01:12 PIT >> INFO : MINION : Failed to set JaCoCo session: org.jacoco.agent.rt.RT
19:01:12 PIT >> INFO : MINION : Failed to dump JaCoCo execution data: org.jacoco.agent.rt.RT
19:01:12 PIT >> INFO : MINION : Failed to set JaCoCo session: org.jacoco.agent.rt.RT
19:01:12 PIT >> INFO : MINION : Failed to dump JaCoCo execution data: org.jacoco.agent.rt.RT
19:01:12 PIT >> INFO : MINION : Failed to set JaCoCo session: org.jacoco.agent.rt.RT
19:01:12 PIT >> INFO : MINION : Failed to dump JaCoCo execution data: org.jacoco.agent.rt.RT
19:01:12 PIT >> INFO : MINION : Failed to set JaCoCo session: org.jacoco.agent.rt.RT
19:01:12 PIT >> INFO : MINION : Failed to dump JaCoCo execution data: org.jacoco.agent.rt.RT
19:01:12 PIT >> INFO : MINION : Failed to set JaCoCo session: org.jacoco.agent.rt.RT
19:01:12 PIT >> INFO : MINION : Failed to dump JaCoCo execution data: org.jacoco.agent.rt.RT
19:01:12 PIT >> INFO : MINION : Failed to set JaCoCo session: org.jacoco.agent.rt.RT
19:01:12 PIT >> INFO : MINION : Failed to dump JaCoCo execution data: org.jacoco.agent.rt.RT
19:01:12 PIT >> INFO : MINION : Failed to set JaCoCo session: org.jacoco.agent.rt.RT
19:01:12 PIT >> INFO : MINION : Failed to dump JaCoCo execution data: org.jacoco.agent.rt.RT
19:01:12 PIT >> INFO : MINION : Failed to set JaCoCo session: org.jacoco.agent.rt.RT
19:01:12 PIT >> INFO : MINION : Failed to dump JaCoCo execution data: org.jacoco.agent.rt.RT
19:01:12 PIT >> INFO : MINION : Failed to set JaCoCo session: org.jacoco.agent.rt.RT
19:01:12 PIT >> INFO : MINION : Failed to dump JaCoCo execution data: org.jacoco.agent.rt.RT
19:01:12 PIT >> INFO : MINION : Failed to set JaCoCo session: org.jacoco.agent.rt.RT
19:01:12 PIT >> INFO : MINION : Failed to dump JaCoCo execution data: org.jacoco.agent.rt.RT
19:01:12 PIT >> INFO : MINION : Failed to set JaCoCo session: org.jacoco.agent.rt.RT
19:01:12 PIT >> INFO : MINION : Failed to dump JaCoCo execution data: org.jacoco.agent.rt.RT
19:01:12 PIT >> INFO : MINION : Failed to set JaCoCo session: org.jacoco.agent.rt.RT
19:01:12 PIT >> INFO : MINION : Failed to dump JaCoCo execution data: org.jacoco.agent.rt.RT
19:01:12 PIT >> INFO : MINION : Failed to set JaCoCo session: org.jacoco.agent.rt.RT
19:01:12 PIT >> INFO : MINION : Failed to dump JaCoCo execution data: org.jacoco.agent.rt.RT
19:01:12 PIT >> INFO : MINION : Failed to set JaCoCo session: org.jacoco.agent.rt.RT
19:01:12 PIT >> INFO : MINION : Failed to dump JaCoCo execution data: org.jacoco.agent.rt.RT
19:01:12 PIT >> INFO : MINION : Failed to set JaCoCo session: org.jacoco.agent.rt.RT
19:01:12 PIT >> INFO : MINION : Failed to dump JaCoCo execution data: org.jacoco.agent.rt.RT
19:01:12 PIT >> INFO : MINION : Failed to set JaCoCo session: org.jacoco.agent.rt.RT
19:01:12 PIT >> INFO : MINION : Failed to dump JaCoCo execution data: org.jacoco.agent.rt.RT
19:01:12 PIT >> INFO : MINION : Failed to set JaCoCo session: org.jacoco.agent.rt.RT
19:01:12 PIT >> INFO : MINION : Failed to dump JaCoCo execution data: org.jacoco.agent.rt.RT
19:01:12 PIT >> INFO : MINION : Failed to set JaCoCo session: org.jacoco.agent.rt.RT
19:01:12 PIT >> INFO : MINION : Failed to dump JaCoCo execution data: org.jacoco.agent.rt.RT
19:01:12 PIT >> INFO : MINION : Failed to set JaCoCo session: org.jacoco.agent.rt.RT
19:01:12 PIT >> INFO : MINION : Failed to dump JaCoCo execution data: org.jacoco.agent.rt.RT
19:01:12 PIT >> INFO : MINION : Failed to set JaCoCo session: org.jacoco.agent.rt.RT
19:01:12 PIT >> INFO : MINION : Failed to dump JaCoCo execution data: org.jacoco.agent.rt.RT
19:01:12 PIT >> INFO : MINION : Failed to set JaCoCo session: org.jacoco.agent.rt.RT
19:01:12 PIT >> INFO : MINION : Failed to dump JaCoCo execution data: org.jacoco.agent.rt.RT
19:01:12 PIT >> INFO : MINION : Failed to set JaCoCo session: org.jacoco.agent.rt.RT
19:01:12 PIT >> INFO : MINION : Failed to dump JaCoCo execution data: org.jacoco.agent.rt.RT
19:01:12 PIT >> INFO : MINION : Failed to set JaCoCo session: org.jacoco.agent.rt.RT
19:01:12 PIT >> INFO : MINION : Failed to dump JaCoCo execution data: org.jacoco.agent.rt.RT
19:01:12 PIT >> INFO : MINION : Failed to set JaCoCo session: org.jacoco.agent.rt.RT
19:01:12 PIT >> INFO : MINION : Failed to dump JaCoCo execution data: org.jacoco.agent.rt.RT
19:01:12 PIT >> INFO : MINION : Failed to set JaCoCo session: org.jacoco.agent.rt.RT
19:01:12 PIT >> INFO : MINION : Failed to dump JaCoCo execution data: org.jacoco.agent.rt.RT
19:01:12 PIT >> INFO : MINION : Failed to set JaCoCo session: org.jacoco.agent.rt.RT
19:01:12 PIT >> INFO : MINION : Failed to dump JaCoCo execution data: org.jacoco.agent.rt.RT
19:01:12 PIT >> INFO : MINION : Failed to set JaCoCo session: org.jacoco.agent.rt.RT
19:01:12 PIT >> INFO : MINION : Failed to dump JaCoCo execution data: org.jacoco.agent.rt.RT
19:01:12 PIT >> INFO : MINION : Failed to set JaCoCo session: org.jacoco.agent.rt.RT
19:01:12 PIT >> INFO : MINION : Failed to dump JaCoCo execution data: org.jacoco.agent.rt.RT
19:01:12 PIT >> INFO : Calculated coverage in 1 seconds.
19:01:12 PIT >> INFO : Created 1 mutation test units
19:01:15 PIT >> INFO : Completed in 3 seconds
