Picked up JAVA_TOOL_OPTIONS: -XX:ActiveProcessorCount=1
19:21:44 PIT >> INFO : Verbose logging is disabled. If you encounter a problem, please enable it before reporting an issue.
19:21:44 PIT >> INFO : Created 1 mutation test units in pre scan
19:21:45 PIT >> INFO : MINION : Picked up JAVA_TOOL_OPTIONS: -XX:ActiveProcessorCount=1
19:21:45 PIT >> INFO : Sending 38 test classes to minion
19:21:45 PIT >> INFO : Sent tests to minion
19:21:45 PIT >> SEVERE : Coverage generator Minion exited abnormally due to UNKNOWN_ERROR
Exception in thread "main" org.pitest.util.PitError: Coverage generation minion exited abnormally! (UNKNOWN_ERROR)

Please copy and paste the information and the complete stacktrace below when reporting an issue
VM : OpenJDK 64-Bit Server VM
Vendor : SAP SE
Version : 21.0.12.1+1-LTS
Uptime : 812
Input -> 
 1 : -XX:ActiveProcessorCount=1
BootClassPathSupported : false


Please copy and paste the information and the complete stacktrace below when reporting an issue
VM : OpenJDK 64-Bit Server VM
Vendor : SAP SE
Version : 21.0.12.1+1-LTS
Uptime : 812
Input -> 
 1 : -XX:ActiveProcessorCount=1
BootClassPathSupported : false

	at org.pitest.util.Unchecked.translateCheckedException(Unchecked.java:20)
	at org.pitest.coverage.execute.DefaultCoverageGenerator.calculateCoverage(DefaultCoverageGenerator.java:118)
	at org.pitest.coverage.execute.DefaultCoverageGenerator.calculateCoverage(DefaultCoverageGenerator.java:53)
	at org.pitest.mutationtest.tooling.MutationCoverage.runAnalysis(MutationCoverage.java:158)
	at org.pitest.mutationtest.tooling.MutationCoverage.runReport(MutationCoverage.java:145)
	at org.pitest.mutationtest.tooling.EntryPoint.execute(EntryPoint.java:138)
	at org.pitest.mutationtest.tooling.EntryPoint.execute(EntryPoint.java:64)
	at org.pitest.mutationtest.commandline.MutationCoverageReport.runReport(MutationCoverageReport.java:98)
	at org.pitest.mutationtest.commandline.MutationCoverageReport.main(MutationCoverageReport.java:45)
Caused by: org.pitest.util.PitError: Coverage generation minion exited abnormally! (UNKNOWN_ERROR)

Please copy and paste the information and the complete stacktrace below when reporting an issue
VM : OpenJDK 64-Bit Server VM
Vendor : SAP SE
Version : 21.0.12.1+1-LTS
Uptime : 812
Input -> 
 1 : -XX:ActiveProcessorCount=1
BootClassPathSupported : false

	at org.pitest.coverage.execute.DefaultCoverageGenerator.gatherCoverageData(DefaultCoverageGenerator.java:157)
	at org.pitest.coverage.execute.DefaultCoverageGenerator.calculateCoverage(DefaultCoverageGenerator.java:101)
	... 7 more
