org.springframework.core.SerializableTypeWrapper: FAILED (0 mutations, targetTests=org.springframework.core.*)
org.springframework.core.annotation.RepeatableContainers: OK (13 mutations, targetTests=org.springframework.core.annotation.*)
org.springframework.core.codec.AbstractDataBufferDecoder: OK (6 mutations, targetTests=org.springframework.core.codec.*)
org.springframework.core.convert.TypeDescriptor: OK (125 mutations, targetTests=org.springframework.core.convert.*)
org.springframework.core.convert.converter.ConvertingComparator: OK (5 mutations, targetTests=org.springframework.core.convert.*)
org.springframework.core.convert.support.GenericConversionService: OK (62 mutations, targetTests=org.springframework.core.convert.*)
org.springframework.core.env.PropertySource: OK (13 mutations, targetTests=org.springframework.core.env.*)
org.springframework.core.io.AbstractResource: FAILED (0 mutations, targetTests=org.springframework.core.io.*)
org.springframework.core.io.buffer.DataBufferUtils: FAILED (0 mutations, targetTests=org.springframework.core.io.*)
org.springframework.core.io.support.PathMatchingResourcePatternResolver: FAILED (0 mutations, targetTests=org.springframework.core.io.*)
org.springframework.core.log.LogMessage: OK (11 mutations, targetTests=org.springframework.core.log.*)
org.springframework.core.style.DefaultValueStyler: OK (37 mutations, targetTests=org.springframework.core.style.*)
org.springframework.core.task.SimpleAsyncTaskExecutor: OK (44 mutations, targetTests=org.springframework.core.task.*)
org.springframework.core.type.StandardClassMetadata: OK (28 mutations, targetTests=org.springframework.core.type.*)
org.springframework.core.type.classreading.SimpleAnnotationMetadata: OK (31 mutations, targetTests=org.springframework.core.type.*)
org.springframework.core.type.filter.AbstractTypeHierarchyTraversingFilter: OK (26 mutations, targetTests=org.springframework.core.type.*)
org.springframework.util.Assert: OK (64 mutations, targetTests=org.springframework.util.*)
org.springframework.util.backoff.ExponentialBackOff: OK (13 mutations, targetTests=org.springframework.util.*)
org.springframework.util.concurrent.ListenableFutureCallbackRegistry: OK (14 mutations, targetTests=org.springframework.util.*)
org.springframework.util.function.ThrowingConsumer: OK (5 mutations, targetTests=org.springframework.util.*)
org.springframework.util.unit.DataSize: OK (33 mutations, targetTests=org.springframework.util.*)
org.springframework.util.xml.AbstractStaxXMLReader: OK (27 mutations, targetTests=org.springframework.util.*)
