PASS: two replay exports/comparisons and six-subject byte preservation
PASS: README values and replay rows regenerated from included evidence
1 evaluator-tests 0
1 runner-tests 0
1 runner-help 0
1 self-commons-lang 0
1 plan-commons-lang 0
1 self-jgrapht 0
1 plan-jgrapht 0
1 self-spring-core 0
1 plan-spring-core 0
1 self-petclinic 0
1 plan-petclinic 0
1 self-flink 0
1 plan-flink 0
1 self-spring-security 0
1 plan-spring-security 0
1 self-hibernate 0
1 plan-hibernate 0
1 self-quarkus 0
1 plan-quarkus 0
1 fresh-jgrapht 0
1 fresh-spring-core 0
1 reproduce 0
2 evaluator-tests 0
2 runner-tests 0
2 runner-help 0
2 self-commons-lang 0
2 plan-commons-lang 0
2 self-jgrapht 0
2 plan-jgrapht 0
2 self-spring-core 0
2 plan-spring-core 0
2 self-petclinic 0
2 plan-petclinic 0
2 self-flink 0
2 plan-flink 0
2 self-spring-security 0
2 plan-spring-security 0
2 self-hibernate 0
2 plan-hibernate 0
2 self-quarkus 0
2 plan-quarkus 0
2 fresh-jgrapht 0
2 fresh-spring-core 0
2 regenerate 0
2 reproduce 0
PASS: exact ZIP verified twice from fresh extractions, including documented write/verify and failure guard
