Project commit: 093b0c5ea006
[Skip] Using 2309 existing .exec files
[Generate per-test XML reports] Running...
[Generate per-test XML reports] FAILED (42s)
om build-snapshots-cx-commerce-maven: https://common.repositories.cloud.sap/artifactory/build-snapshots-cx-commerce-maven/com/sap/oss/smart-test-picker/smart-test-picker-common/0.2.0/smart-test-picker-common-0.2.0.pom
Downloading from sap-deploy-releases: https://common.repositories.cloud.sap/artifactory/deploy.releases/com/sap/oss/smart-test-picker/smart-test-picker-common/0.2.0/smart-test-picker-common-0.2.0.pom
Downloading from int-build-releases: https://int.repositories.cloud.sap/artifactory/build-releases/com/sap/oss/smart-test-picker/smart-test-picker-common/0.2.0/smart-test-picker-common-0.2.0.pom
Downloading from central: https://repo.maven.apache.org/maven2/com/sap/oss/smart-test-picker/smart-test-picker-common/0.2.0/smart-test-picker-common-0.2.0.pom
[INFO] ------------------------------------------------------------------------
[INFO] BUILD FAILURE
[INFO] ------------------------------------------------------------------------
[INFO] Total time:  39.045 s
[INFO] Finished at: 2026-10-04T10:57:40+02:00
[INFO] ------------------------------------------------------------------------
[ERROR] Failed to execute goal com.sap.oss.smart-test-picker:smart-test-picker-maven:0.1.0:generate-reports (default-cli) on project jgrapht-core: Execution default-cli of goal com.sap.oss.smart-test-picker:smart-test-picker-maven:0.1.0:generate-reports failed: Plugin com.sap.oss.smart-test-picker:smart-test-picker-maven:0.1.0 or one of its dependencies could not be resolved:
[ERROR] 	Failed to read artifact descriptor for com.sap.oss.smart-test-picker:smart-test-picker-common:jar:0.2.0
[ERROR] 
[ERROR] -> [Help 1]
[ERROR] 
[ERROR] To see the full stack trace of the errors, re-run Maven with the -e switch.
[ERROR] Re-run Maven using the -X switch to enable full debug logging.
[ERROR] 
[ERROR] For more information about the errors and possible solutions, please read the following articles:
[ERROR] [Help 1] http://cwiki.apache.org/confluence/display/MAVEN/PluginResolutionException

