Picked up JAVA_TOOL_OPTIONS: -XX:ActiveProcessorCount=5
To honour the JVM settings for this build a single-use Daemon process will be forked. For more on this, please refer to https://docs.gradle.org/8.14.2/userguide/gradle_daemon.html#sec:disabling_the_daemon in the Gradle documentation.
Daemon will be stopped at the end of the build
> Task :buildSrc:compileJava UP-TO-DATE
> Task :buildSrc:compileGroovy NO-SOURCE
> Task :buildSrc:pluginDescriptors UP-TO-DATE
> Task :buildSrc:processResources UP-TO-DATE
> Task :buildSrc:classes UP-TO-DATE
> Task :buildSrc:jar UP-TO-DATE

> Configure project :spring-core
[SmartTestPickerPlugin] Plugin applied.
[SmartTestPicker] selected-tests.json not found — running full suite. Run selectTests first.

> Task :spring-core:generateTestCoverageJson
Generated test coverage map: /private/tmp/recollect-spring-core/spring-core/build/test-coverage-map.json (3638 tests, commitId: 25838a334c037b68e614f6b571af03a1f6bfec19)

[Incubating] Problems report is available at: file:///private/tmp/recollect-spring-core/build/reports/problems/problems-report.html

Deprecated Gradle features were used in this build, making it incompatible with Gradle 9.0.

You can use '--warning-mode all' to show the individual deprecation warnings and determine if they come from your own scripts or plugins.

For more on this, please refer to https://docs.gradle.org/8.14.2/userguide/command_line_interface.html#sec:command_line_warnings in the Gradle documentation.

BUILD SUCCESSFUL in 1m 17s
5 actionable tasks: 1 executed, 4 up-to-date
