13:09:02 PIT >> INFO : Verbose logging is disabled. If you encounter a problem, please enable it before reporting an issue.
13:09:02 PIT >> INFO : Created 1 mutation test units in pre scan
13:09:03 PIT >> INFO : MINION : WARNING: Unknown module: org.jgrapht.core specified to --add-opens
13:09:03 PIT >> INFO : MINION : WARNING: Unknown module: org.jgrapht.core specified to --add-opens
13:09:03 PIT >> INFO : MINION : WARNING: Unknown module: org.jgrapht.core specified to --add-opens
13:09:03 PIT >> INFO : MINION : WARNING: Unknown module: org.jgrapht.core specified to --add-opens
13:09:03 PIT >> INFO : MINION : WARNING: Unknown module: org.jgrapht.core specified to --add-opens
13:09:03 PIT >> INFO : MINION : WARNING: Unknown module: org.jgrapht.core specified to --add-opens
13:09:03 PIT >> INFO : MINION : WARNING: Unknown module: org.jgrapht.core specified to --add-opens
13:09:03 PIT >> INFO : MINION : WARNING: Unknown module: org.jgrapht.core specified to --add-opens
13:09:03 PIT >> INFO : MINION : WARNING: Unknown module: org.jgrapht.core specified to --add-opens
13:09:03 PIT >> INFO : MINION : WARNING: Unknown module: org.jgrapht.core specified to --add-opens
13:09:03 PIT >> INFO : MINION : WARNING: Unknown module: org.jgrapht.core specified to --add-opens
13:09:03 PIT >> INFO : MINION : WARNING: Unknown module: org.jgrapht.core specified to --add-opens
13:09:03 PIT >> INFO : MINION : WARNING: Unknown module: org.jgrapht.core specified to --add-opens
13:09:03 PIT >> INFO : MINION : WARNING: Unknown module: org.jgrapht.core specified to --add-opens
13:09:03 PIT >> INFO : MINION : WARNING: Unknown module: org.jgrapht.core specified to --add-opens
13:09:03 PIT >> INFO : MINION : WARNING: Unknown module: org.jgrapht.core specified to --add-opens
13:09:03 PIT >> INFO : MINION : WARNING: Unknown module: org.jgrapht.core specified to --add-opens
13:09:03 PIT >> INFO : MINION : WARNING: Unknown module: org.jgrapht.core specified to --add-opens
13:09:03 PIT >> INFO : MINION : WARNING: Unknown module: org.jgrapht.core specified to --add-opens
13:09:03 PIT >> INFO : MINION : WARNING: Unknown module: org.jgrapht.core specified to --add-opens
13:09:03 PIT >> INFO : MINION : WARNING: Unknown module: org.jgrapht.core specified to --add-opens
13:09:03 PIT >> INFO : MINION : WARNING: Unknown module: org.jgrapht.core specified to --add-opens
13:09:03 PIT >> INFO : MINION : WARNING: Unknown module: org.jgrapht.core specified to --add-opens
13:09:03 PIT >> INFO : MINION : WARNING: Unknown module: org.jgrapht.core specified to --add-opens
13:09:03 PIT >> INFO : MINION : WARNING: Unknown module: org.jgrapht.core specified to --add-opens
13:09:03 PIT >> INFO : MINION : WARNING: Unknown module: org.jgrapht.core specified to --add-opens
13:09:03 PIT >> INFO : MINION : WARNING: Unknown module: org.jgrapht.core specified to --add-opens
13:09:03 PIT >> INFO : MINION : WARNING: Unknown module: org.jgrapht.core specified to --add-opens
13:09:03 PIT >> INFO : MINION : WARNING: Unknown module: org.jgrapht.core specified to --add-opens
13:09:03 PIT >> INFO : MINION : WARNING: Unknown module: org.jgrapht.core specified to --add-opens
13:09:03 PIT >> INFO : Sending 124 test classes to minion
13:09:03 PIT >> INFO : Sent tests to minion
13:09:04 PIT >> INFO : Calculated coverage in 1 seconds.
13:09:04 PIT >> INFO : Created 1 mutation test units
13:09:15 PIT >> WARNING : Minion exited abnormally due to TIMED_OUT
13:09:26 PIT >> WARNING : Minion exited abnormally due to TIMED_OUT
13:09:37 PIT >> WARNING : Minion exited abnormally due to TIMED_OUT
13:09:38 PIT >> INFO : Completed in 36 seconds
