10:14:21 PIT >> INFO : Verbose logging is disabled. If you encounter a problem, please enable it before reporting an issue.
10:14:21 PIT >> INFO : Created 1 mutation test units in pre scan
10:14:21 PIT >> INFO : MINION : WARNING: Unknown module: org.jgrapht.core specified to --add-opens
10:14:21 PIT >> INFO : MINION : WARNING: Unknown module: org.jgrapht.core specified to --add-opens
10:14:21 PIT >> INFO : MINION : WARNING: Unknown module: org.jgrapht.core specified to --add-opens
10:14:21 PIT >> INFO : MINION : WARNING: Unknown module: org.jgrapht.core specified to --add-opens
10:14:21 PIT >> INFO : MINION : WARNING: Unknown module: org.jgrapht.core specified to --add-opens
10:14:21 PIT >> INFO : MINION : WARNING: Unknown module: org.jgrapht.core specified to --add-opens
10:14:21 PIT >> INFO : MINION : WARNING: Unknown module: org.jgrapht.core specified to --add-opens
10:14:21 PIT >> INFO : MINION : WARNING: Unknown module: org.jgrapht.core specified to --add-opens
10:14:21 PIT >> INFO : MINION : WARNING: Unknown module: org.jgrapht.core specified to --add-opens
10:14:21 PIT >> INFO : MINION : WARNING: Unknown module: org.jgrapht.core specified to --add-opens
10:14:21 PIT >> INFO : MINION : WARNING: Unknown module: org.jgrapht.core specified to --add-opens
10:14:21 PIT >> INFO : MINION : WARNING: Unknown module: org.jgrapht.core specified to --add-opens
10:14:21 PIT >> INFO : MINION : WARNING: Unknown module: org.jgrapht.core specified to --add-opens
10:14:21 PIT >> INFO : MINION : WARNING: Unknown module: org.jgrapht.core specified to --add-opens
10:14:21 PIT >> INFO : MINION : WARNING: Unknown module: org.jgrapht.core specified to --add-opens
10:14:21 PIT >> INFO : MINION : WARNING: Unknown module: org.jgrapht.core specified to --add-opens
10:14:21 PIT >> INFO : MINION : WARNING: Unknown module: org.jgrapht.core specified to --add-opens
10:14:21 PIT >> INFO : MINION : WARNING: Unknown module: org.jgrapht.core specified to --add-opens
10:14:21 PIT >> INFO : MINION : WARNING: Unknown module: org.jgrapht.core specified to --add-opens
10:14:21 PIT >> INFO : MINION : WARNING: Unknown module: org.jgrapht.core specified to --add-opens
10:14:21 PIT >> INFO : MINION : WARNING: Unknown module: org.jgrapht.core specified to --add-opens
10:14:21 PIT >> INFO : MINION : WARNING: Unknown module: org.jgrapht.core specified to --add-opens
10:14:21 PIT >> INFO : MINION : WARNING: Unknown module: org.jgrapht.core specified to --add-opens
10:14:21 PIT >> INFO : MINION : WARNING: Unknown module: org.jgrapht.core specified to --add-opens
10:14:21 PIT >> INFO : MINION : WARNING: Unknown module: org.jgrapht.core specified to --add-opens
10:14:21 PIT >> INFO : MINION : WARNING: Unknown module: org.jgrapht.core specified to --add-opens
10:14:21 PIT >> INFO : MINION : WARNING: Unknown module: org.jgrapht.core specified to --add-opens
10:14:21 PIT >> INFO : MINION : WARNING: Unknown module: org.jgrapht.core specified to --add-opens
10:14:21 PIT >> INFO : MINION : WARNING: Unknown module: org.jgrapht.core specified to --add-opens
10:14:21 PIT >> INFO : MINION : WARNING: Unknown module: org.jgrapht.core specified to --add-opens
10:14:21 PIT >> INFO : Sending 19 test classes to minion
10:14:21 PIT >> INFO : Sent tests to minion
10:14:29 PIT >> INFO : Calculated coverage in 8 seconds.
10:14:29 PIT >> INFO : Created 1 mutation test units
10:14:30 PIT >> INFO : Completed in 9 seconds
