To honour the JVM settings for this build a single-use Daemon process will be forked. For more on this, please refer to https://docs.gradle.org/9.7.0/userguide/gradle_daemon.html#sec:disabling_the_daemon in the Gradle documentation.
Daemon will be stopped at the end of the build
> Task :buildSrc:extractPluginRequests UP-TO-DATE
> Task :buildSrc:generatePluginAdapters UP-TO-DATE
> Task :buildSrc:compileJava UP-TO-DATE
> Task :buildSrc:compileGroovy UP-TO-DATE
> Task :buildSrc:compileGroovyPlugins UP-TO-DATE
> Task :buildSrc:pluginDescriptors UP-TO-DATE
> Task :buildSrc:processResources UP-TO-DATE
> Task :buildSrc:classes UP-TO-DATE
> Task :buildSrc:jar UP-TO-DATE
> Task :spring-security-core:checkKotlinGradlePluginConfigurationErrors SKIPPED
> Task :spring-security-core:springVersion UP-TO-DATE
> Task :spring-security-core:processResources UP-TO-DATE
> Task :spring-security-core:processTestResources UP-TO-DATE
> Task :spring-security-crypto:compileJava UP-TO-DATE
> Task :spring-security-crypto:processResources NO-SOURCE
> Task :spring-security-crypto:classes UP-TO-DATE
> Task :spring-security-crypto:jar UP-TO-DATE
> Task :spring-security-core:compileKotlin NO-SOURCE
> Task :spring-security-core:compileJava UP-TO-DATE
> Task :spring-security-core:classes UP-TO-DATE
> Task :spring-security-core:jar UP-TO-DATE
> Task :spring-security-core:compileTestKotlin UP-TO-DATE
> Task :spring-security-core:compileTestJava UP-TO-DATE
> Task :spring-security-core:testClasses UP-TO-DATE

> Task :spring-security-core:pitest
================================================================================
- Mutators
================================================================================
> org.pitest.mutationtest.engine.gregor.mutators.VoidMethodCallMutator
>> Generated 21 Killed 16 (76%)
> KILLED 16 SURVIVED 5 TIMED_OUT 0 NON_VIABLE 0
> MEMORY_ERROR 0 NOT_STARTED 0 STARTED 0 RUN_ERROR 0
> NO_COVERAGE 0
--------------------------------------------------------------------------------
> org.pitest.mutationtest.engine.gregor.mutators.RemoveConditionalMutator_EQUAL_ELSE
>> Generated 5 Killed 5 (100%)
> KILLED 5 SURVIVED 0 TIMED_OUT 0 NON_VIABLE 0
> MEMORY_ERROR 0 NOT_STARTED 0 STARTED 0 RUN_ERROR 0
> NO_COVERAGE 0
--------------------------------------------------------------------------------
> org.pitest.mutationtest.engine.gregor.mutators.returns.NullReturnValsMutator
>> Generated 1 Killed 1 (100%)
> KILLED 1 SURVIVED 0 TIMED_OUT 0 NON_VIABLE 0
> MEMORY_ERROR 0 NOT_STARTED 0 STARTED 0 RUN_ERROR 0
> NO_COVERAGE 0
--------------------------------------------------------------------------------
================================================================================
- Timings
================================================================================
> pre-scan for mutations : < 1 second
> scan classpath : < 1 second
> coverage and dependency analysis : 4 seconds
> build mutation tests : < 1 second
> run mutation analysis : 2 seconds
--------------------------------------------------------------------------------
> Total  : 6 seconds
--------------------------------------------------------------------------------
================================================================================
- Statistics
================================================================================
>> Line Coverage (for mutated classes only): 70/76 (92%)
>> 144 tests examined
>> Generated 27 mutations Killed 22 (81%)
>> Mutations with no coverage 0. Test strength 81%
>> Ran 182 tests (6.74 tests per mutation)
Enhanced functionality available at https://www.arcmutate.com/

Build messages:-
* Project uses Spring, but the Arcmutate Spring plugin is not present. (https://docs.arcmutate.com/docs/spring.html)

[Incubating] Problems report is available at: file:///Users/D061177/work/issta/spring-security-stp-qualification/subject/build/reports/problems/problems-report.html

Deprecated Gradle features were used in this build, making it incompatible with Gradle 10.

You can use '--warning-mode all' to show the individual deprecation warnings and determine if they come from your own scripts or plugins.

For more on this, please refer to https://docs.gradle.org/9.7.0/userguide/command_line_interface.html#sec:command_line_warnings in the Gradle documentation.

BUILD SUCCESSFUL in 19s
18 actionable tasks: 1 executed, 17 up-to-date
Consider enabling configuration cache to speed up this build: https://docs.gradle.org/9.7.0/userguide/configuration_cache_enabling.html
