Picked up JAVA_TOOL_OPTIONS: -XX:ActiveProcessorCount=3
Picked up JAVA_TOOL_OPTIONS: -XX:ActiveProcessorCount=3
/Users/D061177/work/issta/hibernate-orm-stp-qualification/subject/hibernate-testing/src/main/java/org/hibernate/testing/transaction/TransactionUtil.java:418: warning: [removal] tenantIdentifier(String) in SessionBuilder has been deprecated and marked for removal
					.tenantIdentifier( tenant )
					^
/Users/D061177/work/issta/hibernate-orm-stp-qualification/subject/hibernate-testing/src/main/java/org/hibernate/testing/transaction/TransactionUtil.java:456: warning: [removal] tenantIdentifier(String) in SessionBuilder has been deprecated and marked for removal
					.tenantIdentifier( tenant )
					^
/Users/D061177/work/issta/hibernate-orm-stp-qualification/subject/hibernate-testing/src/main/java/org/hibernate/testing/util/ast/LoadingAstHelper.java:58: warning: [removal] LockOptions in org.hibernate has been deprecated and marked for removal
				LockOptions.NONE,
				^
/Users/D061177/work/issta/hibernate-orm-stp-qualification/subject/hibernate-testing/src/main/java/org/hibernate/testing/util/ast/LoadingAstHelper.java:58: warning: [removal] NONE in LockOptions has been deprecated and marked for removal
				LockOptions.NONE,
				           ^
/Users/D061177/work/issta/hibernate-orm-stp-qualification/subject/hibernate-testing/src/main/java/org/hibernate/testing/SkipForDialect.java:27: warning: [removal] SkipForDialects in org.hibernate.testing has been deprecated and marked for removal
@Repeatable(SkipForDialects.class)
            ^
/Users/D061177/work/issta/hibernate-orm-stp-qualification/subject/hibernate-testing/src/main/java/org/hibernate/testing/SkipForDialect.java:27: warning: [removal] SkipForDialects in org.hibernate.testing has been deprecated and marked for removal
@Repeatable(SkipForDialects.class)
            ^
/Users/D061177/work/issta/hibernate-orm-stp-qualification/subject/hibernate-testing/src/main/java/org/hibernate/testing/SkipForDialect.java:27: warning: [removal] SkipForDialects in org.hibernate.testing has been deprecated and marked for removal
@Repeatable(SkipForDialects.class)
            ^
/Users/D061177/work/issta/hibernate-orm-stp-qualification/subject/hibernate-testing/src/main/java/org/hibernate/testing/SkipForDialect.java:27: warning: [removal] SkipForDialects in org.hibernate.testing has been deprecated and marked for removal
@Repeatable(SkipForDialects.class)
            ^
/Users/D061177/work/issta/hibernate-orm-stp-qualification/subject/hibernate-testing/src/main/java/org/hibernate/testing/SkipForDialects.java:23: warning: [removal] SkipForDialect in org.hibernate.testing has been deprecated and marked for removal
	SkipForDialect[] value();
	^
/Users/D061177/work/issta/hibernate-orm-stp-qualification/subject/hibernate-testing/src/main/java/org/hibernate/testing/SkipForDialects.java:23: warning: [removal] SkipForDialect in org.hibernate.testing has been deprecated and marked for removal
	SkipForDialect[] value();
	^
/Users/D061177/work/issta/hibernate-orm-stp-qualification/subject/hibernate-testing/src/main/java/org/hibernate/testing/SkipForDialects.java:23: warning: [removal] SkipForDialect in org.hibernate.testing has been deprecated and marked for removal
	SkipForDialect[] value();
	^
/Users/D061177/work/issta/hibernate-orm-stp-qualification/subject/hibernate-testing/src/main/java/org/hibernate/testing/SkipForDialects.java:23: warning: [removal] SkipForDialect in org.hibernate.testing has been deprecated and marked for removal
	SkipForDialect[] value();
	^
/Users/D061177/work/issta/hibernate-orm-stp-qualification/subject/hibernate-testing/src/main/java/org/hibernate/testing/junit4/BaseUnitTestCase.java:56: warning: [removal] AfterClassOnce in org.hibernate.testing has been deprecated and marked for removal
	@AfterClassOnce
	 ^
/Users/D061177/work/issta/hibernate-orm-stp-qualification/subject/hibernate-testing/src/main/java/org/hibernate/testing/junit4/BaseUnitTestCase.java:56: warning: [removal] AfterClassOnce in org.hibernate.testing has been deprecated and marked for removal
	@AfterClassOnce
	 ^
/Users/D061177/work/issta/hibernate-orm-stp-qualification/subject/hibernate-testing/src/main/java/org/hibernate/testing/junit4/BaseUnitTestCase.java:56: warning: [removal] AfterClassOnce in org.hibernate.testing has been deprecated and marked for removal
	@AfterClassOnce
	 ^
/Users/D061177/work/issta/hibernate-orm-stp-qualification/subject/hibernate-testing/src/main/java/org/hibernate/testing/junit4/BaseUnitTestCase.java:56: warning: [removal] AfterClassOnce in org.hibernate.testing has been deprecated and marked for removal
	@AfterClassOnce
	 ^
/Users/D061177/work/issta/hibernate-orm-stp-qualification/subject/hibernate-testing/src/main/java/org/hibernate/testing/junit4/FailureExpectedHandler.java:37: warning: [removal] FailureExpected in org.hibernate.testing has been deprecated and marked for removal
		final FailureExpected failureExpected = extendedFrameworkMethod.getFailureExpectedAnnotation();
		      ^
/Users/D061177/work/issta/hibernate-orm-stp-qualification/subject/hibernate-testing/src/main/java/org/hibernate/testing/junit4/TestClassMetadata.java:144: warning: [removal] BeforeClassOnce in org.hibernate.testing has been deprecated and marked for removal
		BEFORE_CLASS_ONCE( BeforeClassOnce.class ),
		                   ^
/Users/D061177/work/issta/hibernate-orm-stp-qualification/subject/hibernate-testing/src/main/java/org/hibernate/testing/junit4/TestClassMetadata.java:145: warning: [removal] AfterClassOnce in org.hibernate.testing has been deprecated and marked for removal
		AFTER_CLASS_ONCE( AfterClassOnce.class ),
		                  ^
/Users/D061177/work/issta/hibernate-orm-stp-qualification/subject/hibernate-testing/src/main/java/org/hibernate/testing/junit4/TestClassMetadata.java:146: warning: [removal] OnFailure in org.hibernate.testing has been deprecated and marked for removal
		ON_FAILURE( OnFailure.class ),
		            ^
/Users/D061177/work/issta/hibernate-orm-stp-qualification/subject/hibernate-testing/src/main/java/org/hibernate/testing/junit4/TestClassMetadata.java:147: warning: [removal] OnExpectedFailure in org.hibernate.testing has been deprecated and marked for removal
		ON_EXPECTED_FAILURE( OnExpectedFailure.class );
		                     ^
/Users/D061177/work/issta/hibernate-orm-stp-qualification/subject/hibernate-testing/src/main/java/org/hibernate/testing/junit4/ExtendedFrameworkMethod.java:23: warning: [removal] FailureExpected in org.hibernate.testing has been deprecated and marked for removal
	private final FailureExpected failureExpectedAnnotation;
	              ^
/Users/D061177/work/issta/hibernate-orm-stp-qualification/subject/hibernate-testing/src/main/java/org/hibernate/testing/junit4/ExtendedFrameworkMethod.java:23: warning: [removal] FailureExpected in org.hibernate.testing has been deprecated and marked for removal
	private final FailureExpected failureExpectedAnnotation;
	              ^
/Users/D061177/work/issta/hibernate-orm-stp-qualification/subject/hibernate-testing/src/main/java/org/hibernate/testing/junit4/ExtendedFrameworkMethod.java:23: warning: [removal] FailureExpected in org.hibernate.testing has been deprecated and marked for removal
	private final FailureExpected failureExpectedAnnotation;
	              ^
/Users/D061177/work/issta/hibernate-orm-stp-qualification/subject/hibernate-testing/src/main/java/org/hibernate/testing/junit4/ExtendedFrameworkMethod.java:23: warning: [removal] FailureExpected in org.hibernate.testing has been deprecated and marked for removal
	private final FailureExpected failureExpectedAnnotation;
	              ^
/Users/D061177/work/issta/hibernate-orm-stp-qualification/subject/hibernate-testing/src/main/java/org/hibernate/testing/junit4/ExtendedFrameworkMethod.java:25: warning: [removal] FailureExpected in org.hibernate.testing has been deprecated and marked for removal
	public ExtendedFrameworkMethod(FrameworkMethod delegatee, Ignore virtualIgnore, FailureExpected failureExpectedAnnotation) {
	                                                                                ^
/Users/D061177/work/issta/hibernate-orm-stp-qualification/subject/hibernate-testing/src/main/java/org/hibernate/testing/junit4/ExtendedFrameworkMethod.java:25: warning: [removal] FailureExpected in org.hibernate.testing has been deprecated and marked for removal
	public ExtendedFrameworkMethod(FrameworkMethod delegatee, Ignore virtualIgnore, FailureExpected failureExpectedAnnotation) {
	                                                                                ^
/Users/D061177/work/issta/hibernate-orm-stp-qualification/subject/hibernate-testing/src/main/java/org/hibernate/testing/junit4/ExtendedFrameworkMethod.java:25: warning: [removal] FailureExpected in org.hibernate.testing has been deprecated and marked for removal
	public ExtendedFrameworkMethod(FrameworkMethod delegatee, Ignore virtualIgnore, FailureExpected failureExpectedAnnotation) {
	                                                                                ^
/Users/D061177/work/issta/hibernate-orm-stp-qualification/subject/hibernate-testing/src/main/java/org/hibernate/testing/junit4/ExtendedFrameworkMethod.java:25: warning: [removal] FailureExpected in org.hibernate.testing has been deprecated and marked for removal
	public ExtendedFrameworkMethod(FrameworkMethod delegatee, Ignore virtualIgnore, FailureExpected failureExpectedAnnotation) {
	                                                                                ^
/Users/D061177/work/issta/hibernate-orm-stp-qualification/subject/hibernate-testing/src/main/java/org/hibernate/testing/junit4/ExtendedFrameworkMethod.java:32: warning: [removal] FailureExpected in org.hibernate.testing has been deprecated and marked for removal
	public FailureExpected getFailureExpectedAnnotation() {
	       ^
/Users/D061177/work/issta/hibernate-orm-stp-qualification/subject/hibernate-testing/src/main/java/org/hibernate/testing/junit4/ExtendedFrameworkMethod.java:32: warning: [removal] FailureExpected in org.hibernate.testing has been deprecated and marked for removal
	public FailureExpected getFailureExpectedAnnotation() {
	       ^
/Users/D061177/work/issta/hibernate-orm-stp-qualification/subject/hibernate-testing/src/main/java/org/hibernate/testing/junit4/ExtendedFrameworkMethod.java:32: warning: [removal] FailureExpected in org.hibernate.testing has been deprecated and marked for removal
	public FailureExpected getFailureExpectedAnnotation() {
	       ^
/Users/D061177/work/issta/hibernate-orm-stp-qualification/subject/hibernate-testing/src/main/java/org/hibernate/testing/junit4/ExtendedFrameworkMethod.java:32: warning: [removal] FailureExpected in org.hibernate.testing has been deprecated and marked for removal
	public FailureExpected getFailureExpectedAnnotation() {
	       ^
/Users/D061177/work/issta/hibernate-orm-stp-qualification/subject/hibernate-testing/src/main/java/org/hibernate/testing/junit4/Helper.java:29: warning: [removal] FailureExpected in org.hibernate.testing has been deprecated and marked for removal
	public static final String VALIDATE_FAILURE_EXPECTED = FailureExpected.VALIDATE_FAILURE_EXPECTED;
	                                                       ^
/Users/D061177/work/issta/hibernate-orm-stp-qualification/subject/hibernate-testing/src/main/java/org/hibernate/testing/junit4/Helper.java:192: warning: [removal] FailureExpected in org.hibernate.testing has been deprecated and marked for removal
	public static String extractMessage(FailureExpected failureExpected) {
	                                    ^
/Users/D061177/work/issta/hibernate-orm-stp-qualification/subject/hibernate-testing/src/main/java/org/hibernate/testing/junit4/Helper.java:192: warning: [removal] FailureExpected in org.hibernate.testing has been deprecated and marked for removal
	public static String extractMessage(FailureExpected failureExpected) {
	                                    ^
/Users/D061177/work/issta/hibernate-orm-stp-qualification/subject/hibernate-testing/src/main/java/org/hibernate/testing/junit4/Helper.java:192: warning: [removal] FailureExpected in org.hibernate.testing has been deprecated and marked for removal
	public static String extractMessage(FailureExpected failureExpected) {
	                                    ^
/Users/D061177/work/issta/hibernate-orm-stp-qualification/subject/hibernate-testing/src/main/java/org/hibernate/testing/junit4/Helper.java:192: warning: [removal] FailureExpected in org.hibernate.testing has been deprecated and marked for removal
	public static String extractMessage(FailureExpected failureExpected) {
	                                    ^
/Users/D061177/work/issta/hibernate-orm-stp-qualification/subject/hibernate-testing/src/main/java/org/hibernate/testing/junit4/Helper.java:201: warning: [removal] FailureExpected in org.hibernate.testing has been deprecated and marked for removal
	public static String extractIgnoreMessage(FailureExpected failureExpected, FrameworkMethod frameworkMethod) {
	                                          ^
/Users/D061177/work/issta/hibernate-orm-stp-qualification/subject/hibernate-testing/src/main/java/org/hibernate/testing/junit4/Helper.java:201: warning: [removal] FailureExpected in org.hibernate.testing has been deprecated and marked for removal
	public static String extractIgnoreMessage(FailureExpected failureExpected, FrameworkMethod frameworkMethod) {
	                                          ^
/Users/D061177/work/issta/hibernate-orm-stp-qualification/subject/hibernate-testing/src/main/java/org/hibernate/testing/junit4/Helper.java:201: warning: [removal] FailureExpected in org.hibernate.testing has been deprecated and marked for removal
	public static String extractIgnoreMessage(FailureExpected failureExpected, FrameworkMethod frameworkMethod) {
	                                          ^
/Users/D061177/work/issta/hibernate-orm-stp-qualification/subject/hibernate-testing/src/main/java/org/hibernate/testing/junit4/Helper.java:201: warning: [removal] FailureExpected in org.hibernate.testing has been deprecated and marked for removal
	public static String extractIgnoreMessage(FailureExpected failureExpected, FrameworkMethod frameworkMethod) {
	                                          ^
/Users/D061177/work/issta/hibernate-orm-stp-qualification/subject/hibernate-testing/src/main/java/org/hibernate/testing/junit4/BaseCoreFunctionalTestCase.java:110: warning: [removal] BeforeClassOnce in org.hibernate.testing has been deprecated and marked for removal
	@BeforeClassOnce
	 ^
/Users/D061177/work/issta/hibernate-orm-stp-qualification/subject/hibernate-testing/src/main/java/org/hibernate/testing/junit4/BaseCoreFunctionalTestCase.java:110: warning: [removal] BeforeClassOnce in org.hibernate.testing has been deprecated and marked for removal
	@BeforeClassOnce
	 ^
/Users/D061177/work/issta/hibernate-orm-stp-qualification/subject/hibernate-testing/src/main/java/org/hibernate/testing/junit4/BaseCoreFunctionalTestCase.java:110: warning: [removal] BeforeClassOnce in org.hibernate.testing has been deprecated and marked for removal
	@BeforeClassOnce
	 ^
/Users/D061177/work/issta/hibernate-orm-stp-qualification/subject/hibernate-testing/src/main/java/org/hibernate/testing/junit4/BaseCoreFunctionalTestCase.java:110: warning: [removal] BeforeClassOnce in org.hibernate.testing has been deprecated and marked for removal
	@BeforeClassOnce
	 ^
/Users/D061177/work/issta/hibernate-orm-stp-qualification/subject/hibernate-testing/src/main/java/org/hibernate/testing/junit4/BaseCoreFunctionalTestCase.java:336: warning: [removal] AfterClassOnce in org.hibernate.testing has been deprecated and marked for removal
	@AfterClassOnce
	 ^
/Users/D061177/work/issta/hibernate-orm-stp-qualification/subject/hibernate-testing/src/main/java/org/hibernate/testing/junit4/BaseCoreFunctionalTestCase.java:336: warning: [removal] AfterClassOnce in org.hibernate.testing has been deprecated and marked for removal
	@AfterClassOnce
	 ^
/Users/D061177/work/issta/hibernate-orm-stp-qualification/subject/hibernate-testing/src/main/java/org/hibernate/testing/junit4/BaseCoreFunctionalTestCase.java:336: warning: [removal] AfterClassOnce in org.hibernate.testing has been deprecated and marked for removal
	@AfterClassOnce
	 ^
/Users/D061177/work/issta/hibernate-orm-stp-qualification/subject/hibernate-testing/src/main/java/org/hibernate/testing/junit4/BaseCoreFunctionalTestCase.java:336: warning: [removal] AfterClassOnce in org.hibernate.testing has been deprecated and marked for removal
	@AfterClassOnce
	 ^
/Users/D061177/work/issta/hibernate-orm-stp-qualification/subject/hibernate-testing/src/main/java/org/hibernate/testing/junit4/BaseCoreFunctionalTestCase.java:358: warning: [removal] OnFailure in org.hibernate.testing has been deprecated and marked for removal
	@OnFailure
	 ^
/Users/D061177/work/issta/hibernate-orm-stp-qualification/subject/hibernate-testing/src/main/java/org/hibernate/testing/junit4/BaseCoreFunctionalTestCase.java:359: warning: [removal] OnExpectedFailure in org.hibernate.testing has been deprecated and marked for removal
	@OnExpectedFailure
	 ^
/Users/D061177/work/issta/hibernate-orm-stp-qualification/subject/hibernate-testing/src/main/java/org/hibernate/testing/junit4/BaseCoreFunctionalTestCase.java:358: warning: [removal] OnFailure in org.hibernate.testing has been deprecated and marked for removal
	@OnFailure
	 ^
/Users/D061177/work/issta/hibernate-orm-stp-qualification/subject/hibernate-testing/src/main/java/org/hibernate/testing/junit4/BaseCoreFunctionalTestCase.java:359: warning: [removal] OnExpectedFailure in org.hibernate.testing has been deprecated and marked for removal
	@OnExpectedFailure
	 ^
/Users/D061177/work/issta/hibernate-orm-stp-qualification/subject/hibernate-testing/src/main/java/org/hibernate/testing/junit4/BaseCoreFunctionalTestCase.java:358: warning: [removal] OnFailure in org.hibernate.testing has been deprecated and marked for removal
	@OnFailure
	 ^
/Users/D061177/work/issta/hibernate-orm-stp-qualification/subject/hibernate-testing/src/main/java/org/hibernate/testing/junit4/BaseCoreFunctionalTestCase.java:359: warning: [removal] OnExpectedFailure in org.hibernate.testing has been deprecated and marked for removal
	@OnExpectedFailure
	 ^
/Users/D061177/work/issta/hibernate-orm-stp-qualification/subject/hibernate-testing/src/main/java/org/hibernate/testing/junit4/BaseCoreFunctionalTestCase.java:358: warning: [removal] OnFailure in org.hibernate.testing has been deprecated and marked for removal
	@OnFailure
	 ^
/Users/D061177/work/issta/hibernate-orm-stp-qualification/subject/hibernate-testing/src/main/java/org/hibernate/testing/junit4/BaseCoreFunctionalTestCase.java:359: warning: [removal] OnExpectedFailure in org.hibernate.testing has been deprecated and marked for removal
	@OnExpectedFailure
	 ^
/Users/D061177/work/issta/hibernate-orm-stp-qualification/subject/hibernate-testing/src/main/java/org/hibernate/testing/junit4/CustomRunner.java:187: warning: [removal] FailureExpected in org.hibernate.testing has been deprecated and marked for removal
			final FailureExpected failureExpected = Helper.locateAnnotation(
			      ^
/Users/D061177/work/issta/hibernate-orm-stp-qualification/subject/hibernate-testing/src/main/java/org/hibernate/testing/junit4/CustomRunner.java:188: warning: [removal] FailureExpected in org.hibernate.testing has been deprecated and marked for removal
					FailureExpected.class,
					^
/Users/D061177/work/issta/hibernate-orm-stp-qualification/subject/hibernate-testing/src/main/java/org/hibernate/testing/junit4/CustomRunner.java:238: warning: [removal] Skip in org.hibernate.testing has been deprecated and marked for removal
		Skip skip = Helper.locateAnnotation( Skip.class, frameworkMethod, getTestClass() );
		^
/Users/D061177/work/issta/hibernate-orm-stp-qualification/subject/hibernate-testing/src/main/java/org/hibernate/testing/junit4/CustomRunner.java:238: warning: [removal] Skip in org.hibernate.testing has been deprecated and marked for removal
		Skip skip = Helper.locateAnnotation( Skip.class, frameworkMethod, getTestClass() );
		                                     ^
/Users/D061177/work/issta/hibernate-orm-stp-qualification/subject/hibernate-testing/src/main/java/org/hibernate/testing/junit4/CustomRunner.java:247: warning: [removal] SkipForDialect in org.hibernate.testing has been deprecated and marked for removal
				SkipForDialect.class,
				^
/Users/D061177/work/issta/hibernate-orm-stp-qualification/subject/hibernate-testing/src/main/java/org/hibernate/testing/junit4/CustomRunner.java:248: warning: [removal] SkipForDialects in org.hibernate.testing has been deprecated and marked for removal
				SkipForDialects.class,
				^
/Users/D061177/work/issta/hibernate-orm-stp-qualification/subject/hibernate-testing/src/main/java/org/hibernate/testing/junit4/CustomRunner.java:249: warning: [removal] SkipForDialect in org.hibernate.testing has been deprecated and marked for removal
				(methodAnnotation, methodAnnotations, classAnnotation, classAnnotations) -> {
				 ^
/Users/D061177/work/issta/hibernate-orm-stp-qualification/subject/hibernate-testing/src/main/java/org/hibernate/testing/junit4/CustomRunner.java:249: warning: [removal] SkipForDialect in org.hibernate.testing has been deprecated and marked for removal
				(methodAnnotation, methodAnnotations, classAnnotation, classAnnotations) -> {
				                   ^
/Users/D061177/work/issta/hibernate-orm-stp-qualification/subject/hibernate-testing/src/main/java/org/hibernate/testing/junit4/CustomRunner.java:249: warning: [removal] SkipForDialect in org.hibernate.testing has been deprecated and marked for removal
				(methodAnnotation, methodAnnotations, classAnnotation, classAnnotations) -> {
				                                      ^
/Users/D061177/work/issta/hibernate-orm-stp-qualification/subject/hibernate-testing/src/main/java/org/hibernate/testing/junit4/CustomRunner.java:249: warning: [removal] SkipForDialect in org.hibernate.testing has been deprecated and marked for removal
				(methodAnnotation, methodAnnotations, classAnnotation, classAnnotations) -> {
				                                                       ^
/Users/D061177/work/issta/hibernate-orm-stp-qualification/subject/hibernate-testing/src/main/java/org/hibernate/testing/junit4/CustomRunner.java:250: warning: [removal] SkipForDialect in org.hibernate.testing has been deprecated and marked for removal
					final LinkedHashMap<Class<?>, SkipForDialect> map = new LinkedHashMap<>();
					                              ^
/Users/D061177/work/issta/hibernate-orm-stp-qualification/subject/hibernate-testing/src/main/java/org/hibernate/testing/junit4/CustomRunner.java:255: warning: [removal] SkipForDialect in org.hibernate.testing has been deprecated and marked for removal
						for ( SkipForDialect annotation : classAnnotations ) {
						      ^
/Users/D061177/work/issta/hibernate-orm-stp-qualification/subject/hibernate-testing/src/main/java/org/hibernate/testing/junit4/CustomRunner.java:263: warning: [removal] SkipForDialect in org.hibernate.testing has been deprecated and marked for removal
						for ( SkipForDialect annotation : methodAnnotations ) {
						      ^
/Users/D061177/work/issta/hibernate-orm-stp-qualification/subject/hibernate-testing/src/main/java/org/hibernate/testing/junit4/CustomRunner.java:246: warning: [removal] SkipForDialect in org.hibernate.testing has been deprecated and marked for removal
		for ( SkipForDialect skipForDialectAnn : Helper.collectAnnotations(
		      ^
/Users/D061177/work/issta/hibernate-orm-stp-qualification/subject/hibernate-testing/src/main/java/org/hibernate/testing/junit4/CustomRunner.java:351: warning: [removal] RequiresDialect in org.hibernate.testing has been deprecated and marked for removal
		final Collection<RequiresDialect> requiresDialects = Helper.collectAnnotations(
		                 ^
/Users/D061177/work/issta/hibernate-orm-stp-qualification/subject/hibernate-testing/src/main/java/org/hibernate/testing/junit4/CustomRunner.java:352: warning: [removal] RequiresDialect in org.hibernate.testing has been deprecated and marked for removal
				RequiresDialect.class,
				^
/Users/D061177/work/issta/hibernate-orm-stp-qualification/subject/hibernate-testing/src/main/java/org/hibernate/testing/junit4/CustomRunner.java:353: warning: [removal] RequiresDialects in org.hibernate.testing has been deprecated and marked for removal
				RequiresDialects.class,
				^
/Users/D061177/work/issta/hibernate-orm-stp-qualification/subject/hibernate-testing/src/main/java/org/hibernate/testing/junit4/CustomRunner.java:354: warning: [removal] RequiresDialect in org.hibernate.testing has been deprecated and marked for removal
				(methodAnnotation, methodAnnotations, classAnnotation, classAnnotations) -> {
				 ^
/Users/D061177/work/issta/hibernate-orm-stp-qualification/subject/hibernate-testing/src/main/java/org/hibernate/testing/junit4/CustomRunner.java:354: warning: [removal] RequiresDialect in org.hibernate.testing has been deprecated and marked for removal
				(methodAnnotation, methodAnnotations, classAnnotation, classAnnotations) -> {
				                   ^
/Users/D061177/work/issta/hibernate-orm-stp-qualification/subject/hibernate-testing/src/main/java/org/hibernate/testing/junit4/CustomRunner.java:354: warning: [removal] RequiresDialect in org.hibernate.testing has been deprecated and marked for removal
				(methodAnnotation, methodAnnotations, classAnnotation, classAnnotations) -> {
				                                      ^
/Users/D061177/work/issta/hibernate-orm-stp-qualification/subject/hibernate-testing/src/main/java/org/hibernate/testing/junit4/CustomRunner.java:354: warning: [removal] RequiresDialect in org.hibernate.testing has been deprecated and marked for removal
				(methodAnnotation, methodAnnotations, classAnnotation, classAnnotations) -> {
				                                                       ^
/Users/D061177/work/issta/hibernate-orm-stp-qualification/subject/hibernate-testing/src/main/java/org/hibernate/testing/junit4/CustomRunner.java:355: warning: [removal] RequiresDialect in org.hibernate.testing has been deprecated and marked for removal
					final LinkedHashMap<Class<?>, RequiresDialect> map = new LinkedHashMap<>();
					                              ^
/Users/D061177/work/issta/hibernate-orm-stp-qualification/subject/hibernate-testing/src/main/java/org/hibernate/testing/junit4/CustomRunner.java:360: warning: [removal] RequiresDialect in org.hibernate.testing has been deprecated and marked for removal
						for ( RequiresDialect annotation : classAnnotations ) {
						      ^
/Users/D061177/work/issta/hibernate-orm-stp-qualification/subject/hibernate-testing/src/main/java/org/hibernate/testing/junit4/CustomRunner.java:368: warning: [removal] RequiresDialect in org.hibernate.testing has been deprecated and marked for removal
						for ( RequiresDialect annotation : methodAnnotations ) {
						      ^
/Users/D061177/work/issta/hibernate-orm-stp-qualification/subject/hibernate-testing/src/main/java/org/hibernate/testing/junit4/CustomRunner.java:414: warning: [removal] RequiresDialectFeature in org.hibernate.testing has been deprecated and marked for removal
		final List<RequiresDialectFeature> requiresDialectFeatures = Helper.locateAllAnnotations(
		           ^
/Users/D061177/work/issta/hibernate-orm-stp-qualification/subject/hibernate-testing/src/main/java/org/hibernate/testing/junit4/CustomRunner.java:415: warning: [removal] RequiresDialectFeature in org.hibernate.testing has been deprecated and marked for removal
				RequiresDialectFeature.class,
				^
/Users/D061177/work/issta/hibernate-orm-stp-qualification/subject/hibernate-testing/src/main/java/org/hibernate/testing/junit4/CustomRunner.java:421: warning: [removal] RequiresDialectFeature in org.hibernate.testing has been deprecated and marked for removal
			for ( RequiresDialectFeature requiresDialectFeature : requiresDialectFeatures ) {
			      ^
/Users/D061177/work/issta/hibernate-orm-stp-qualification/subject/hibernate-testing/src/main/java/org/hibernate/testing/junit4/CustomRunner.java:465: warning: [removal] RequiresDialect in org.hibernate.testing has been deprecated and marked for removal
	private boolean isDialectMatchingRequired(Collection<RequiresDialect> requiresDialects) {
	                                                     ^
/Users/D061177/work/issta/hibernate-orm-stp-qualification/subject/hibernate-testing/src/main/java/org/hibernate/testing/junit4/CustomRunner.java:465: warning: [removal] RequiresDialect in org.hibernate.testing has been deprecated and marked for removal
	private boolean isDialectMatchingRequired(Collection<RequiresDialect> requiresDialects) {
	                                                     ^
/Users/D061177/work/issta/hibernate-orm-stp-qualification/subject/hibernate-testing/src/main/java/org/hibernate/testing/junit4/CustomRunner.java:465: warning: [removal] RequiresDialect in org.hibernate.testing has been deprecated and marked for removal
	private boolean isDialectMatchingRequired(Collection<RequiresDialect> requiresDialects) {
	                                                     ^
/Users/D061177/work/issta/hibernate-orm-stp-qualification/subject/hibernate-testing/src/main/java/org/hibernate/testing/junit4/CustomRunner.java:465: warning: [removal] RequiresDialect in org.hibernate.testing has been deprecated and marked for removal
	private boolean isDialectMatchingRequired(Collection<RequiresDialect> requiresDialects) {
	                                                     ^
/Users/D061177/work/issta/hibernate-orm-stp-qualification/subject/hibernate-testing/src/main/java/org/hibernate/testing/junit4/CustomRunner.java:467: warning: [removal] RequiresDialect in org.hibernate.testing has been deprecated and marked for removal
		for ( RequiresDialect requiresDialectAnn : requiresDialects ) {
		      ^
/Users/D061177/work/issta/hibernate-orm-stp-qualification/subject/hibernate-testing/src/main/java/org/hibernate/testing/junit4/CustomRunner.java:515: warning: [removal] Skip in org.hibernate.testing has been deprecated and marked for removal
	private Ignore buildIgnore(Skip skip) {
	                           ^
/Users/D061177/work/issta/hibernate-orm-stp-qualification/subject/hibernate-testing/src/main/java/org/hibernate/testing/junit4/CustomRunner.java:515: warning: [removal] Skip in org.hibernate.testing has been deprecated and marked for removal
	private Ignore buildIgnore(Skip skip) {
	                           ^
/Users/D061177/work/issta/hibernate-orm-stp-qualification/subject/hibernate-testing/src/main/java/org/hibernate/testing/junit4/CustomRunner.java:515: warning: [removal] Skip in org.hibernate.testing has been deprecated and marked for removal
	private Ignore buildIgnore(Skip skip) {
	                           ^
/Users/D061177/work/issta/hibernate-orm-stp-qualification/subject/hibernate-testing/src/main/java/org/hibernate/testing/junit4/CustomRunner.java:515: warning: [removal] Skip in org.hibernate.testing has been deprecated and marked for removal
	private Ignore buildIgnore(Skip skip) {
	                           ^
/Users/D061177/work/issta/hibernate-orm-stp-qualification/subject/hibernate-testing/src/main/java/org/hibernate/testing/junit4/CustomRunner.java:519: warning: [removal] SkipForDialect in org.hibernate.testing has been deprecated and marked for removal
	private Ignore buildIgnore(SkipForDialect skip) {
	                           ^
/Users/D061177/work/issta/hibernate-orm-stp-qualification/subject/hibernate-testing/src/main/java/org/hibernate/testing/junit4/CustomRunner.java:519: warning: [removal] SkipForDialect in org.hibernate.testing has been deprecated and marked for removal
	private Ignore buildIgnore(SkipForDialect skip) {
	                           ^
/Users/D061177/work/issta/hibernate-orm-stp-qualification/subject/hibernate-testing/src/main/java/org/hibernate/testing/junit4/CustomRunner.java:519: warning: [removal] SkipForDialect in org.hibernate.testing has been deprecated and marked for removal
	private Ignore buildIgnore(SkipForDialect skip) {
	                           ^
/Users/D061177/work/issta/hibernate-orm-stp-qualification/subject/hibernate-testing/src/main/java/org/hibernate/testing/junit4/CustomRunner.java:519: warning: [removal] SkipForDialect in org.hibernate.testing has been deprecated and marked for removal
	private Ignore buildIgnore(SkipForDialect skip) {
	                           ^
/Users/D061177/work/issta/hibernate-orm-stp-qualification/subject/hibernate-testing/src/main/java/org/hibernate/testing/junit4/CustomRunner.java:544: warning: [removal] RequiresDialect in org.hibernate.testing has been deprecated and marked for removal
	private Ignore buildIgnore(RequiresDialect requiresDialect) {
	                           ^
/Users/D061177/work/issta/hibernate-orm-stp-qualification/subject/hibernate-testing/src/main/java/org/hibernate/testing/junit4/CustomRunner.java:544: warning: [removal] RequiresDialect in org.hibernate.testing has been deprecated and marked for removal
	private Ignore buildIgnore(RequiresDialect requiresDialect) {
	                           ^
Note: Some input files use or override a deprecated API.
Note: Recompile with -Xlint:deprecation for details.
Note: Some input files additionally use or override a deprecated API that is marked for removal.
Note: Some input files use unchecked or unsafe operations.
Note: Recompile with -Xlint:unchecked for details.
100 warnings
/Users/D061177/work/issta/hibernate-orm-stp-qualification/subject/hibernate-core/src/test/java/org/hibernate/orm/test/associations/any/PropertyRepository.java:23: warning: [removal] CascadeType in org.hibernate.annotations has been deprecated and marked for removal
import static org.hibernate.annotations.CascadeType.ALL;
                                       ^
/Users/D061177/work/issta/hibernate-orm-stp-qualification/subject/hibernate-core/src/test/java/org/hibernate/orm/test/associations/any/ManyToAnyMergeTest.java:29: warning: [removal] CascadeType in org.hibernate.annotations has been deprecated and marked for removal
import static org.hibernate.annotations.CascadeType.ALL;
                                       ^
/Users/D061177/work/issta/hibernate-orm-stp-qualification/subject/hibernate-core/src/test/java/org/hibernate/orm/test/associations/any/ManyToAnySubClassAccessPropertyTest.java:36: warning: [removal] CascadeType in org.hibernate.annotations has been deprecated and marked for removal
import static org.hibernate.annotations.CascadeType.ALL;
                                       ^
/Users/D061177/work/issta/hibernate-orm-stp-qualification/subject/hibernate-core/src/test/java/org/hibernate/orm/test/boot/models/xml/XmlProcessingSmokeTests.java:38: warning: [removal] CascadeType in org.hibernate.annotations has been deprecated and marked for removal
import static org.hibernate.annotations.CascadeType.LOCK;
                                       ^
/Users/D061177/work/issta/hibernate-orm-stp-qualification/subject/hibernate-core/src/test/java/org/hibernate/orm/test/boot/models/xml/XmlProcessingSmokeTests.java:39: warning: [removal] CascadeType in org.hibernate.annotations has been deprecated and marked for removal
import static org.hibernate.annotations.CascadeType.PERSIST;
                                       ^
/Users/D061177/work/issta/hibernate-orm-stp-qualification/subject/hibernate-core/src/test/java/org/hibernate/orm/test/boot/models/xml/XmlProcessingSmokeTests.java:40: warning: [removal] CascadeType in org.hibernate.annotations has been deprecated and marked for removal
import static org.hibernate.annotations.CascadeType.REMOVE;
                                       ^
/Users/D061177/work/issta/hibernate-orm-stp-qualification/subject/hibernate-core/src/test/java/org/hibernate/orm/test/locking/options/ScopeTests.java:31: warning: [removal] Scope in Locking has been deprecated and marked for removal
import static org.hibernate.Locking.Scope.INCLUDE_FETCHES;
                                   ^
/Users/D061177/work/issta/hibernate-orm-stp-qualification/subject/hibernate-core/src/test/java/org/hibernate/orm/test/annotations/Customer.java:22: warning: [removal] CascadeType in org.hibernate.annotations has been deprecated and marked for removal
import static org.hibernate.annotations.CascadeType.ALL;
                                       ^
/Users/D061177/work/issta/hibernate-orm-stp-qualification/subject/hibernate-core/src/test/java/org/hibernate/orm/test/annotations/collectionelement/ElementCollectionOfEmbeddableWithEntityWithEntityCollectionTest.java:38: warning: [removal] CascadeType in org.hibernate.annotations has been deprecated and marked for removal
import static org.hibernate.annotations.CascadeType.ALL;
                                       ^
/Users/D061177/work/issta/hibernate-orm-stp-qualification/subject/hibernate-core/src/test/java/org/hibernate/orm/test/sql/exec/op/FollowOnLockingTests.java:41: warning: [removal] Scope in Locking has been deprecated and marked for removal
import static org.hibernate.Locking.Scope.ROOT_ONLY;
                                   ^
/Users/D061177/work/issta/hibernate-orm-stp-qualification/subject/hibernate-core/src/test/java/org/hibernate/orm/test/sql/CollectionLoaderTest.java:36: warning: [removal] ResultCheckStyle in org.hibernate.annotations has been deprecated and marked for removal
import static org.hibernate.annotations.ResultCheckStyle.COUNT;
                                       ^
/Users/D061177/work/issta/hibernate-orm-stp-qualification/subject/hibernate-core/src/test/java/org/hibernate/orm/test/sql/SQLSelectTest.java:36: warning: [removal] ResultCheckStyle in org.hibernate.annotations has been deprecated and marked for removal
import static org.hibernate.annotations.ResultCheckStyle.COUNT;
                                       ^
/Users/D061177/work/issta/hibernate-orm-stp-qualification/subject/hibernate-core/src/test/java/org/hibernate/orm/test/associations/any/PropertyRepository.java:23: warning: [removal] CascadeType in org.hibernate.annotations has been deprecated and marked for removal
import static org.hibernate.annotations.CascadeType.ALL;
                                       ^
/Users/D061177/work/issta/hibernate-orm-stp-qualification/subject/hibernate-core/src/test/java/org/hibernate/orm/test/associations/any/ManyToAnyMergeTest.java:29: warning: [removal] CascadeType in org.hibernate.annotations has been deprecated and marked for removal
import static org.hibernate.annotations.CascadeType.ALL;
                                       ^
/Users/D061177/work/issta/hibernate-orm-stp-qualification/subject/hibernate-core/src/test/java/org/hibernate/orm/test/associations/any/ManyToAnySubClassAccessPropertyTest.java:36: warning: [removal] CascadeType in org.hibernate.annotations has been deprecated and marked for removal
import static org.hibernate.annotations.CascadeType.ALL;
                                       ^
/Users/D061177/work/issta/hibernate-orm-stp-qualification/subject/hibernate-core/src/test/java/org/hibernate/orm/test/boot/models/xml/XmlProcessingSmokeTests.java:38: warning: [removal] CascadeType in org.hibernate.annotations has been deprecated and marked for removal
import static org.hibernate.annotations.CascadeType.LOCK;
                                       ^
/Users/D061177/work/issta/hibernate-orm-stp-qualification/subject/hibernate-core/src/test/java/org/hibernate/orm/test/boot/models/xml/XmlProcessingSmokeTests.java:39: warning: [removal] CascadeType in org.hibernate.annotations has been deprecated and marked for removal
import static org.hibernate.annotations.CascadeType.PERSIST;
                                       ^
/Users/D061177/work/issta/hibernate-orm-stp-qualification/subject/hibernate-core/src/test/java/org/hibernate/orm/test/boot/models/xml/XmlProcessingSmokeTests.java:40: warning: [removal] CascadeType in org.hibernate.annotations has been deprecated and marked for removal
import static org.hibernate.annotations.CascadeType.REMOVE;
                                       ^
/Users/D061177/work/issta/hibernate-orm-stp-qualification/subject/hibernate-core/src/test/java/org/hibernate/orm/test/locking/options/ScopeTests.java:31: warning: [removal] Scope in Locking has been deprecated and marked for removal
import static org.hibernate.Locking.Scope.INCLUDE_FETCHES;
                                   ^
/Users/D061177/work/issta/hibernate-orm-stp-qualification/subject/hibernate-core/src/test/java/org/hibernate/orm/test/annotations/Customer.java:22: warning: [removal] CascadeType in org.hibernate.annotations has been deprecated and marked for removal
import static org.hibernate.annotations.CascadeType.ALL;
                                       ^
/Users/D061177/work/issta/hibernate-orm-stp-qualification/subject/hibernate-core/src/test/java/org/hibernate/orm/test/annotations/collectionelement/ElementCollectionOfEmbeddableWithEntityWithEntityCollectionTest.java:38: warning: [removal] CascadeType in org.hibernate.annotations has been deprecated and marked for removal
import static org.hibernate.annotations.CascadeType.ALL;
                                       ^
/Users/D061177/work/issta/hibernate-orm-stp-qualification/subject/hibernate-core/src/test/java/org/hibernate/orm/test/sql/exec/op/FollowOnLockingTests.java:41: warning: [removal] Scope in Locking has been deprecated and marked for removal
import static org.hibernate.Locking.Scope.ROOT_ONLY;
                                   ^
/Users/D061177/work/issta/hibernate-orm-stp-qualification/subject/hibernate-core/src/test/java/org/hibernate/orm/test/sql/CollectionLoaderTest.java:36: warning: [removal] ResultCheckStyle in org.hibernate.annotations has been deprecated and marked for removal
import static org.hibernate.annotations.ResultCheckStyle.COUNT;
                                       ^
/Users/D061177/work/issta/hibernate-orm-stp-qualification/subject/hibernate-core/src/test/java/org/hibernate/orm/test/sql/SQLSelectTest.java:36: warning: [removal] ResultCheckStyle in org.hibernate.annotations has been deprecated and marked for removal
import static org.hibernate.annotations.ResultCheckStyle.COUNT;
                                       ^
/Users/D061177/work/issta/hibernate-orm-stp-qualification/subject/hibernate-core/src/test/java/org/hibernate/orm/test/associations/any/PropertyRepository.java:23: warning: [removal] CascadeType in org.hibernate.annotations has been deprecated and marked for removal
import static org.hibernate.annotations.CascadeType.ALL;
                                       ^
/Users/D061177/work/issta/hibernate-orm-stp-qualification/subject/hibernate-core/src/test/java/org/hibernate/orm/test/associations/any/ManyToAnyMergeTest.java:29: warning: [removal] CascadeType in org.hibernate.annotations has been deprecated and marked for removal
import static org.hibernate.annotations.CascadeType.ALL;
                                       ^
/Users/D061177/work/issta/hibernate-orm-stp-qualification/subject/hibernate-core/src/test/java/org/hibernate/orm/test/associations/any/ManyToAnySubClassAccessPropertyTest.java:36: warning: [removal] CascadeType in org.hibernate.annotations has been deprecated and marked for removal
import static org.hibernate.annotations.CascadeType.ALL;
                                       ^
/Users/D061177/work/issta/hibernate-orm-stp-qualification/subject/hibernate-core/src/test/java/org/hibernate/orm/test/boot/models/xml/XmlProcessingSmokeTests.java:38: warning: [removal] CascadeType in org.hibernate.annotations has been deprecated and marked for removal
import static org.hibernate.annotations.CascadeType.LOCK;
                                       ^
/Users/D061177/work/issta/hibernate-orm-stp-qualification/subject/hibernate-core/src/test/java/org/hibernate/orm/test/boot/models/xml/XmlProcessingSmokeTests.java:39: warning: [removal] CascadeType in org.hibernate.annotations has been deprecated and marked for removal
import static org.hibernate.annotations.CascadeType.PERSIST;
                                       ^
/Users/D061177/work/issta/hibernate-orm-stp-qualification/subject/hibernate-core/src/test/java/org/hibernate/orm/test/boot/models/xml/XmlProcessingSmokeTests.java:40: warning: [removal] CascadeType in org.hibernate.annotations has been deprecated and marked for removal
import static org.hibernate.annotations.CascadeType.REMOVE;
                                       ^
/Users/D061177/work/issta/hibernate-orm-stp-qualification/subject/hibernate-core/src/test/java/org/hibernate/orm/test/locking/options/ScopeTests.java:31: warning: [removal] Scope in Locking has been deprecated and marked for removal
import static org.hibernate.Locking.Scope.INCLUDE_FETCHES;
                                   ^
/Users/D061177/work/issta/hibernate-orm-stp-qualification/subject/hibernate-core/src/test/java/org/hibernate/orm/test/annotations/Customer.java:22: warning: [removal] CascadeType in org.hibernate.annotations has been deprecated and marked for removal
import static org.hibernate.annotations.CascadeType.ALL;
                                       ^
/Users/D061177/work/issta/hibernate-orm-stp-qualification/subject/hibernate-core/src/test/java/org/hibernate/orm/test/annotations/collectionelement/ElementCollectionOfEmbeddableWithEntityWithEntityCollectionTest.java:38: warning: [removal] CascadeType in org.hibernate.annotations has been deprecated and marked for removal
import static org.hibernate.annotations.CascadeType.ALL;
                                       ^
/Users/D061177/work/issta/hibernate-orm-stp-qualification/subject/hibernate-core/src/test/java/org/hibernate/orm/test/sql/exec/op/FollowOnLockingTests.java:41: warning: [removal] Scope in Locking has been deprecated and marked for removal
import static org.hibernate.Locking.Scope.ROOT_ONLY;
                                   ^
/Users/D061177/work/issta/hibernate-orm-stp-qualification/subject/hibernate-core/src/test/java/org/hibernate/orm/test/sql/CollectionLoaderTest.java:36: warning: [removal] ResultCheckStyle in org.hibernate.annotations has been deprecated and marked for removal
import static org.hibernate.annotations.ResultCheckStyle.COUNT;
                                       ^
/Users/D061177/work/issta/hibernate-orm-stp-qualification/subject/hibernate-core/src/test/java/org/hibernate/orm/test/sql/SQLSelectTest.java:36: warning: [removal] ResultCheckStyle in org.hibernate.annotations has been deprecated and marked for removal
import static org.hibernate.annotations.ResultCheckStyle.COUNT;
                                       ^
/Users/D061177/work/issta/hibernate-orm-stp-qualification/subject/hibernate-core/src/test/java/org/hibernate/orm/test/associations/any/PropertyRepository.java:23: warning: [removal] CascadeType in org.hibernate.annotations has been deprecated and marked for removal
import static org.hibernate.annotations.CascadeType.ALL;
                                       ^
/Users/D061177/work/issta/hibernate-orm-stp-qualification/subject/hibernate-core/src/test/java/org/hibernate/orm/test/associations/any/ManyToAnyMergeTest.java:29: warning: [removal] CascadeType in org.hibernate.annotations has been deprecated and marked for removal
import static org.hibernate.annotations.CascadeType.ALL;
                                       ^
/Users/D061177/work/issta/hibernate-orm-stp-qualification/subject/hibernate-core/src/test/java/org/hibernate/orm/test/associations/any/ManyToAnySubClassAccessPropertyTest.java:36: warning: [removal] CascadeType in org.hibernate.annotations has been deprecated and marked for removal
import static org.hibernate.annotations.CascadeType.ALL;
                                       ^
/Users/D061177/work/issta/hibernate-orm-stp-qualification/subject/hibernate-core/src/test/java/org/hibernate/orm/test/boot/models/xml/XmlProcessingSmokeTests.java:38: warning: [removal] CascadeType in org.hibernate.annotations has been deprecated and marked for removal
import static org.hibernate.annotations.CascadeType.LOCK;
                                       ^
/Users/D061177/work/issta/hibernate-orm-stp-qualification/subject/hibernate-core/src/test/java/org/hibernate/orm/test/boot/models/xml/XmlProcessingSmokeTests.java:39: warning: [removal] CascadeType in org.hibernate.annotations has been deprecated and marked for removal
import static org.hibernate.annotations.CascadeType.PERSIST;
                                       ^
/Users/D061177/work/issta/hibernate-orm-stp-qualification/subject/hibernate-core/src/test/java/org/hibernate/orm/test/boot/models/xml/XmlProcessingSmokeTests.java:40: warning: [removal] CascadeType in org.hibernate.annotations has been deprecated and marked for removal
import static org.hibernate.annotations.CascadeType.REMOVE;
                                       ^
/Users/D061177/work/issta/hibernate-orm-stp-qualification/subject/hibernate-core/src/test/java/org/hibernate/orm/test/locking/options/ScopeTests.java:31: warning: [removal] Scope in Locking has been deprecated and marked for removal
import static org.hibernate.Locking.Scope.INCLUDE_FETCHES;
                                   ^
/Users/D061177/work/issta/hibernate-orm-stp-qualification/subject/hibernate-core/src/test/java/org/hibernate/orm/test/annotations/Customer.java:22: warning: [removal] CascadeType in org.hibernate.annotations has been deprecated and marked for removal
import static org.hibernate.annotations.CascadeType.ALL;
                                       ^
/Users/D061177/work/issta/hibernate-orm-stp-qualification/subject/hibernate-core/src/test/java/org/hibernate/orm/test/annotations/collectionelement/ElementCollectionOfEmbeddableWithEntityWithEntityCollectionTest.java:38: warning: [removal] CascadeType in org.hibernate.annotations has been deprecated and marked for removal
import static org.hibernate.annotations.CascadeType.ALL;
                                       ^
/Users/D061177/work/issta/hibernate-orm-stp-qualification/subject/hibernate-core/src/test/java/org/hibernate/orm/test/sql/exec/op/FollowOnLockingTests.java:41: warning: [removal] Scope in Locking has been deprecated and marked for removal
import static org.hibernate.Locking.Scope.ROOT_ONLY;
                                   ^
/Users/D061177/work/issta/hibernate-orm-stp-qualification/subject/hibernate-core/src/test/java/org/hibernate/orm/test/sql/CollectionLoaderTest.java:36: warning: [removal] ResultCheckStyle in org.hibernate.annotations has been deprecated and marked for removal
import static org.hibernate.annotations.ResultCheckStyle.COUNT;
                                       ^
/Users/D061177/work/issta/hibernate-orm-stp-qualification/subject/hibernate-core/src/test/java/org/hibernate/orm/test/sql/SQLSelectTest.java:36: warning: [removal] ResultCheckStyle in org.hibernate.annotations has been deprecated and marked for removal
import static org.hibernate.annotations.ResultCheckStyle.COUNT;
                                       ^
/Users/D061177/work/issta/hibernate-orm-stp-qualification/subject/hibernate-core/src/test/java/org/hibernate/orm/test/annotations/configuration/package-info.java:5: warning: [removal] GenericGenerator in org.hibernate.annotations has been deprecated and marked for removal
@GenericGenerator(name = "myGenerator", strategy = "sequence")
 ^
/Users/D061177/work/issta/hibernate-orm-stp-qualification/subject/hibernate-core/src/test/java/org/hibernate/orm/test/annotations/configuration/package-info.java:5: warning: [removal] strategy() in GenericGenerator has been deprecated and marked for removal
@GenericGenerator(name = "myGenerator", strategy = "sequence")
                                        ^
/Users/D061177/work/issta/hibernate-orm-stp-qualification/subject/hibernate-core/src/test/java/org/hibernate/orm/test/annotations/configuration/package-info.java:5: warning: [removal] GenericGenerator in org.hibernate.annotations has been deprecated and marked for removal
@GenericGenerator(name = "myGenerator", strategy = "sequence")
 ^
/Users/D061177/work/issta/hibernate-orm-stp-qualification/subject/hibernate-core/src/test/java/org/hibernate/orm/test/annotations/configuration/package-info.java:5: warning: [removal] strategy() in GenericGenerator has been deprecated and marked for removal
@GenericGenerator(name = "myGenerator", strategy = "sequence")
                                        ^
/Users/D061177/work/issta/hibernate-orm-stp-qualification/subject/hibernate-core/src/test/java/org/hibernate/orm/test/annotations/configuration/package-info.java:5: warning: [removal] GenericGenerator in org.hibernate.annotations has been deprecated and marked for removal
@GenericGenerator(name = "myGenerator", strategy = "sequence")
 ^
/Users/D061177/work/issta/hibernate-orm-stp-qualification/subject/hibernate-core/src/test/java/org/hibernate/orm/test/annotations/configuration/package-info.java:5: warning: [removal] strategy() in GenericGenerator has been deprecated and marked for removal
@GenericGenerator(name = "myGenerator", strategy = "sequence")
                                        ^
/Users/D061177/work/issta/hibernate-orm-stp-qualification/subject/hibernate-core/src/test/java/org/hibernate/orm/test/annotations/configuration/package-info.java:5: warning: [removal] GenericGenerator in org.hibernate.annotations has been deprecated and marked for removal
@GenericGenerator(name = "myGenerator", strategy = "sequence")
 ^
/Users/D061177/work/issta/hibernate-orm-stp-qualification/subject/hibernate-core/src/test/java/org/hibernate/orm/test/annotations/configuration/package-info.java:5: warning: [removal] strategy() in GenericGenerator has been deprecated and marked for removal
@GenericGenerator(name = "myGenerator", strategy = "sequence")
                                        ^
/Users/D061177/work/issta/hibernate-orm-stp-qualification/subject/hibernate-core/src/test/java/org/hibernate/orm/test/annotations/id/generationmappings/sub/package-info.java:5: warning: [removal] GenericGenerator in org.hibernate.annotations has been deprecated and marked for removal
@GenericGenerator(name = "SequencePerEntityGenerator",
 ^
/Users/D061177/work/issta/hibernate-orm-stp-qualification/subject/hibernate-core/src/test/java/org/hibernate/orm/test/annotations/id/generationmappings/sub/package-info.java:6: warning: [removal] strategy() in GenericGenerator has been deprecated and marked for removal
		strategy = "org.hibernate.id.enhanced.SequenceStyleGenerator",
		^
/Users/D061177/work/issta/hibernate-orm-stp-qualification/subject/hibernate-core/src/test/java/org/hibernate/orm/test/annotations/id/generationmappings/sub/package-info.java:5: warning: [removal] GenericGenerator in org.hibernate.annotations has been deprecated and marked for removal
@GenericGenerator(name = "SequencePerEntityGenerator",
 ^
/Users/D061177/work/issta/hibernate-orm-stp-qualification/subject/hibernate-core/src/test/java/org/hibernate/orm/test/annotations/id/generationmappings/sub/package-info.java:6: warning: [removal] strategy() in GenericGenerator has been deprecated and marked for removal
		strategy = "org.hibernate.id.enhanced.SequenceStyleGenerator",
		^
/Users/D061177/work/issta/hibernate-orm-stp-qualification/subject/hibernate-core/src/test/java/org/hibernate/orm/test/annotations/id/generationmappings/sub/package-info.java:5: warning: [removal] GenericGenerator in org.hibernate.annotations has been deprecated and marked for removal
@GenericGenerator(name = "SequencePerEntityGenerator",
 ^
/Users/D061177/work/issta/hibernate-orm-stp-qualification/subject/hibernate-core/src/test/java/org/hibernate/orm/test/annotations/id/generationmappings/sub/package-info.java:6: warning: [removal] strategy() in GenericGenerator has been deprecated and marked for removal
		strategy = "org.hibernate.id.enhanced.SequenceStyleGenerator",
		^
/Users/D061177/work/issta/hibernate-orm-stp-qualification/subject/hibernate-core/src/test/java/org/hibernate/orm/test/annotations/id/generationmappings/sub/package-info.java:5: warning: [removal] GenericGenerator in org.hibernate.annotations has been deprecated and marked for removal
@GenericGenerator(name = "SequencePerEntityGenerator",
 ^
/Users/D061177/work/issta/hibernate-orm-stp-qualification/subject/hibernate-core/src/test/java/org/hibernate/orm/test/annotations/id/generationmappings/sub/package-info.java:6: warning: [removal] strategy() in GenericGenerator has been deprecated and marked for removal
		strategy = "org.hibernate.id.enhanced.SequenceStyleGenerator",
		^
/Users/D061177/work/issta/hibernate-orm-stp-qualification/subject/hibernate-core/src/test/java/org/hibernate/orm/test/annotations/id/sequences/package-info.java:11: warning: [removal] GenericGenerator in org.hibernate.annotations has been deprecated and marked for removal
@org.hibernate.annotations.GenericGenerator(name = "system-uuid", strategy = "uuid")
                          ^
/Users/D061177/work/issta/hibernate-orm-stp-qualification/subject/hibernate-core/src/test/java/org/hibernate/orm/test/annotations/id/sequences/package-info.java:11: warning: [removal] strategy() in GenericGenerator has been deprecated and marked for removal
@org.hibernate.annotations.GenericGenerator(name = "system-uuid", strategy = "uuid")
                                                                  ^
/Users/D061177/work/issta/hibernate-orm-stp-qualification/subject/hibernate-core/src/test/java/org/hibernate/orm/test/annotations/id/sequences/package-info.java:12: warning: [removal] GenericGenerators in org.hibernate.annotations has been deprecated and marked for removal
@org.hibernate.annotations.GenericGenerators(
                          ^
/Users/D061177/work/issta/hibernate-orm-stp-qualification/subject/hibernate-core/src/test/java/org/hibernate/orm/test/annotations/id/sequences/package-info.java:13: warning: [removal] GenericGenerator in org.hibernate.annotations has been deprecated and marked for removal
		@org.hibernate.annotations.GenericGenerator(name = "system-uuid-2", strategy = "uuid")
		                          ^
/Users/D061177/work/issta/hibernate-orm-stp-qualification/subject/hibernate-core/src/test/java/org/hibernate/orm/test/annotations/id/sequences/package-info.java:13: warning: [removal] strategy() in GenericGenerator has been deprecated and marked for removal
		@org.hibernate.annotations.GenericGenerator(name = "system-uuid-2", strategy = "uuid")
		                                                                    ^
/Users/D061177/work/issta/hibernate-orm-stp-qualification/subject/hibernate-core/src/test/java/org/hibernate/orm/test/annotations/id/sequences/package-info.java:11: warning: [removal] GenericGenerator in org.hibernate.annotations has been deprecated and marked for removal
@org.hibernate.annotations.GenericGenerator(name = "system-uuid", strategy = "uuid")
                          ^
/Users/D061177/work/issta/hibernate-orm-stp-qualification/subject/hibernate-core/src/test/java/org/hibernate/orm/test/annotations/id/sequences/package-info.java:11: warning: [removal] strategy() in GenericGenerator has been deprecated and marked for removal
@org.hibernate.annotations.GenericGenerator(name = "system-uuid", strategy = "uuid")
                                                                  ^
/Users/D061177/work/issta/hibernate-orm-stp-qualification/subject/hibernate-core/src/test/java/org/hibernate/orm/test/annotations/id/sequences/package-info.java:12: warning: [removal] GenericGenerators in org.hibernate.annotations has been deprecated and marked for removal
@org.hibernate.annotations.GenericGenerators(
                          ^
/Users/D061177/work/issta/hibernate-orm-stp-qualification/subject/hibernate-core/src/test/java/org/hibernate/orm/test/annotations/id/sequences/package-info.java:13: warning: [removal] GenericGenerator in org.hibernate.annotations has been deprecated and marked for removal
		@org.hibernate.annotations.GenericGenerator(name = "system-uuid-2", strategy = "uuid")
		                          ^
/Users/D061177/work/issta/hibernate-orm-stp-qualification/subject/hibernate-core/src/test/java/org/hibernate/orm/test/annotations/id/sequences/package-info.java:13: warning: [removal] strategy() in GenericGenerator has been deprecated and marked for removal
		@org.hibernate.annotations.GenericGenerator(name = "system-uuid-2", strategy = "uuid")
		                                                                    ^
/Users/D061177/work/issta/hibernate-orm-stp-qualification/subject/hibernate-core/src/test/java/org/hibernate/orm/test/annotations/id/sequences/package-info.java:11: warning: [removal] GenericGenerator in org.hibernate.annotations has been deprecated and marked for removal
@org.hibernate.annotations.GenericGenerator(name = "system-uuid", strategy = "uuid")
                          ^
/Users/D061177/work/issta/hibernate-orm-stp-qualification/subject/hibernate-core/src/test/java/org/hibernate/orm/test/annotations/id/sequences/package-info.java:11: warning: [removal] strategy() in GenericGenerator has been deprecated and marked for removal
@org.hibernate.annotations.GenericGenerator(name = "system-uuid", strategy = "uuid")
                                                                  ^
/Users/D061177/work/issta/hibernate-orm-stp-qualification/subject/hibernate-core/src/test/java/org/hibernate/orm/test/annotations/id/sequences/package-info.java:12: warning: [removal] GenericGenerators in org.hibernate.annotations has been deprecated and marked for removal
@org.hibernate.annotations.GenericGenerators(
                          ^
/Users/D061177/work/issta/hibernate-orm-stp-qualification/subject/hibernate-core/src/test/java/org/hibernate/orm/test/annotations/id/sequences/package-info.java:13: warning: [removal] GenericGenerator in org.hibernate.annotations has been deprecated and marked for removal
		@org.hibernate.annotations.GenericGenerator(name = "system-uuid-2", strategy = "uuid")
		                          ^
/Users/D061177/work/issta/hibernate-orm-stp-qualification/subject/hibernate-core/src/test/java/org/hibernate/orm/test/annotations/id/sequences/package-info.java:13: warning: [removal] strategy() in GenericGenerator has been deprecated and marked for removal
		@org.hibernate.annotations.GenericGenerator(name = "system-uuid-2", strategy = "uuid")
		                                                                    ^
/Users/D061177/work/issta/hibernate-orm-stp-qualification/subject/hibernate-core/src/test/java/org/hibernate/orm/test/annotations/id/sequences/package-info.java:11: warning: [removal] GenericGenerator in org.hibernate.annotations has been deprecated and marked for removal
@org.hibernate.annotations.GenericGenerator(name = "system-uuid", strategy = "uuid")
                          ^
/Users/D061177/work/issta/hibernate-orm-stp-qualification/subject/hibernate-core/src/test/java/org/hibernate/orm/test/annotations/id/sequences/package-info.java:11: warning: [removal] strategy() in GenericGenerator has been deprecated and marked for removal
@org.hibernate.annotations.GenericGenerator(name = "system-uuid", strategy = "uuid")
                                                                  ^
/Users/D061177/work/issta/hibernate-orm-stp-qualification/subject/hibernate-core/src/test/java/org/hibernate/orm/test/annotations/id/sequences/package-info.java:12: warning: [removal] GenericGenerators in org.hibernate.annotations has been deprecated and marked for removal
@org.hibernate.annotations.GenericGenerators(
                          ^
/Users/D061177/work/issta/hibernate-orm-stp-qualification/subject/hibernate-core/src/test/java/org/hibernate/orm/test/annotations/id/sequences/package-info.java:13: warning: [removal] GenericGenerator in org.hibernate.annotations has been deprecated and marked for removal
		@org.hibernate.annotations.GenericGenerator(name = "system-uuid-2", strategy = "uuid")
		                          ^
/Users/D061177/work/issta/hibernate-orm-stp-qualification/subject/hibernate-core/src/test/java/org/hibernate/orm/test/annotations/id/sequences/package-info.java:13: warning: [removal] strategy() in GenericGenerator has been deprecated and marked for removal
		@org.hibernate.annotations.GenericGenerator(name = "system-uuid-2", strategy = "uuid")
		                                                                    ^
/Users/D061177/work/issta/hibernate-orm-stp-qualification/subject/hibernate-core/src/test/java/org/hibernate/orm/test/annotations/id/package-info.java:11: warning: [removal] GenericGenerator in org.hibernate.annotations has been deprecated and marked for removal
@org.hibernate.annotations.GenericGenerator(name = "system-uuid", strategy = "uuid")
                          ^
/Users/D061177/work/issta/hibernate-orm-stp-qualification/subject/hibernate-core/src/test/java/org/hibernate/orm/test/annotations/id/package-info.java:11: warning: [removal] strategy() in GenericGenerator has been deprecated and marked for removal
@org.hibernate.annotations.GenericGenerator(name = "system-uuid", strategy = "uuid")
                                                                  ^
/Users/D061177/work/issta/hibernate-orm-stp-qualification/subject/hibernate-core/src/test/java/org/hibernate/orm/test/annotations/id/package-info.java:12: warning: [removal] GenericGenerators in org.hibernate.annotations has been deprecated and marked for removal
@org.hibernate.annotations.GenericGenerators(
                          ^
/Users/D061177/work/issta/hibernate-orm-stp-qualification/subject/hibernate-core/src/test/java/org/hibernate/orm/test/annotations/id/package-info.java:13: warning: [removal] GenericGenerator in org.hibernate.annotations has been deprecated and marked for removal
		@org.hibernate.annotations.GenericGenerator(name = "system-uuid-2", strategy = "uuid")
		                          ^
/Users/D061177/work/issta/hibernate-orm-stp-qualification/subject/hibernate-core/src/test/java/org/hibernate/orm/test/annotations/id/package-info.java:13: warning: [removal] strategy() in GenericGenerator has been deprecated and marked for removal
		@org.hibernate.annotations.GenericGenerator(name = "system-uuid-2", strategy = "uuid")
		                                                                    ^
/Users/D061177/work/issta/hibernate-orm-stp-qualification/subject/hibernate-core/src/test/java/org/hibernate/orm/test/annotations/id/package-info.java:11: warning: [removal] GenericGenerator in org.hibernate.annotations has been deprecated and marked for removal
@org.hibernate.annotations.GenericGenerator(name = "system-uuid", strategy = "uuid")
                          ^
/Users/D061177/work/issta/hibernate-orm-stp-qualification/subject/hibernate-core/src/test/java/org/hibernate/orm/test/annotations/id/package-info.java:11: warning: [removal] strategy() in GenericGenerator has been deprecated and marked for removal
@org.hibernate.annotations.GenericGenerator(name = "system-uuid", strategy = "uuid")
                                                                  ^
/Users/D061177/work/issta/hibernate-orm-stp-qualification/subject/hibernate-core/src/test/java/org/hibernate/orm/test/annotations/id/package-info.java:12: warning: [removal] GenericGenerators in org.hibernate.annotations has been deprecated and marked for removal
@org.hibernate.annotations.GenericGenerators(
                          ^
/Users/D061177/work/issta/hibernate-orm-stp-qualification/subject/hibernate-core/src/test/java/org/hibernate/orm/test/annotations/id/package-info.java:13: warning: [removal] GenericGenerator in org.hibernate.annotations has been deprecated and marked for removal
		@org.hibernate.annotations.GenericGenerator(name = "system-uuid-2", strategy = "uuid")
		                          ^
/Users/D061177/work/issta/hibernate-orm-stp-qualification/subject/hibernate-core/src/test/java/org/hibernate/orm/test/annotations/id/package-info.java:13: warning: [removal] strategy() in GenericGenerator has been deprecated and marked for removal
		@org.hibernate.annotations.GenericGenerator(name = "system-uuid-2", strategy = "uuid")
		                                                                    ^
/Users/D061177/work/issta/hibernate-orm-stp-qualification/subject/hibernate-core/src/test/java/org/hibernate/orm/test/annotations/id/package-info.java:11: warning: [removal] GenericGenerator in org.hibernate.annotations has been deprecated and marked for removal
@org.hibernate.annotations.GenericGenerator(name = "system-uuid", strategy = "uuid")
                          ^
/Users/D061177/work/issta/hibernate-orm-stp-qualification/subject/hibernate-core/src/test/java/org/hibernate/orm/test/annotations/id/package-info.java:11: warning: [removal] strategy() in GenericGenerator has been deprecated and marked for removal
@org.hibernate.annotations.GenericGenerator(name = "system-uuid", strategy = "uuid")
                                                                  ^
/Users/D061177/work/issta/hibernate-orm-stp-qualification/subject/hibernate-core/src/test/java/org/hibernate/orm/test/annotations/id/package-info.java:12: warning: [removal] GenericGenerators in org.hibernate.annotations has been deprecated and marked for removal
@org.hibernate.annotations.GenericGenerators(
                          ^
/Users/D061177/work/issta/hibernate-orm-stp-qualification/subject/hibernate-core/src/test/java/org/hibernate/orm/test/annotations/id/package-info.java:13: warning: [removal] GenericGenerator in org.hibernate.annotations has been deprecated and marked for removal
		@org.hibernate.annotations.GenericGenerator(name = "system-uuid-2", strategy = "uuid")
		                          ^
/Users/D061177/work/issta/hibernate-orm-stp-qualification/subject/hibernate-core/src/test/java/org/hibernate/orm/test/annotations/id/package-info.java:13: warning: [removal] strategy() in GenericGenerator has been deprecated and marked for removal
		@org.hibernate.annotations.GenericGenerator(name = "system-uuid-2", strategy = "uuid")
		                                                                    ^
/Users/D061177/work/issta/hibernate-orm-stp-qualification/subject/hibernate-core/src/test/java/org/hibernate/orm/test/annotations/id/package-info.java:11: warning: [removal] GenericGenerator in org.hibernate.annotations has been deprecated and marked for removal
@org.hibernate.annotations.GenericGenerator(name = "system-uuid", strategy = "uuid")
                          ^
Note: Some input files use or override a deprecated API.
Note: Recompile with -Xlint:deprecation for details.
Note: Some input files additionally use or override a deprecated API that is marked for removal.
Note: Some input files use unchecked or unsafe operations.
Note: Recompile with -Xlint:unchecked for details.
100 warnings
Picked up JAVA_TOOL_OPTIONS: -XX:ActiveProcessorCount=3
10:10:30 PM PIT >> INFO : Verbose logging is disabled. If you encounter a problem, please enable it before reporting an issue.
10:10:31 PM PIT >> INFO : Created 1 mutation test units in pre scan
10:10:40 PM PIT >> INFO : MINION : Picked up JAVA_TOOL_OPTIONS: -XX:ActiveProcessorCount=3
10:10:41 PM PIT >> INFO : Sending 932 test classes to minion
10:10:41 PM PIT >> INFO : Sent tests to minion
10:10:42 PM PIT >> SEVERE : Coverage generator Minion exited abnormally due to UNKNOWN_ERROR
Exception in thread "main" org.pitest.util.PitError: Coverage generation minion exited abnormally! (UNKNOWN_ERROR)

Please copy and paste the information and the complete stacktrace below when reporting an issue
VM : OpenJDK 64-Bit Server VM
Vendor : SAP SE
Version : 25.0.4.1+1-LTS
Uptime : 14982
Input ->
 1 : -XX:ActiveProcessorCount=3
 2 : -Dfile.encoding=UTF-8
 3 : -Duser.country=US
 4 : -Duser.language=en
 5 : -Duser.variant
BootClassPathSupported : false


Please copy and paste the information and the complete stacktrace below when reporting an issue
VM : OpenJDK 64-Bit Server VM
Vendor : SAP SE
Version : 25.0.4.1+1-LTS
Uptime : 14982
Input ->
 1 : -XX:ActiveProcessorCount=3
 2 : -Dfile.encoding=UTF-8
 3 : -Duser.country=US
 4 : -Duser.language=en
 5 : -Duser.variant
BootClassPathSupported : false

	at org.pitest.util.Unchecked.translateCheckedException(Unchecked.java:20)
	at org.pitest.coverage.execute.DefaultCoverageGenerator.calculateCoverage(DefaultCoverageGenerator.java:118)
	at org.pitest.coverage.execute.DefaultCoverageGenerator.calculateCoverage(DefaultCoverageGenerator.java:53)
	at org.pitest.mutationtest.tooling.MutationCoverage.runAnalysis(MutationCoverage.java:158)
	at org.pitest.mutationtest.tooling.MutationCoverage.runReport(MutationCoverage.java:145)
	at org.pitest.mutationtest.tooling.EntryPoint.execute(EntryPoint.java:138)
	at org.pitest.mutationtest.tooling.EntryPoint.execute(EntryPoint.java:64)
	at org.pitest.mutationtest.commandline.MutationCoverageReport.runReport(MutationCoverageReport.java:98)
	at org.pitest.mutationtest.commandline.MutationCoverageReport.main(MutationCoverageReport.java:45)
Caused by: org.pitest.util.PitError: Coverage generation minion exited abnormally! (UNKNOWN_ERROR)

Please copy and paste the information and the complete stacktrace below when reporting an issue
VM : OpenJDK 64-Bit Server VM
Vendor : SAP SE
Version : 25.0.4.1+1-LTS
Uptime : 14982
Input ->
 1 : -XX:ActiveProcessorCount=3
 2 : -Dfile.encoding=UTF-8
 3 : -Duser.country=US
 4 : -Duser.language=en
 5 : -Duser.variant
BootClassPathSupported : false

	at org.pitest.coverage.execute.DefaultCoverageGenerator.gatherCoverageData(DefaultCoverageGenerator.java:157)
	at org.pitest.coverage.execute.DefaultCoverageGenerator.calculateCoverage(DefaultCoverageGenerator.java:101)
	... 7 more

FAILURE: Build failed with an exception.

* What went wrong:
Execution failed for task ':hibernate-core:pitest' (registered by plugin class 'info.solidsoft.gradle.pitest.PitestPlugin').
> Process 'command '/private/tmp/sapmachine25/sapmachine-jdk-25.0.4.1.jdk/Contents/Home/bin/java'' finished with non-zero exit value 1

* Try:
> Run with --stacktrace option to get the stack trace.
> Run with --info or --debug option to get more log output.
> Get more help at https://help.gradle.org.

BUILD FAILED in 13m 13s
