Picked up JAVA_TOOL_OPTIONS: -XX:ActiveProcessorCount=1
21:41:30 PIT >> INFO : Verbose logging is disabled. If you encounter a problem, please enable it before reporting an issue.
21:41:31 PIT >> INFO : Created 1 mutation test units in pre scan
21:41:31 PIT >> INFO : MINION : Picked up JAVA_TOOL_OPTIONS: -XX:ActiveProcessorCount=1
21:41:31 PIT >> INFO : Sending 38 test classes to minion
21:41:31 PIT >> INFO : Sent tests to minion
21:41:31 PIT >> INFO : MINION : Failed to set JaCoCo session: org.jacoco.agent.rt.RT
21:41:31 PIT >> INFO : MINION : Failed to dump JaCoCo execution data: org.jacoco.agent.rt.RT
21:41:31 PIT >> INFO : MINION : Failed to set JaCoCo session: org.jacoco.agent.rt.RT
21:41:31 PIT >> INFO : MINION : Failed to dump JaCoCo execution data: org.jacoco.agent.rt.RT
21:41:31 PIT >> INFO : MINION : Failed to set JaCoCo session: org.jacoco.agent.rt.RT
21:41:31 PIT >> INFO : MINION : Failed to dump JaCoCo execution data: org.jacoco.agent.rt.RT
21:41:31 PIT >> INFO : MINION : Failed to set JaCoCo session: org.jacoco.agent.rt.RT
21:41:31 PIT >> INFO : MINION : Failed to dump JaCoCo execution data: org.jacoco.agent.rt.RT
21:41:31 PIT >> INFO : MINION : Failed to set JaCoCo session: org.jacoco.agent.rt.RT
21:41:31 PIT >> INFO : MINION : Failed to dump JaCoCo execution data: org.jacoco.agent.rt.RT
21:41:31 PIT >> INFO : MINION : Failed to set JaCoCo session: org.jacoco.agent.rt.RT
21:41:31 PIT >> INFO : MINION : Failed to dump JaCoCo execution data: org.jacoco.agent.rt.RT
21:41:31 PIT >> INFO : MINION : Failed to set JaCoCo session: org.jacoco.agent.rt.RT
21:41:31 PIT >> INFO : MINION : Failed to dump JaCoCo execution data: org.jacoco.agent.rt.RT
21:41:31 PIT >> INFO : MINION : Failed to set JaCoCo session: org.jacoco.agent.rt.RT
21:41:31 PIT >> INFO : MINION : Failed to dump JaCoCo execution data: org.jacoco.agent.rt.RT
21:41:31 PIT >> INFO : MINION : Failed to set JaCoCo session: org.jacoco.agent.rt.RT
21:41:31 PIT >> INFO : MINION : Failed to dump JaCoCo execution data: org.jacoco.agent.rt.RT
21:41:31 PIT >> INFO : MINION : Failed to set JaCoCo session: org.jacoco.agent.rt.RT
21:41:31 PIT >> INFO : MINION : Failed to dump JaCoCo execution data: org.jacoco.agent.rt.RT
21:41:31 PIT >> INFO : MINION : Failed to set JaCoCo session: org.jacoco.agent.rt.RT
21:41:31 PIT >> INFO : MINION : Failed to dump JaCoCo execution data: org.jacoco.agent.rt.RT
21:41:32 PIT >> INFO : MINION : Failed to set JaCoCo session: org.jacoco.agent.rt.RT
21:41:32 PIT >> INFO : MINION : Failed to dump JaCoCo execution data: org.jacoco.agent.rt.RT
21:41:32 PIT >> INFO : MINION : Failed to set JaCoCo session: org.jacoco.agent.rt.RT
21:41:32 PIT >> INFO : MINION : Failed to dump JaCoCo execution data: org.jacoco.agent.rt.RT
21:41:32 PIT >> INFO : MINION : Failed to set JaCoCo session: org.jacoco.agent.rt.RT
21:41:32 PIT >> INFO : MINION : Failed to dump JaCoCo execution data: org.jacoco.agent.rt.RT
21:41:32 PIT >> INFO : MINION : Failed to set JaCoCo session: org.jacoco.agent.rt.RT
21:41:32 PIT >> INFO : MINION : Failed to dump JaCoCo execution data: org.jacoco.agent.rt.RT
21:41:32 PIT >> INFO : MINION : Failed to set JaCoCo session: org.jacoco.agent.rt.RT
21:41:32 PIT >> INFO : MINION : Failed to dump JaCoCo execution data: org.jacoco.agent.rt.RT
21:41:32 PIT >> INFO : MINION : Failed to set JaCoCo session: org.jacoco.agent.rt.RT
21:41:32 PIT >> INFO : MINION : Failed to dump JaCoCo execution data: org.jacoco.agent.rt.RT
21:41:32 PIT >> INFO : MINION : Failed to set JaCoCo session: org.jacoco.agent.rt.RT
21:41:32 PIT >> INFO : MINION : Failed to dump JaCoCo execution data: org.jacoco.agent.rt.RT
21:41:32 PIT >> INFO : MINION : Failed to set JaCoCo session: org.jacoco.agent.rt.RT
21:41:32 PIT >> INFO : MINION : Failed to dump JaCoCo execution data: org.jacoco.agent.rt.RT
21:41:32 PIT >> INFO : MINION : Failed to set JaCoCo session: org.jacoco.agent.rt.RT
21:41:32 PIT >> INFO : MINION : Failed to dump JaCoCo execution data: org.jacoco.agent.rt.RT
21:41:32 PIT >> INFO : MINION : Failed to set JaCoCo session: org.jacoco.agent.rt.RT
21:41:32 PIT >> INFO : MINION : Failed to dump JaCoCo execution data: org.jacoco.agent.rt.RT
21:41:32 PIT >> INFO : MINION : Failed to set JaCoCo session: org.jacoco.agent.rt.RT
21:41:32 PIT >> INFO : MINION : Failed to dump JaCoCo execution data: org.jacoco.agent.rt.RT
21:41:32 PIT >> INFO : MINION : Failed to set JaCoCo session: org.jacoco.agent.rt.RT
21:41:32 PIT >> INFO : MINION : Failed to dump JaCoCo execution data: org.jacoco.agent.rt.RT
21:41:32 PIT >> INFO : MINION : Failed to set JaCoCo session: org.jacoco.agent.rt.RT
21:41:32 PIT >> INFO : MINION : Failed to dump JaCoCo execution data: org.jacoco.agent.rt.RT
21:41:32 PIT >> INFO : MINION : Failed to set JaCoCo session: org.jacoco.agent.rt.RT
21:41:32 PIT >> INFO : MINION : Failed to dump JaCoCo execution data: org.jacoco.agent.rt.RT
21:41:32 PIT >> INFO : MINION : Failed to set JaCoCo session: org.jacoco.agent.rt.RT
21:41:32 PIT >> INFO : MINION : Failed to dump JaCoCo execution data: org.jacoco.agent.rt.RT
21:41:32 PIT >> INFO : MINION : Failed to set JaCoCo session: org.jacoco.agent.rt.RT
21:41:32 PIT >> INFO : MINION : Failed to dump JaCoCo execution data: org.jacoco.agent.rt.RT
21:41:32 PIT >> INFO : MINION : Failed to set JaCoCo session: org.jacoco.agent.rt.RT
21:41:32 PIT >> INFO : MINION : Failed to dump JaCoCo execution data: org.jacoco.agent.rt.RT
21:41:32 PIT >> INFO : MINION : Failed to set JaCoCo session: org.jacoco.agent.rt.RT
21:41:32 PIT >> INFO : MINION : Failed to dump JaCoCo execution data: org.jacoco.agent.rt.RT
21:41:32 PIT >> INFO : MINION : Failed to set JaCoCo session: org.jacoco.agent.rt.RT
21:41:32 PIT >> INFO : MINION : Failed to dump JaCoCo execution data: org.jacoco.agent.rt.RT
21:41:32 PIT >> INFO : MINION : Failed to set JaCoCo session: org.jacoco.agent.rt.RT
21:41:32 PIT >> INFO : MINION : Failed to dump JaCoCo execution data: org.jacoco.agent.rt.RT
21:41:32 PIT >> INFO : MINION : Failed to set JaCoCo session: org.jacoco.agent.rt.RT
21:41:32 PIT >> INFO : MINION : Failed to dump JaCoCo execution data: org.jacoco.agent.rt.RT
21:41:32 PIT >> INFO : MINION : Failed to set JaCoCo session: org.jacoco.agent.rt.RT
21:41:32 PIT >> INFO : MINION : Failed to dump JaCoCo execution data: org.jacoco.agent.rt.RT
21:41:32 PIT >> INFO : MINION : Failed to set JaCoCo session: org.jacoco.agent.rt.RT
21:41:32 PIT >> INFO : MINION : Failed to dump JaCoCo execution data: org.jacoco.agent.rt.RT
21:41:32 PIT >> INFO : MINION : Failed to set JaCoCo session: org.jacoco.agent.rt.RT
21:41:32 PIT >> INFO : MINION : Failed to dump JaCoCo execution data: org.jacoco.agent.rt.RT
21:41:32 PIT >> INFO : MINION : Failed to set JaCoCo session: org.jacoco.agent.rt.RT
21:41:32 PIT >> INFO : MINION : Failed to dump JaCoCo execution data: org.jacoco.agent.rt.RT
21:41:32 PIT >> INFO : MINION : Failed to set JaCoCo session: org.jacoco.agent.rt.RT
21:41:32 PIT >> INFO : MINION : Failed to dump JaCoCo execution data: org.jacoco.agent.rt.RT
21:41:32 PIT >> INFO : MINION : Failed to set JaCoCo session: org.jacoco.agent.rt.RT
21:41:32 PIT >> INFO : MINION : Failed to dump JaCoCo execution data: org.jacoco.agent.rt.RT
21:41:32 PIT >> INFO : MINION : Failed to set JaCoCo session: org.jacoco.agent.rt.RT
21:41:32 PIT >> INFO : MINION : Failed to dump JaCoCo execution data: org.jacoco.agent.rt.RT
21:41:32 PIT >> INFO : MINION : Failed to set JaCoCo session: org.jacoco.agent.rt.RT
21:41:32 PIT >> INFO : MINION : Failed to dump JaCoCo execution data: org.jacoco.agent.rt.RT
21:41:32 PIT >> INFO : MINION : Failed to set JaCoCo session: org.jacoco.agent.rt.RT
21:41:32 PIT >> INFO : MINION : Failed to dump JaCoCo execution data: org.jacoco.agent.rt.RT
21:41:32 PIT >> INFO : MINION : Failed to set JaCoCo session: org.jacoco.agent.rt.RT
21:41:32 PIT >> INFO : MINION : Failed to dump JaCoCo execution data: org.jacoco.agent.rt.RT
21:41:32 PIT >> INFO : MINION : Failed to set JaCoCo session: org.jacoco.agent.rt.RT
21:41:32 PIT >> INFO : MINION : Failed to dump JaCoCo execution data: org.jacoco.agent.rt.RT
21:41:32 PIT >> INFO : MINION : Failed to set JaCoCo session: org.jacoco.agent.rt.RT
21:41:32 PIT >> INFO : MINION : Failed to dump JaCoCo execution data: org.jacoco.agent.rt.RT
21:41:32 PIT >> INFO : MINION : Failed to set JaCoCo session: org.jacoco.agent.rt.RT
21:41:32 PIT >> INFO : MINION : Failed to dump JaCoCo execution data: org.jacoco.agent.rt.RT
21:41:32 PIT >> INFO : MINION : Failed to set JaCoCo session: org.jacoco.agent.rt.RT
21:41:32 PIT >> INFO : MINION : Failed to dump JaCoCo execution data: org.jacoco.agent.rt.RT
21:41:32 PIT >> INFO : MINION : Failed to set JaCoCo session: org.jacoco.agent.rt.RT
21:41:32 PIT >> INFO : MINION : Failed to dump JaCoCo execution data: org.jacoco.agent.rt.RT
21:41:32 PIT >> INFO : MINION : Failed to set JaCoCo session: org.jacoco.agent.rt.RT
21:41:32 PIT >> INFO : MINION : Failed to dump JaCoCo execution data: org.jacoco.agent.rt.RT
21:41:32 PIT >> INFO : MINION : Failed to set JaCoCo session: org.jacoco.agent.rt.RT
21:41:32 PIT >> INFO : MINION : Failed to dump JaCoCo execution data: org.jacoco.agent.rt.RT
21:41:32 PIT >> INFO : MINION : Failed to set JaCoCo session: org.jacoco.agent.rt.RT
21:41:32 PIT >> INFO : MINION : Failed to dump JaCoCo execution data: org.jacoco.agent.rt.RT
21:41:32 PIT >> INFO : MINION : Failed to set JaCoCo session: org.jacoco.agent.rt.RT
21:41:32 PIT >> INFO : MINION : Failed to dump JaCoCo execution data: org.jacoco.agent.rt.RT
21:41:32 PIT >> INFO : MINION : Failed to set JaCoCo session: org.jacoco.agent.rt.RT
21:41:32 PIT >> INFO : MINION : Failed to dump JaCoCo execution data: org.jacoco.agent.rt.RT
21:41:32 PIT >> INFO : MINION : Failed to set JaCoCo session: org.jacoco.agent.rt.RT
21:41:32 PIT >> INFO : MINION : Failed to dump JaCoCo execution data: org.jacoco.agent.rt.RT
21:41:32 PIT >> INFO : MINION : Failed to set JaCoCo session: org.jacoco.agent.rt.RT
21:41:32 PIT >> INFO : MINION : Failed to dump JaCoCo execution data: org.jacoco.agent.rt.RT
21:41:32 PIT >> INFO : MINION : Failed to set JaCoCo session: org.jacoco.agent.rt.RT
21:41:32 PIT >> INFO : MINION : Failed to dump JaCoCo execution data: org.jacoco.agent.rt.RT
21:41:32 PIT >> INFO : MINION : Failed to set JaCoCo session: org.jacoco.agent.rt.RT
21:41:32 PIT >> INFO : MINION : Failed to dump JaCoCo execution data: org.jacoco.agent.rt.RT
21:41:32 PIT >> INFO : MINION : Failed to set JaCoCo session: org.jacoco.agent.rt.RT
21:41:32 PIT >> INFO : MINION : Failed to dump JaCoCo execution data: org.jacoco.agent.rt.RT
21:41:32 PIT >> INFO : MINION : Failed to set JaCoCo session: org.jacoco.agent.rt.RT
21:41:32 PIT >> INFO : MINION : Failed to dump JaCoCo execution data: org.jacoco.agent.rt.RT
21:41:32 PIT >> INFO : MINION : Failed to set JaCoCo session: org.jacoco.agent.rt.RT
21:41:32 PIT >> INFO : MINION : Failed to dump JaCoCo execution data: org.jacoco.agent.rt.RT
21:41:32 PIT >> INFO : MINION : Failed to set JaCoCo session: org.jacoco.agent.rt.RT
21:41:32 PIT >> INFO : MINION : Failed to dump JaCoCo execution data: org.jacoco.agent.rt.RT
21:41:32 PIT >> INFO : MINION : Failed to set JaCoCo session: org.jacoco.agent.rt.RT
21:41:32 PIT >> INFO : MINION : Failed to dump JaCoCo execution data: org.jacoco.agent.rt.RT
21:41:32 PIT >> INFO : MINION : Failed to set JaCoCo session: org.jacoco.agent.rt.RT
21:41:32 PIT >> INFO : MINION : Failed to dump JaCoCo execution data: org.jacoco.agent.rt.RT
21:41:32 PIT >> INFO : MINION : Failed to set JaCoCo session: org.jacoco.agent.rt.RT
21:41:32 PIT >> INFO : MINION : Failed to dump JaCoCo execution data: org.jacoco.agent.rt.RT
21:41:32 PIT >> INFO : MINION : Failed to set JaCoCo session: org.jacoco.agent.rt.RT
21:41:32 PIT >> INFO : MINION : Failed to dump JaCoCo execution data: org.jacoco.agent.rt.RT
21:41:32 PIT >> INFO : MINION : Failed to set JaCoCo session: org.jacoco.agent.rt.RT
21:41:32 PIT >> INFO : MINION : Failed to dump JaCoCo execution data: org.jacoco.agent.rt.RT
21:41:32 PIT >> INFO : MINION : Failed to set JaCoCo session: org.jacoco.agent.rt.RT
21:41:32 PIT >> INFO : MINION : Failed to dump JaCoCo execution data: org.jacoco.agent.rt.RT
21:41:32 PIT >> INFO : MINION : Failed to set JaCoCo session: org.jacoco.agent.rt.RT
21:41:32 PIT >> INFO : MINION : Failed to dump JaCoCo execution data: org.jacoco.agent.rt.RT
21:41:32 PIT >> INFO : Calculated coverage in 1 seconds.
21:41:32 PIT >> INFO : Created 1 mutation test units
21:41:46 PIT >> INFO : Completed in 15 seconds
