09:51:06 PIT >> INFO : Verbose logging is disabled. If you encounter a problem, please enable it before reporting an issue.
09:51:06 PIT >> INFO : Created 1 mutation test units in pre scan
09:51:06 PIT >> INFO : MINION : WARNING: Unknown module: org.jgrapht.core specified to --add-opens
09:51:06 PIT >> INFO : MINION : WARNING: Unknown module: org.jgrapht.core specified to --add-opens
09:51:06 PIT >> INFO : MINION : WARNING: Unknown module: org.jgrapht.core specified to --add-opens
09:51:06 PIT >> INFO : MINION : WARNING: Unknown module: org.jgrapht.core specified to --add-opens
09:51:06 PIT >> INFO : MINION : WARNING: Unknown module: org.jgrapht.core specified to --add-opens
09:51:06 PIT >> INFO : MINION : WARNING: Unknown module: org.jgrapht.core specified to --add-opens
09:51:06 PIT >> INFO : MINION : WARNING: Unknown module: org.jgrapht.core specified to --add-opens
09:51:06 PIT >> INFO : MINION : WARNING: Unknown module: org.jgrapht.core specified to --add-opens
09:51:06 PIT >> INFO : MINION : WARNING: Unknown module: org.jgrapht.core specified to --add-opens
09:51:06 PIT >> INFO : MINION : WARNING: Unknown module: org.jgrapht.core specified to --add-opens
09:51:06 PIT >> INFO : MINION : WARNING: Unknown module: org.jgrapht.core specified to --add-opens
09:51:06 PIT >> INFO : MINION : WARNING: Unknown module: org.jgrapht.core specified to --add-opens
09:51:06 PIT >> INFO : MINION : WARNING: Unknown module: org.jgrapht.core specified to --add-opens
09:51:06 PIT >> INFO : MINION : WARNING: Unknown module: org.jgrapht.core specified to --add-opens
09:51:06 PIT >> INFO : MINION : WARNING: Unknown module: org.jgrapht.core specified to --add-opens
09:51:06 PIT >> INFO : MINION : WARNING: Unknown module: org.jgrapht.core specified to --add-opens
09:51:06 PIT >> INFO : MINION : WARNING: Unknown module: org.jgrapht.core specified to --add-opens
09:51:06 PIT >> INFO : MINION : WARNING: Unknown module: org.jgrapht.core specified to --add-opens
09:51:06 PIT >> INFO : MINION : WARNING: Unknown module: org.jgrapht.core specified to --add-opens
09:51:06 PIT >> INFO : MINION : WARNING: Unknown module: org.jgrapht.core specified to --add-opens
09:51:06 PIT >> INFO : MINION : WARNING: Unknown module: org.jgrapht.core specified to --add-opens
09:51:06 PIT >> INFO : MINION : WARNING: Unknown module: org.jgrapht.core specified to --add-opens
09:51:06 PIT >> INFO : MINION : WARNING: Unknown module: org.jgrapht.core specified to --add-opens
09:51:06 PIT >> INFO : MINION : WARNING: Unknown module: org.jgrapht.core specified to --add-opens
09:51:06 PIT >> INFO : MINION : WARNING: Unknown module: org.jgrapht.core specified to --add-opens
09:51:06 PIT >> INFO : MINION : WARNING: Unknown module: org.jgrapht.core specified to --add-opens
09:51:06 PIT >> INFO : MINION : WARNING: Unknown module: org.jgrapht.core specified to --add-opens
09:51:06 PIT >> INFO : MINION : WARNING: Unknown module: org.jgrapht.core specified to --add-opens
09:51:06 PIT >> INFO : MINION : WARNING: Unknown module: org.jgrapht.core specified to --add-opens
09:51:06 PIT >> INFO : MINION : WARNING: Unknown module: org.jgrapht.core specified to --add-opens
09:51:06 PIT >> INFO : Sending 10 test classes to minion
09:51:06 PIT >> INFO : Sent tests to minion
09:51:15 PIT >> INFO : Calculated coverage in 9 seconds.
09:51:16 PIT >> INFO : Created 1 mutation test units
09:52:33 PIT >> INFO : Completed in 86 seconds
