09:47:16 PIT >> INFO : Verbose logging is disabled. If you encounter a problem, please enable it before reporting an issue.
09:47:16 PIT >> INFO : Created 1 mutation test units in pre scan
09:47:16 PIT >> INFO : MINION : WARNING: Unknown module: org.jgrapht.core specified to --add-opens
09:47:16 PIT >> INFO : MINION : WARNING: Unknown module: org.jgrapht.core specified to --add-opens
09:47:16 PIT >> INFO : MINION : WARNING: Unknown module: org.jgrapht.core specified to --add-opens
09:47:16 PIT >> INFO : MINION : WARNING: Unknown module: org.jgrapht.core specified to --add-opens
09:47:16 PIT >> INFO : MINION : WARNING: Unknown module: org.jgrapht.core specified to --add-opens
09:47:16 PIT >> INFO : MINION : WARNING: Unknown module: org.jgrapht.core specified to --add-opens
09:47:16 PIT >> INFO : MINION : WARNING: Unknown module: org.jgrapht.core specified to --add-opens
09:47:16 PIT >> INFO : MINION : WARNING: Unknown module: org.jgrapht.core specified to --add-opens
09:47:16 PIT >> INFO : MINION : WARNING: Unknown module: org.jgrapht.core specified to --add-opens
09:47:16 PIT >> INFO : MINION : WARNING: Unknown module: org.jgrapht.core specified to --add-opens
09:47:16 PIT >> INFO : MINION : WARNING: Unknown module: org.jgrapht.core specified to --add-opens
09:47:16 PIT >> INFO : MINION : WARNING: Unknown module: org.jgrapht.core specified to --add-opens
09:47:16 PIT >> INFO : MINION : WARNING: Unknown module: org.jgrapht.core specified to --add-opens
09:47:16 PIT >> INFO : MINION : WARNING: Unknown module: org.jgrapht.core specified to --add-opens
09:47:16 PIT >> INFO : MINION : WARNING: Unknown module: org.jgrapht.core specified to --add-opens
09:47:16 PIT >> INFO : MINION : WARNING: Unknown module: org.jgrapht.core specified to --add-opens
09:47:16 PIT >> INFO : MINION : WARNING: Unknown module: org.jgrapht.core specified to --add-opens
09:47:16 PIT >> INFO : MINION : WARNING: Unknown module: org.jgrapht.core specified to --add-opens
09:47:16 PIT >> INFO : MINION : WARNING: Unknown module: org.jgrapht.core specified to --add-opens
09:47:16 PIT >> INFO : MINION : WARNING: Unknown module: org.jgrapht.core specified to --add-opens
09:47:16 PIT >> INFO : MINION : WARNING: Unknown module: org.jgrapht.core specified to --add-opens
09:47:16 PIT >> INFO : MINION : WARNING: Unknown module: org.jgrapht.core specified to --add-opens
09:47:16 PIT >> INFO : MINION : WARNING: Unknown module: org.jgrapht.core specified to --add-opens
09:47:16 PIT >> INFO : MINION : WARNING: Unknown module: org.jgrapht.core specified to --add-opens
09:47:16 PIT >> INFO : MINION : WARNING: Unknown module: org.jgrapht.core specified to --add-opens
09:47:16 PIT >> INFO : MINION : WARNING: Unknown module: org.jgrapht.core specified to --add-opens
09:47:16 PIT >> INFO : MINION : WARNING: Unknown module: org.jgrapht.core specified to --add-opens
09:47:16 PIT >> INFO : MINION : WARNING: Unknown module: org.jgrapht.core specified to --add-opens
09:47:16 PIT >> INFO : MINION : WARNING: Unknown module: org.jgrapht.core specified to --add-opens
09:47:16 PIT >> INFO : MINION : WARNING: Unknown module: org.jgrapht.core specified to --add-opens
09:47:16 PIT >> INFO : Sending 31 test classes to minion
09:47:16 PIT >> INFO : Sent tests to minion
09:47:18 PIT >> INFO : Calculated coverage in 2 seconds.
09:47:18 PIT >> INFO : Created 1 mutation test units
09:47:33 PIT >> WARNING : Minion exited abnormally due to TIMED_OUT
09:47:45 PIT >> WARNING : Minion exited abnormally due to TIMED_OUT
09:48:03 PIT >> WARNING : Minion exited abnormally due to TIMED_OUT
09:48:19 PIT >> WARNING : Minion exited abnormally due to TIMED_OUT
09:48:45 PIT >> WARNING : Minion exited abnormally due to TIMED_OUT
09:49:01 PIT >> WARNING : Minion exited abnormally due to TIMED_OUT
09:49:13 PIT >> WARNING : Minion exited abnormally due to TIMED_OUT
09:49:33 PIT >> WARNING : Minion exited abnormally due to TIMED_OUT
09:49:52 PIT >> WARNING : Minion exited abnormally due to TIMED_OUT
09:50:05 PIT >> WARNING : Minion exited abnormally due to TIMED_OUT
09:50:18 PIT >> WARNING : Minion exited abnormally due to TIMED_OUT
09:50:36 PIT >> WARNING : Minion exited abnormally due to TIMED_OUT
09:50:51 PIT >> WARNING : Minion exited abnormally due to TIMED_OUT
09:50:56 PIT >> INFO : Completed in 220 seconds
