Picked up JAVA_TOOL_OPTIONS: -XX:ActiveProcessorCount=1
19:04:33 PIT >> INFO : Verbose logging is disabled. If you encounter a problem, please enable it before reporting an issue.
19:04:33 PIT >> INFO : Created 1 mutation test units in pre scan
19:04:33 PIT >> INFO : MINION : Picked up JAVA_TOOL_OPTIONS: -XX:ActiveProcessorCount=1
19:04:33 PIT >> INFO : MINION : WARNING: Unknown module: org.jgrapht.core specified to --add-opens
19:04:33 PIT >> INFO : MINION : WARNING: Unknown module: org.jgrapht.core specified to --add-opens
19:04:33 PIT >> INFO : MINION : WARNING: Unknown module: org.jgrapht.core specified to --add-opens
19:04:33 PIT >> INFO : MINION : WARNING: Unknown module: org.jgrapht.core specified to --add-opens
19:04:33 PIT >> INFO : MINION : WARNING: Unknown module: org.jgrapht.core specified to --add-opens
19:04:33 PIT >> INFO : MINION : WARNING: Unknown module: org.jgrapht.core specified to --add-opens
19:04:33 PIT >> INFO : MINION : WARNING: Unknown module: org.jgrapht.core specified to --add-opens
19:04:33 PIT >> INFO : MINION : WARNING: Unknown module: org.jgrapht.core specified to --add-opens
19:04:33 PIT >> INFO : MINION : WARNING: Unknown module: org.jgrapht.core specified to --add-opens
19:04:33 PIT >> INFO : MINION : WARNING: Unknown module: org.jgrapht.core specified to --add-opens
19:04:33 PIT >> INFO : MINION : WARNING: Unknown module: org.jgrapht.core specified to --add-opens
19:04:33 PIT >> INFO : MINION : WARNING: Unknown module: org.jgrapht.core specified to --add-opens
19:04:33 PIT >> INFO : MINION : WARNING: Unknown module: org.jgrapht.core specified to --add-opens
19:04:33 PIT >> INFO : MINION : WARNING: Unknown module: org.jgrapht.core specified to --add-opens
19:04:33 PIT >> INFO : MINION : WARNING: Unknown module: org.jgrapht.core specified to --add-opens
19:04:33 PIT >> INFO : MINION : WARNING: Unknown module: org.jgrapht.core specified to --add-opens
19:04:33 PIT >> INFO : MINION : WARNING: Unknown module: org.jgrapht.core specified to --add-opens
19:04:33 PIT >> INFO : MINION : WARNING: Unknown module: org.jgrapht.core specified to --add-opens
19:04:33 PIT >> INFO : MINION : WARNING: Unknown module: org.jgrapht.core specified to --add-opens
19:04:33 PIT >> INFO : MINION : WARNING: Unknown module: org.jgrapht.core specified to --add-opens
19:04:33 PIT >> INFO : MINION : WARNING: Unknown module: org.jgrapht.core specified to --add-opens
19:04:33 PIT >> INFO : MINION : WARNING: Unknown module: org.jgrapht.core specified to --add-opens
19:04:33 PIT >> INFO : MINION : WARNING: Unknown module: org.jgrapht.core specified to --add-opens
19:04:33 PIT >> INFO : MINION : WARNING: Unknown module: org.jgrapht.core specified to --add-opens
19:04:33 PIT >> INFO : MINION : WARNING: Unknown module: org.jgrapht.core specified to --add-opens
19:04:33 PIT >> INFO : MINION : WARNING: Unknown module: org.jgrapht.core specified to --add-opens
19:04:33 PIT >> INFO : MINION : WARNING: Unknown module: org.jgrapht.core specified to --add-opens
19:04:33 PIT >> INFO : MINION : WARNING: Unknown module: org.jgrapht.core specified to --add-opens
19:04:33 PIT >> INFO : MINION : WARNING: Unknown module: org.jgrapht.core specified to --add-opens
19:04:33 PIT >> INFO : MINION : WARNING: Unknown module: org.jgrapht.core specified to --add-opens
19:04:33 PIT >> INFO : Sending 29 test classes to minion
19:04:33 PIT >> INFO : Sent tests to minion
19:05:23 PIT >> INFO : Calculated coverage in 50 seconds.
19:05:23 PIT >> INFO : Created 1 mutation test units
19:05:24 PIT >> INFO : Completed in 51 seconds
