Picked up JAVA_TOOL_OPTIONS: -XX:ActiveProcessorCount=1
19:07:10 PIT >> INFO : Verbose logging is disabled. If you encounter a problem, please enable it before reporting an issue.
19:07:10 PIT >> INFO : Created 1 mutation test units in pre scan
19:07:11 PIT >> INFO : MINION : Picked up JAVA_TOOL_OPTIONS: -XX:ActiveProcessorCount=1
19:07:11 PIT >> INFO : MINION : WARNING: Unknown module: org.jgrapht.core specified to --add-opens
19:07:11 PIT >> INFO : MINION : WARNING: Unknown module: org.jgrapht.core specified to --add-opens
19:07:11 PIT >> INFO : MINION : WARNING: Unknown module: org.jgrapht.core specified to --add-opens
19:07:11 PIT >> INFO : MINION : WARNING: Unknown module: org.jgrapht.core specified to --add-opens
19:07:11 PIT >> INFO : MINION : WARNING: Unknown module: org.jgrapht.core specified to --add-opens
19:07:11 PIT >> INFO : MINION : WARNING: Unknown module: org.jgrapht.core specified to --add-opens
19:07:11 PIT >> INFO : MINION : WARNING: Unknown module: org.jgrapht.core specified to --add-opens
19:07:11 PIT >> INFO : MINION : WARNING: Unknown module: org.jgrapht.core specified to --add-opens
19:07:11 PIT >> INFO : MINION : WARNING: Unknown module: org.jgrapht.core specified to --add-opens
19:07:11 PIT >> INFO : MINION : WARNING: Unknown module: org.jgrapht.core specified to --add-opens
19:07:11 PIT >> INFO : MINION : WARNING: Unknown module: org.jgrapht.core specified to --add-opens
19:07:11 PIT >> INFO : MINION : WARNING: Unknown module: org.jgrapht.core specified to --add-opens
19:07:11 PIT >> INFO : MINION : WARNING: Unknown module: org.jgrapht.core specified to --add-opens
19:07:11 PIT >> INFO : MINION : WARNING: Unknown module: org.jgrapht.core specified to --add-opens
19:07:11 PIT >> INFO : MINION : WARNING: Unknown module: org.jgrapht.core specified to --add-opens
19:07:11 PIT >> INFO : MINION : WARNING: Unknown module: org.jgrapht.core specified to --add-opens
19:07:11 PIT >> INFO : MINION : WARNING: Unknown module: org.jgrapht.core specified to --add-opens
19:07:11 PIT >> INFO : MINION : WARNING: Unknown module: org.jgrapht.core specified to --add-opens
19:07:11 PIT >> INFO : MINION : WARNING: Unknown module: org.jgrapht.core specified to --add-opens
19:07:11 PIT >> INFO : MINION : WARNING: Unknown module: org.jgrapht.core specified to --add-opens
19:07:11 PIT >> INFO : MINION : WARNING: Unknown module: org.jgrapht.core specified to --add-opens
19:07:11 PIT >> INFO : MINION : WARNING: Unknown module: org.jgrapht.core specified to --add-opens
19:07:11 PIT >> INFO : MINION : WARNING: Unknown module: org.jgrapht.core specified to --add-opens
19:07:11 PIT >> INFO : MINION : WARNING: Unknown module: org.jgrapht.core specified to --add-opens
19:07:11 PIT >> INFO : MINION : WARNING: Unknown module: org.jgrapht.core specified to --add-opens
19:07:11 PIT >> INFO : MINION : WARNING: Unknown module: org.jgrapht.core specified to --add-opens
19:07:11 PIT >> INFO : MINION : WARNING: Unknown module: org.jgrapht.core specified to --add-opens
19:07:11 PIT >> INFO : MINION : WARNING: Unknown module: org.jgrapht.core specified to --add-opens
19:07:11 PIT >> INFO : MINION : WARNING: Unknown module: org.jgrapht.core specified to --add-opens
19:07:11 PIT >> INFO : MINION : WARNING: Unknown module: org.jgrapht.core specified to --add-opens
19:07:11 PIT >> INFO : Sending 19 test classes to minion
19:07:11 PIT >> INFO : Sent tests to minion
19:07:29 PIT >> INFO : Calculated coverage in 19 seconds.
19:07:29 PIT >> INFO : Created 1 mutation test units
19:07:57 PIT >> WARNING : Minion exited abnormally due to TIMED_OUT
19:09:28 PIT >> WARNING : Minion exited abnormally due to TIMED_OUT
19:11:25 PIT >> WARNING : Minion exited abnormally due to TIMED_OUT
19:12:44 PIT >> WARNING : Minion exited abnormally due to TIMED_OUT
19:13:58 PIT >> WARNING : Minion exited abnormally due to TIMED_OUT
19:14:38 PIT >> WARNING : Minion exited abnormally due to TIMED_OUT
19:15:04 PIT >> WARNING : Minion exited abnormally due to TIMED_OUT
19:15:31 PIT >> WARNING : Minion exited abnormally due to TIMED_OUT
19:15:58 PIT >> WARNING : Minion exited abnormally due to TIMED_OUT
19:16:59 PIT >> WARNING : Minion exited abnormally due to TIMED_OUT
19:17:55 PIT >> WARNING : Minion exited abnormally due to TIMED_OUT
19:18:11 PIT >> INFO : Completed in 660 seconds
