Picked up JAVA_TOOL_OPTIONS: -XX:ActiveProcessorCount=8
Picked up JAVA_TOOL_OPTIONS: -XX:ActiveProcessorCount=8
23:24:51 PIT >> INFO : Verbose logging is disabled. If you encounter a problem, please enable it before reporting an issue.
23:24:51 PIT >> INFO : Created 1 mutation test units in pre scan
23:24:51 PIT >> INFO : MINION : Picked up JAVA_TOOL_OPTIONS: -XX:ActiveProcessorCount=8
23:24:51 PIT >> INFO : Sending 144 test classes to minion
23:24:51 PIT >> INFO : Sent tests to minion
23:24:52 PIT >> INFO : MINION : Mockito is currently self-attaching to enable the inline-mock-maker. This will no longer work in future releases of the JDK. Please add Mockito as an agent to your build as described in Mockito's documentation: https://javadoc.io/doc/org.mockito/mockito-core/latest/org.mockito/org/mockito/Mockito.html#0.3
23:24:52 PIT >> INFO : MINION : WARNING: A Java agent has been loaded dynamically (/Users/D061177/work/issta/spring-security-stp-qualification/gradle-home/caches/modules-2/files-2.1/net.bytebuddy/byte-buddy-agent/1.18.2/62f38a6faf7f069d661b79a07d566f504b0b20c4/byte-buddy-agent-1.18.2.jar)
23:24:52 PIT >> INFO : MINION : WARNING: If a serviceability tool is in use, please run with -XX:+EnableDynamicAgentLoading to hide this warning
23:24:52 PIT >> INFO : MINION : WARNING: If a serviceability tool is not in use, please run with -Djdk.instrument.traceUsage for more information
23:24:52 PIT >> INFO : MINION : WARNING: Dynamic loading of agents will be disallowed by default in a future release
23:24:52 PIT >> INFO : MINION : OpenJDK 64-Bit Server VM warning: Sharing is only supported for boot loader classes because bootstrap classpath has been appended
23:24:53 PIT >> INFO : MINION : [ERROR] (main) Operator called default onErrorDropped - org.springframework.security.authentication.BadCredentialsException: Test
23:24:53 PIT >> INFO : MINION : org.springframework.security.authentication.BadCredentialsException: Test
23:24:53 PIT >> INFO : MINION : 	at org.springframework.security.authentication.DelegatingReactiveAuthenticationManagerTests.authenticateWhenContinueOnErrorAndBothDelegatesBadCredentialsThenError(DelegatingReactiveAuthenticationManagerTests.java:94)
23:24:53 PIT >> INFO : MINION : 	at java.base/jdk.internal.reflect.DirectMethodHandleAccessor.invoke(DirectMethodHandleAccessor.java:103)
23:24:53 PIT >> INFO : MINION : 	at java.base/java.lang.reflect.Method.invoke(Method.java:580)
23:24:53 PIT >> INFO : MINION : 	at org.junit.platform.commons.util.ReflectionUtils.invokeMethod(ReflectionUtils.java:700)
23:24:53 PIT >> INFO : MINION : 	at org.junit.platform.commons.support.ReflectionSupport.invokeMethod(ReflectionSupport.java:528)
23:24:53 PIT >> INFO : MINION : 	at org.junit.jupiter.engine.support.MethodReflectionUtils.invoke(MethodReflectionUtils.java:53)
23:24:53 PIT >> INFO : MINION : 	at org.junit.jupiter.engine.execution.MethodInvocation.proceed(MethodInvocation.java:61)
23:24:53 PIT >> INFO : MINION : 	at org.junit.jupiter.engine.execution.InvocationInterceptorChain$ValidatingInvocation.proceed(InvocationInterceptorChain.java:124)
23:24:53 PIT >> INFO : MINION : 	at org.junit.jupiter.engine.extension.TimeoutExtension.intercept(TimeoutExtension.java:163)
23:24:53 PIT >> INFO : MINION : 	at org.junit.jupiter.engine.extension.TimeoutExtension.interceptTestableMethod(TimeoutExtension.java:148)
23:24:53 PIT >> INFO : MINION : 	at org.junit.jupiter.engine.extension.TimeoutExtension.interceptTestMethod(TimeoutExtension.java:86)
23:24:53 PIT >> INFO : MINION : 	at org.junit.jupiter.engine.execution.InterceptingExecutableInvoker$ReflectiveInterceptorCall.lambda$ofVoidMethod$0(InterceptingExecutableInvoker.java:124)
23:24:53 PIT >> INFO : MINION : 	at org.junit.jupiter.engine.execution.InterceptingExecutableInvoker.lambda$invoke$0(InterceptingExecutableInvoker.java:105)
23:24:53 PIT >> INFO : MINION : 	at org.junit.jupiter.engine.execution.InvocationInterceptorChain$InterceptedInvocation.proceed(InvocationInterceptorChain.java:99)
23:24:53 PIT >> INFO : MINION : 	at org.junit.jupiter.engine.execution.InvocationInterceptorChain.proceed(InvocationInterceptorChain.java:66)
23:24:53 PIT >> INFO : MINION : 	at org.junit.jupiter.engine.execution.InvocationInterceptorChain.chainAndInvoke(InvocationInterceptorChain.java:47)
23:24:53 PIT >> INFO : MINION : 	at org.junit.jupiter.engine.execution.InvocationInterceptorChain.invoke(InvocationInterceptorChain.java:39)
23:24:53 PIT >> INFO : MINION : 	at org.junit.jupiter.engine.execution.InterceptingExecutableInvoker.invoke(InterceptingExecutableInvoker.java:104)
23:24:53 PIT >> INFO : MINION : 	at org.junit.jupiter.engine.execution.InterceptingExecutableInvoker.invoke(InterceptingExecutableInvoker.java:98)
23:24:53 PIT >> INFO : MINION : 	at org.junit.jupiter.engine.execution.InterceptingExecutableInvoker.invokeVoid(InterceptingExecutableInvoker.java:71)
23:24:53 PIT >> INFO : MINION : 	at org.junit.jupiter.engine.descriptor.TestMethodTestDescriptor.lambda$invokeTestMethod$0(TestMethodTestDescriptor.java:219)
23:24:53 PIT >> INFO : MINION : 	at org.junit.platform.engine.support.hierarchical.ThrowableCollector.execute(ThrowableCollector.java:74)
23:24:53 PIT >> INFO : MINION : 	at org.junit.jupiter.engine.descriptor.TestMethodTestDescriptor.invokeTestMethod(TestMethodTestDescriptor.java:215)
23:24:53 PIT >> INFO : MINION : 	at org.junit.jupiter.engine.descriptor.TestMethodTestDescriptor.execute(TestMethodTestDescriptor.java:157)
23:24:53 PIT >> INFO : MINION : 	at org.junit.jupiter.engine.descriptor.TestMethodTestDescriptor.execute(TestMethodTestDescriptor.java:70)
23:24:53 PIT >> INFO : MINION : 	at org.junit.platform.engine.support.hierarchical.NodeTestTask.lambda$executeRecursively$2(NodeTestTask.java:176)
23:24:53 PIT >> INFO : MINION : 	at org.junit.platform.engine.support.hierarchical.ThrowableCollector.execute(ThrowableCollector.java:74)
23:24:53 PIT >> INFO : MINION : 	at org.junit.platform.engine.support.hierarchical.NodeTestTask.lambda$executeRecursively$1(NodeTestTask.java:166)
23:24:53 PIT >> INFO : MINION : 	at org.junit.platform.engine.support.hierarchical.Node.around(Node.java:139)
23:24:53 PIT >> INFO : MINION : 	at org.junit.platform.engine.support.hierarchical.NodeTestTask.lambda$executeRecursively$0(NodeTestTask.java:164)
23:24:53 PIT >> INFO : MINION : 	at org.junit.platform.engine.support.hierarchical.ThrowableCollector.execute(ThrowableCollector.java:74)
23:24:53 PIT >> INFO : MINION : 	at org.junit.platform.engine.support.hierarchical.NodeTestTask.executeRecursively(NodeTestTask.java:163)
23:24:53 PIT >> INFO : MINION : 	at org.junit.platform.engine.support.hierarchical.NodeTestTask.execute(NodeTestTask.java:116)
23:24:53 PIT >> INFO : MINION : 	at java.base/java.util.ArrayList.forEach(ArrayList.java:1596)
23:24:53 PIT >> INFO : MINION : 	at org.junit.platform.engine.support.hierarchical.SameThreadHierarchicalTestExecutorService.invokeAll(SameThreadHierarchicalTestExecutorService.java:42)
23:24:53 PIT >> INFO : MINION : 	at org.junit.platform.engine.support.hierarchical.NodeTestTask.lambda$executeRecursively$2(NodeTestTask.java:180)
23:24:53 PIT >> INFO : MINION : 	at org.junit.platform.engine.support.hierarchical.ThrowableCollector.execute(ThrowableCollector.java:74)
23:24:53 PIT >> INFO : MINION : 	at org.junit.platform.engine.support.hierarchical.NodeTestTask.lambda$executeRecursively$1(NodeTestTask.java:166)
23:24:53 PIT >> INFO : MINION : 	at org.junit.platform.engine.support.hierarchical.Node.around(Node.java:139)
23:24:53 PIT >> INFO : MINION : 	at org.junit.platform.engine.support.hierarchical.NodeTestTask.lambda$executeRecursively$0(NodeTestTask.java:164)
23:24:53 PIT >> INFO : MINION : 	at org.junit.platform.engine.support.hierarchical.ThrowableCollector.execute(ThrowableCollector.java:74)
23:24:53 PIT >> INFO : MINION : 	at org.junit.platform.engine.support.hierarchical.NodeTestTask.executeRecursively(NodeTestTask.java:163)
23:24:53 PIT >> INFO : MINION : 	at org.junit.platform.engine.support.hierarchical.NodeTestTask.execute(NodeTestTask.java:116)
23:24:53 PIT >> INFO : MINION : 	at java.base/java.util.ArrayList.forEach(ArrayList.java:1596)
23:24:53 PIT >> INFO : MINION : 	at org.junit.platform.engine.support.hierarchical.SameThreadHierarchicalTestExecutorService.invokeAll(SameThreadHierarchicalTestExecutorService.java:42)
23:24:53 PIT >> INFO : MINION : 	at org.junit.platform.engine.support.hierarchical.NodeTestTask.lambda$executeRecursively$2(NodeTestTask.java:180)
23:24:53 PIT >> INFO : MINION : 	at org.junit.platform.engine.support.hierarchical.ThrowableCollector.execute(ThrowableCollector.java:74)
23:24:53 PIT >> INFO : MINION : 	at org.junit.platform.engine.support.hierarchical.NodeTestTask.lambda$executeRecursively$1(NodeTestTask.java:166)
23:24:53 PIT >> INFO : MINION : 	at org.junit.platform.engine.support.hierarchical.Node.around(Node.java:139)
23:24:53 PIT >> INFO : MINION : 	at org.junit.platform.engine.support.hierarchical.NodeTestTask.lambda$executeRecursively$0(NodeTestTask.java:164)
23:24:53 PIT >> INFO : MINION : 	at org.junit.platform.engine.support.hierarchical.ThrowableCollector.execute(ThrowableCollector.java:74)
23:24:53 PIT >> INFO : MINION : 	at org.junit.platform.engine.support.hierarchical.NodeTestTask.executeRecursively(NodeTestTask.java:163)
23:24:53 PIT >> INFO : MINION : 	at org.junit.platform.engine.support.hierarchical.NodeTestTask.execute(NodeTestTask.java:116)
23:24:53 PIT >> INFO : MINION : 	at org.junit.platform.engine.support.hierarchical.SameThreadHierarchicalTestExecutorService.submit(SameThreadHierarchicalTestExecutorService.java:36)
23:24:53 PIT >> INFO : MINION : 	at org.junit.platform.engine.support.hierarchical.HierarchicalTestExecutor.execute(HierarchicalTestExecutor.java:52)
23:24:53 PIT >> INFO : MINION : 	at org.junit.platform.engine.support.hierarchical.HierarchicalTestEngine.execute(HierarchicalTestEngine.java:58)
23:24:53 PIT >> INFO : MINION : 	at org.junit.platform.launcher.core.EngineExecutionOrchestrator.executeEngine(EngineExecutionOrchestrator.java:256)
23:24:53 PIT >> INFO : MINION : 	at org.junit.platform.launcher.core.EngineExecutionOrchestrator.failOrExecuteEngine(EngineExecutionOrchestrator.java:228)
23:24:53 PIT >> INFO : MINION : 	at org.junit.platform.launcher.core.EngineExecutionOrchestrator.execute(EngineExecutionOrchestrator.java:189)
23:24:53 PIT >> INFO : MINION : 	at org.junit.platform.launcher.core.EngineExecutionOrchestrator.execute(EngineExecutionOrchestrator.java:109)
23:24:53 PIT >> INFO : MINION : 	at org.junit.platform.launcher.core.EngineExecutionOrchestrator.lambda$execute$0(EngineExecutionOrchestrator.java:66)
23:24:53 PIT >> INFO : MINION : 	at org.junit.platform.launcher.core.EngineExecutionOrchestrator.withInterceptedStreams(EngineExecutionOrchestrator.java:168)
23:24:53 PIT >> INFO : MINION : 	at org.junit.platform.launcher.core.EngineExecutionOrchestrator.execute(EngineExecutionOrchestrator.java:65)
23:24:53 PIT >> INFO : MINION : 	at org.junit.platform.launcher.core.DefaultLauncher.execute(DefaultLauncher.java:137)
23:24:53 PIT >> INFO : MINION : 	at org.junit.platform.launcher.core.DefaultLauncher.execute(DefaultLauncher.java:126)
23:24:53 PIT >> INFO : MINION : 	at org.junit.platform.launcher.core.DefaultLauncher.execute(DefaultLauncher.java:100)
23:24:53 PIT >> INFO : MINION : 	at org.junit.platform.launcher.core.DelegatingLauncher.execute(DelegatingLauncher.java:57)
23:24:53 PIT >> INFO : MINION : 	at org.junit.platform.launcher.core.InterceptingLauncher.lambda$execute$0(InterceptingLauncher.java:46)
23:24:53 PIT >> INFO : MINION : 	at org.junit.platform.launcher.core.ClasspathAlignmentCheckingLauncherInterceptor.intercept(ClasspathAlignmentCheckingLauncherInterceptor.java:25)
23:24:53 PIT >> INFO : MINION : 	at org.junit.platform.launcher.core.InterceptingLauncher.execute(InterceptingLauncher.java:45)
23:24:53 PIT >> INFO : MINION : 	at org.junit.platform.launcher.core.DelegatingLauncher.execute(DelegatingLauncher.java:57)
23:24:53 PIT >> INFO : MINION : 	at org.junit.platform.launcher.core.SessionPerRequestLauncher.execute(SessionPerRequestLauncher.java:76)
23:24:53 PIT >> INFO : MINION : 	at org.pitest.junit5.JUnit5TestUnitFinder.findTestUnits(JUnit5TestUnitFinder.java:84)
23:24:53 PIT >> INFO : MINION : 	at org.pitest.mutationtest.config.PrioritisingTestUnitFinder.findTestUnits(PrioritisingTestUnitFinder.java:20)
23:24:53 PIT >> INFO : MINION : 	at org.pitest.testapi.execute.FindTestUnits.findTestUnits(FindTestUnits.java:64)
23:24:53 PIT >> INFO : MINION : 	at org.pitest.testapi.execute.FindTestUnits.getTestUnits(FindTestUnits.java:47)
23:24:53 PIT >> INFO : MINION : 	at org.pitest.testapi.execute.FindTestUnits.findTestUnitsForAllSuppliedClasses(FindTestUnits.java:36)
23:24:53 PIT >> INFO : MINION : 	at org.pitest.coverage.execute.CoverageMinion.discoverTests(CoverageMinion.java:168)
23:24:53 PIT >> INFO : MINION : 	at org.pitest.coverage.execute.CoverageMinion.getTestsFromParent(CoverageMinion.java:154)
23:24:53 PIT >> INFO : MINION : 	at org.pitest.coverage.execute.CoverageMinion.main(CoverageMinion.java:82)
23:24:54 PIT >> INFO : MINION : Oct 01, 2026 11:24:54 PM org.springframework.security.core.userdetails.User withDefaultPasswordEncoder
23:24:54 PIT >> INFO : MINION : WARNING: User.withDefaultPasswordEncoder() is considered unsafe for production and is only intended for sample applications.
23:24:54 PIT >> INFO : MINION : Oct 01, 2026 11:24:54 PM org.springframework.security.core.userdetails.User withDefaultPasswordEncoder
23:24:54 PIT >> INFO : MINION : WARNING: User.withDefaultPasswordEncoder() is considered unsafe for production and is only intended for sample applications.
23:24:54 PIT >> INFO : MINION : Oct 01, 2026 11:24:54 PM org.springframework.security.authentication.event.LoggerListener onApplicationEvent
23:24:54 PIT >> INFO : MINION : WARNING: Authentication event AuthenticationFailureDisabledEvent: Principal; details: 127.0.0.1; exception: TEST
23:24:55 PIT >> INFO : MINION : Oct 01, 2026 11:24:55 PM org.springframework.security.authentication.jaas.SecurityContextLoginModule login
23:24:55 PIT >> INFO : MINION : WARNING: Login cannot complete, authentication not found in security context
23:24:55 PIT >> INFO : MINION : Oct 01, 2026 11:24:55 PM org.springframework.jdbc.datasource.embedded.EmbeddedDatabaseFactory initDatabase
23:24:55 PIT >> INFO : MINION : INFO: Starting embedded database: url='jdbc:hsqldb:mem:b41a6321-2795-4576-a37d-bb854395ecf6', username='sa'
23:24:55 PIT >> INFO : MINION : Oct 01, 2026 11:24:55 PM org.springframework.jdbc.datasource.embedded.EmbeddedDatabaseFactory shutdownDatabase
23:24:55 PIT >> INFO : MINION : INFO: Shutting down embedded database: url='jdbc:hsqldb:mem:b41a6321-2795-4576-a37d-bb854395ecf6'
23:24:55 PIT >> INFO : MINION : Oct 01, 2026 11:24:55 PM org.springframework.jdbc.datasource.embedded.EmbeddedDatabaseFactory initDatabase
23:24:55 PIT >> INFO : MINION : INFO: Starting embedded database: url='jdbc:hsqldb:mem:5203f77e-9221-426b-9cee-489dc4cdcac2', username='sa'
23:24:55 PIT >> INFO : MINION : Oct 01, 2026 11:24:55 PM org.springframework.jdbc.datasource.embedded.EmbeddedDatabaseFactory shutdownDatabase
23:24:55 PIT >> INFO : MINION : INFO: Shutting down embedded database: url='jdbc:hsqldb:mem:5203f77e-9221-426b-9cee-489dc4cdcac2'
23:24:55 PIT >> INFO : MINION : Oct 01, 2026 11:24:55 PM org.springframework.jdbc.datasource.embedded.EmbeddedDatabaseFactory initDatabase
23:24:55 PIT >> INFO : MINION : INFO: Starting embedded database: url='jdbc:hsqldb:mem:fa817af5-e197-46c7-8762-31959f24d54d', username='sa'
23:24:55 PIT >> INFO : MINION : Oct 01, 2026 11:24:55 PM org.springframework.jdbc.datasource.embedded.EmbeddedDatabaseFactory shutdownDatabase
23:24:55 PIT >> INFO : MINION : INFO: Shutting down embedded database: url='jdbc:hsqldb:mem:fa817af5-e197-46c7-8762-31959f24d54d'
23:24:55 PIT >> INFO : MINION : Oct 01, 2026 11:24:55 PM org.springframework.jdbc.datasource.embedded.EmbeddedDatabaseFactory initDatabase
23:24:55 PIT >> INFO : MINION : INFO: Starting embedded database: url='jdbc:hsqldb:mem:2f215a20-9aa9-49b6-a398-a7b63701e293', username='sa'
23:24:55 PIT >> INFO : MINION : Oct 01, 2026 11:24:55 PM org.springframework.jdbc.datasource.embedded.EmbeddedDatabaseFactory shutdownDatabase
23:24:55 PIT >> INFO : MINION : INFO: Shutting down embedded database: url='jdbc:hsqldb:mem:2f215a20-9aa9-49b6-a398-a7b63701e293'
23:24:55 PIT >> INFO : MINION : Oct 01, 2026 11:24:55 PM org.springframework.jdbc.datasource.embedded.EmbeddedDatabaseFactory initDatabase
23:24:55 PIT >> INFO : MINION : INFO: Starting embedded database: url='jdbc:hsqldb:mem:f72d5af8-e730-40c6-b17c-4e24d2eb3e5c', username='sa'
23:24:55 PIT >> INFO : MINION : Oct 01, 2026 11:24:55 PM org.springframework.jdbc.datasource.embedded.EmbeddedDatabaseFactory shutdownDatabase
23:24:55 PIT >> INFO : MINION : INFO: Shutting down embedded database: url='jdbc:hsqldb:mem:f72d5af8-e730-40c6-b17c-4e24d2eb3e5c'
23:24:55 PIT >> INFO : MINION : Oct 01, 2026 11:24:55 PM org.springframework.jdbc.datasource.embedded.EmbeddedDatabaseFactory initDatabase
23:24:55 PIT >> INFO : MINION : INFO: Starting embedded database: url='jdbc:hsqldb:mem:02e76e70-fc0f-4cb6-b399-23ca9c34ffe5', username='sa'
23:24:55 PIT >> INFO : MINION : Oct 01, 2026 11:24:55 PM org.springframework.jdbc.datasource.embedded.EmbeddedDatabaseFactory shutdownDatabase
23:24:55 PIT >> INFO : MINION : INFO: Shutting down embedded database: url='jdbc:hsqldb:mem:02e76e70-fc0f-4cb6-b399-23ca9c34ffe5'
23:24:55 PIT >> INFO : MINION : Oct 01, 2026 11:24:55 PM org.springframework.jdbc.datasource.embedded.EmbeddedDatabaseFactory initDatabase
23:24:55 PIT >> INFO : MINION : INFO: Starting embedded database: url='jdbc:hsqldb:mem:8aba1065-f8a6-4b42-afa9-a6635c491485', username='sa'
23:24:55 PIT >> INFO : MINION : Oct 01, 2026 11:24:55 PM org.springframework.jdbc.datasource.embedded.EmbeddedDatabaseFactory shutdownDatabase
23:24:55 PIT >> INFO : MINION : INFO: Shutting down embedded database: url='jdbc:hsqldb:mem:8aba1065-f8a6-4b42-afa9-a6635c491485'
23:24:55 PIT >> INFO : MINION : Oct 01, 2026 11:24:55 PM org.springframework.jdbc.datasource.embedded.EmbeddedDatabaseFactory initDatabase
23:24:55 PIT >> INFO : MINION : INFO: Starting embedded database: url='jdbc:hsqldb:mem:8bccf4d5-5960-40b1-8799-f7674b025f17', username='sa'
23:24:55 PIT >> INFO : MINION : Oct 01, 2026 11:24:55 PM org.springframework.jdbc.datasource.embedded.EmbeddedDatabaseFactory shutdownDatabase
23:24:55 PIT >> INFO : MINION : INFO: Shutting down embedded database: url='jdbc:hsqldb:mem:8bccf4d5-5960-40b1-8799-f7674b025f17'
23:24:55 PIT >> INFO : MINION : Oct 01, 2026 11:24:55 PM org.springframework.jdbc.datasource.embedded.EmbeddedDatabaseFactory initDatabase
23:24:55 PIT >> INFO : MINION : INFO: Starting embedded database: url='jdbc:hsqldb:mem:e5eeadfa-3475-49fc-bb9b-00a055ac811b', username='sa'
23:24:55 PIT >> INFO : MINION : Oct 01, 2026 11:24:55 PM org.springframework.jdbc.datasource.embedded.EmbeddedDatabaseFactory shutdownDatabase
23:24:55 PIT >> INFO : MINION : INFO: Shutting down embedded database: url='jdbc:hsqldb:mem:e5eeadfa-3475-49fc-bb9b-00a055ac811b'
23:24:55 PIT >> INFO : MINION : Oct 01, 2026 11:24:55 PM org.springframework.jdbc.datasource.embedded.EmbeddedDatabaseFactory initDatabase
23:24:55 PIT >> INFO : MINION : INFO: Starting embedded database: url='jdbc:hsqldb:mem:f25b8c3a-535d-473a-ae2f-a63f3ff3ae07', username='sa'
23:24:55 PIT >> INFO : MINION : Oct 01, 2026 11:24:55 PM org.springframework.jdbc.datasource.embedded.EmbeddedDatabaseFactory shutdownDatabase
23:24:55 PIT >> INFO : MINION : INFO: Shutting down embedded database: url='jdbc:hsqldb:mem:f25b8c3a-535d-473a-ae2f-a63f3ff3ae07'
23:24:55 PIT >> INFO : MINION : Oct 01, 2026 11:24:55 PM org.springframework.jdbc.datasource.embedded.EmbeddedDatabaseFactory initDatabase
23:24:55 PIT >> INFO : MINION : INFO: Starting embedded database: url='jdbc:hsqldb:mem:d4d85368-b49f-421b-b89d-11cd6a130848', username='sa'
23:24:55 PIT >> INFO : MINION : Oct 01, 2026 11:24:55 PM org.springframework.jdbc.datasource.embedded.EmbeddedDatabaseFactory shutdownDatabase
23:24:55 PIT >> INFO : MINION : INFO: Shutting down embedded database: url='jdbc:hsqldb:mem:d4d85368-b49f-421b-b89d-11cd6a130848'
23:24:56 PIT >> INFO : Calculated coverage in 4 seconds.
23:24:56 PIT >> INFO : Created 1 mutation test units
23:24:59 PIT >> INFO : Completed in 7 seconds
