Picked up JAVA_TOOL_OPTIONS: -XX:ActiveProcessorCount=1
21:43:08 PIT >> INFO : Verbose logging is disabled. If you encounter a problem, please enable it before reporting an issue.
21:43:08 PIT >> INFO : Created 1 mutation test units in pre scan
21:43:08 PIT >> INFO : MINION : Picked up JAVA_TOOL_OPTIONS: -XX:ActiveProcessorCount=1
21:43:08 PIT >> INFO : Sending 20 test classes to minion
21:43:08 PIT >> INFO : Sent tests to minion
21:43:08 PIT >> INFO : MINION : Failed to set JaCoCo session: org.jacoco.agent.rt.RT
21:43:08 PIT >> INFO : MINION : Failed to dump JaCoCo execution data: org.jacoco.agent.rt.RT
21:43:09 PIT >> INFO : MINION : Failed to set JaCoCo session: org.jacoco.agent.rt.RT
21:43:09 PIT >> INFO : MINION : Failed to dump JaCoCo execution data: org.jacoco.agent.rt.RT
21:43:09 PIT >> INFO : MINION : Failed to set JaCoCo session: org.jacoco.agent.rt.RT
21:43:09 PIT >> INFO : MINION : Failed to dump JaCoCo execution data: org.jacoco.agent.rt.RT
21:43:09 PIT >> INFO : MINION : Failed to set JaCoCo session: org.jacoco.agent.rt.RT
21:43:09 PIT >> INFO : MINION : Failed to dump JaCoCo execution data: org.jacoco.agent.rt.RT
21:43:09 PIT >> INFO : MINION : Failed to set JaCoCo session: org.jacoco.agent.rt.RT
21:43:09 PIT >> INFO : MINION : Failed to dump JaCoCo execution data: org.jacoco.agent.rt.RT
21:43:09 PIT >> INFO : MINION : Failed to set JaCoCo session: org.jacoco.agent.rt.RT
21:43:09 PIT >> INFO : MINION : Failed to dump JaCoCo execution data: org.jacoco.agent.rt.RT
21:43:09 PIT >> INFO : MINION : Failed to set JaCoCo session: org.jacoco.agent.rt.RT
21:43:09 PIT >> INFO : MINION : Failed to dump JaCoCo execution data: org.jacoco.agent.rt.RT
21:43:09 PIT >> INFO : MINION : Failed to set JaCoCo session: org.jacoco.agent.rt.RT
21:43:09 PIT >> INFO : MINION : Failed to dump JaCoCo execution data: org.jacoco.agent.rt.RT
21:43:09 PIT >> INFO : MINION : Failed to set JaCoCo session: org.jacoco.agent.rt.RT
21:43:09 PIT >> INFO : MINION : Failed to dump JaCoCo execution data: org.jacoco.agent.rt.RT
21:43:09 PIT >> INFO : MINION : Failed to set JaCoCo session: org.jacoco.agent.rt.RT
21:43:09 PIT >> INFO : MINION : Failed to dump JaCoCo execution data: org.jacoco.agent.rt.RT
21:43:09 PIT >> INFO : MINION : Failed to set JaCoCo session: org.jacoco.agent.rt.RT
21:43:09 PIT >> INFO : MINION : Failed to dump JaCoCo execution data: org.jacoco.agent.rt.RT
21:43:09 PIT >> INFO : MINION : Failed to set JaCoCo session: org.jacoco.agent.rt.RT
21:43:09 PIT >> INFO : MINION : Failed to dump JaCoCo execution data: org.jacoco.agent.rt.RT
21:43:09 PIT >> INFO : MINION : Failed to set JaCoCo session: org.jacoco.agent.rt.RT
21:43:09 PIT >> INFO : MINION : Failed to dump JaCoCo execution data: org.jacoco.agent.rt.RT
21:43:09 PIT >> INFO : MINION : Failed to set JaCoCo session: org.jacoco.agent.rt.RT
21:43:09 PIT >> INFO : MINION : Failed to dump JaCoCo execution data: org.jacoco.agent.rt.RT
21:43:09 PIT >> INFO : MINION : Failed to set JaCoCo session: org.jacoco.agent.rt.RT
21:43:09 PIT >> INFO : MINION : Failed to dump JaCoCo execution data: org.jacoco.agent.rt.RT
21:43:09 PIT >> INFO : MINION : Failed to set JaCoCo session: org.jacoco.agent.rt.RT
21:43:09 PIT >> INFO : MINION : Failed to dump JaCoCo execution data: org.jacoco.agent.rt.RT
21:43:09 PIT >> INFO : MINION : Failed to set JaCoCo session: org.jacoco.agent.rt.RT
21:43:09 PIT >> INFO : MINION : Failed to dump JaCoCo execution data: org.jacoco.agent.rt.RT
21:43:09 PIT >> INFO : MINION : Failed to set JaCoCo session: org.jacoco.agent.rt.RT
21:43:09 PIT >> INFO : MINION : Failed to dump JaCoCo execution data: org.jacoco.agent.rt.RT
21:43:09 PIT >> INFO : MINION : Failed to set JaCoCo session: org.jacoco.agent.rt.RT
21:43:09 PIT >> INFO : MINION : Failed to dump JaCoCo execution data: org.jacoco.agent.rt.RT
21:43:09 PIT >> INFO : MINION : Failed to set JaCoCo session: org.jacoco.agent.rt.RT
21:43:09 PIT >> INFO : MINION : Failed to dump JaCoCo execution data: org.jacoco.agent.rt.RT
21:43:09 PIT >> INFO : MINION : Failed to set JaCoCo session: org.jacoco.agent.rt.RT
21:43:09 PIT >> INFO : MINION : Failed to dump JaCoCo execution data: org.jacoco.agent.rt.RT
21:43:09 PIT >> INFO : MINION : Failed to set JaCoCo session: org.jacoco.agent.rt.RT
21:43:09 PIT >> INFO : MINION : Failed to dump JaCoCo execution data: org.jacoco.agent.rt.RT
21:43:09 PIT >> INFO : MINION : Failed to set JaCoCo session: org.jacoco.agent.rt.RT
21:43:09 PIT >> INFO : MINION : Failed to dump JaCoCo execution data: org.jacoco.agent.rt.RT
21:43:09 PIT >> INFO : MINION : Failed to set JaCoCo session: org.jacoco.agent.rt.RT
21:43:09 PIT >> INFO : MINION : Failed to dump JaCoCo execution data: org.jacoco.agent.rt.RT
21:43:09 PIT >> INFO : MINION : Failed to set JaCoCo session: org.jacoco.agent.rt.RT
21:43:09 PIT >> INFO : MINION : Failed to dump JaCoCo execution data: org.jacoco.agent.rt.RT
21:43:09 PIT >> INFO : MINION : Failed to set JaCoCo session: org.jacoco.agent.rt.RT
21:43:09 PIT >> INFO : MINION : Failed to dump JaCoCo execution data: org.jacoco.agent.rt.RT
21:43:09 PIT >> INFO : MINION : Failed to set JaCoCo session: org.jacoco.agent.rt.RT
21:43:09 PIT >> INFO : MINION : Failed to dump JaCoCo execution data: org.jacoco.agent.rt.RT
21:43:09 PIT >> INFO : MINION : Failed to set JaCoCo session: org.jacoco.agent.rt.RT
21:43:09 PIT >> INFO : MINION : Failed to dump JaCoCo execution data: org.jacoco.agent.rt.RT
21:43:09 PIT >> INFO : MINION : Failed to set JaCoCo session: org.jacoco.agent.rt.RT
21:43:09 PIT >> INFO : MINION : Failed to dump JaCoCo execution data: org.jacoco.agent.rt.RT
21:43:09 PIT >> INFO : MINION : Failed to set JaCoCo session: org.jacoco.agent.rt.RT
21:43:09 PIT >> INFO : MINION : Failed to dump JaCoCo execution data: org.jacoco.agent.rt.RT
21:43:09 PIT >> INFO : MINION : Failed to set JaCoCo session: org.jacoco.agent.rt.RT
21:43:09 PIT >> INFO : MINION : Failed to dump JaCoCo execution data: org.jacoco.agent.rt.RT
21:43:09 PIT >> INFO : MINION : Failed to set JaCoCo session: org.jacoco.agent.rt.RT
21:43:09 PIT >> INFO : MINION : Failed to dump JaCoCo execution data: org.jacoco.agent.rt.RT
21:43:09 PIT >> INFO : MINION : Failed to set JaCoCo session: org.jacoco.agent.rt.RT
21:43:09 PIT >> INFO : MINION : Failed to dump JaCoCo execution data: org.jacoco.agent.rt.RT
21:43:09 PIT >> INFO : Calculated coverage in 0 seconds.
21:43:09 PIT >> INFO : Created 1 mutation test units
21:43:12 PIT >> INFO : Completed in 4 seconds
