10:04:54 PIT >> INFO : Verbose logging is disabled. If you encounter a problem, please enable it before reporting an issue.
10:04:54 PIT >> INFO : Created 1 mutation test units in pre scan
10:04:55 PIT >> INFO : MINION : WARNING: Unknown module: org.jgrapht.core specified to --add-opens
10:04:55 PIT >> INFO : MINION : WARNING: Unknown module: org.jgrapht.core specified to --add-opens
10:04:55 PIT >> INFO : MINION : WARNING: Unknown module: org.jgrapht.core specified to --add-opens
10:04:55 PIT >> INFO : MINION : WARNING: Unknown module: org.jgrapht.core specified to --add-opens
10:04:55 PIT >> INFO : MINION : WARNING: Unknown module: org.jgrapht.core specified to --add-opens
10:04:55 PIT >> INFO : MINION : WARNING: Unknown module: org.jgrapht.core specified to --add-opens
10:04:55 PIT >> INFO : MINION : WARNING: Unknown module: org.jgrapht.core specified to --add-opens
10:04:55 PIT >> INFO : MINION : WARNING: Unknown module: org.jgrapht.core specified to --add-opens
10:04:55 PIT >> INFO : MINION : WARNING: Unknown module: org.jgrapht.core specified to --add-opens
10:04:55 PIT >> INFO : MINION : WARNING: Unknown module: org.jgrapht.core specified to --add-opens
10:04:55 PIT >> INFO : MINION : WARNING: Unknown module: org.jgrapht.core specified to --add-opens
10:04:55 PIT >> INFO : MINION : WARNING: Unknown module: org.jgrapht.core specified to --add-opens
10:04:55 PIT >> INFO : MINION : WARNING: Unknown module: org.jgrapht.core specified to --add-opens
10:04:55 PIT >> INFO : MINION : WARNING: Unknown module: org.jgrapht.core specified to --add-opens
10:04:55 PIT >> INFO : MINION : WARNING: Unknown module: org.jgrapht.core specified to --add-opens
10:04:55 PIT >> INFO : MINION : WARNING: Unknown module: org.jgrapht.core specified to --add-opens
10:04:55 PIT >> INFO : MINION : WARNING: Unknown module: org.jgrapht.core specified to --add-opens
10:04:55 PIT >> INFO : MINION : WARNING: Unknown module: org.jgrapht.core specified to --add-opens
10:04:55 PIT >> INFO : MINION : WARNING: Unknown module: org.jgrapht.core specified to --add-opens
10:04:55 PIT >> INFO : MINION : WARNING: Unknown module: org.jgrapht.core specified to --add-opens
10:04:55 PIT >> INFO : MINION : WARNING: Unknown module: org.jgrapht.core specified to --add-opens
10:04:55 PIT >> INFO : MINION : WARNING: Unknown module: org.jgrapht.core specified to --add-opens
10:04:55 PIT >> INFO : MINION : WARNING: Unknown module: org.jgrapht.core specified to --add-opens
10:04:55 PIT >> INFO : MINION : WARNING: Unknown module: org.jgrapht.core specified to --add-opens
10:04:55 PIT >> INFO : MINION : WARNING: Unknown module: org.jgrapht.core specified to --add-opens
10:04:55 PIT >> INFO : MINION : WARNING: Unknown module: org.jgrapht.core specified to --add-opens
10:04:55 PIT >> INFO : MINION : WARNING: Unknown module: org.jgrapht.core specified to --add-opens
10:04:55 PIT >> INFO : MINION : WARNING: Unknown module: org.jgrapht.core specified to --add-opens
10:04:55 PIT >> INFO : MINION : WARNING: Unknown module: org.jgrapht.core specified to --add-opens
10:04:55 PIT >> INFO : MINION : WARNING: Unknown module: org.jgrapht.core specified to --add-opens
10:04:55 PIT >> INFO : Sending 19 test classes to minion
10:04:55 PIT >> INFO : Sent tests to minion
10:05:11 PIT >> INFO : Calculated coverage in 16 seconds.
10:05:11 PIT >> INFO : Created 1 mutation test units
10:06:28 PIT >> WARNING : Minion exited abnormally due to TIMED_OUT
10:07:52 PIT >> WARNING : Minion exited abnormally due to TIMED_OUT
10:08:34 PIT >> WARNING : Minion exited abnormally due to TIMED_OUT
10:10:07 PIT >> WARNING : Minion exited abnormally due to TIMED_OUT
10:10:32 PIT >> WARNING : Minion exited abnormally due to TIMED_OUT
10:11:19 PIT >> WARNING : Minion exited abnormally due to TIMED_OUT
10:11:45 PIT >> WARNING : Minion exited abnormally due to TIMED_OUT
10:12:11 PIT >> WARNING : Minion exited abnormally due to TIMED_OUT
10:12:49 PIT >> WARNING : Minion exited abnormally due to TIMED_OUT
10:13:14 PIT >> WARNING : Minion exited abnormally due to TIMED_OUT
10:13:39 PIT >> WARNING : Minion exited abnormally due to TIMED_OUT
10:14:19 PIT >> WARNING : Minion exited abnormally due to TIMED_OUT
10:14:19 PIT >> INFO : Completed in 564 seconds
