09:46:46 PIT >> INFO : Verbose logging is disabled. If you encounter a problem, please enable it before reporting an issue.
09:46:46 PIT >> INFO : Created 1 mutation test units in pre scan
09:46:46 PIT >> INFO : MINION : WARNING: Unknown module: org.jgrapht.core specified to --add-opens
09:46:46 PIT >> INFO : MINION : WARNING: Unknown module: org.jgrapht.core specified to --add-opens
09:46:46 PIT >> INFO : MINION : WARNING: Unknown module: org.jgrapht.core specified to --add-opens
09:46:46 PIT >> INFO : MINION : WARNING: Unknown module: org.jgrapht.core specified to --add-opens
09:46:46 PIT >> INFO : MINION : WARNING: Unknown module: org.jgrapht.core specified to --add-opens
09:46:46 PIT >> INFO : MINION : WARNING: Unknown module: org.jgrapht.core specified to --add-opens
09:46:46 PIT >> INFO : MINION : WARNING: Unknown module: org.jgrapht.core specified to --add-opens
09:46:46 PIT >> INFO : MINION : WARNING: Unknown module: org.jgrapht.core specified to --add-opens
09:46:46 PIT >> INFO : MINION : WARNING: Unknown module: org.jgrapht.core specified to --add-opens
09:46:46 PIT >> INFO : MINION : WARNING: Unknown module: org.jgrapht.core specified to --add-opens
09:46:46 PIT >> INFO : MINION : WARNING: Unknown module: org.jgrapht.core specified to --add-opens
09:46:46 PIT >> INFO : MINION : WARNING: Unknown module: org.jgrapht.core specified to --add-opens
09:46:46 PIT >> INFO : MINION : WARNING: Unknown module: org.jgrapht.core specified to --add-opens
09:46:46 PIT >> INFO : MINION : WARNING: Unknown module: org.jgrapht.core specified to --add-opens
09:46:46 PIT >> INFO : MINION : WARNING: Unknown module: org.jgrapht.core specified to --add-opens
09:46:46 PIT >> INFO : MINION : WARNING: Unknown module: org.jgrapht.core specified to --add-opens
09:46:46 PIT >> INFO : MINION : WARNING: Unknown module: org.jgrapht.core specified to --add-opens
09:46:46 PIT >> INFO : MINION : WARNING: Unknown module: org.jgrapht.core specified to --add-opens
09:46:46 PIT >> INFO : MINION : WARNING: Unknown module: org.jgrapht.core specified to --add-opens
09:46:46 PIT >> INFO : MINION : WARNING: Unknown module: org.jgrapht.core specified to --add-opens
09:46:46 PIT >> INFO : MINION : WARNING: Unknown module: org.jgrapht.core specified to --add-opens
09:46:46 PIT >> INFO : MINION : WARNING: Unknown module: org.jgrapht.core specified to --add-opens
09:46:46 PIT >> INFO : MINION : WARNING: Unknown module: org.jgrapht.core specified to --add-opens
09:46:46 PIT >> INFO : MINION : WARNING: Unknown module: org.jgrapht.core specified to --add-opens
09:46:46 PIT >> INFO : MINION : WARNING: Unknown module: org.jgrapht.core specified to --add-opens
09:46:46 PIT >> INFO : MINION : WARNING: Unknown module: org.jgrapht.core specified to --add-opens
09:46:46 PIT >> INFO : MINION : WARNING: Unknown module: org.jgrapht.core specified to --add-opens
09:46:46 PIT >> INFO : MINION : WARNING: Unknown module: org.jgrapht.core specified to --add-opens
09:46:46 PIT >> INFO : MINION : WARNING: Unknown module: org.jgrapht.core specified to --add-opens
09:46:46 PIT >> INFO : MINION : WARNING: Unknown module: org.jgrapht.core specified to --add-opens
09:46:46 PIT >> INFO : Sending 21 test classes to minion
09:46:46 PIT >> INFO : Sent tests to minion
09:46:48 PIT >> INFO : Calculated coverage in 2 seconds.
09:46:48 PIT >> INFO : Created 1 mutation test units
09:46:53 PIT >> WARNING : Minion exited abnormally due to MEMORY_ERROR
09:46:54 PIT >> INFO : Completed in 8 seconds
