Picked up JAVA_TOOL_OPTIONS: -XX:ActiveProcessorCount=1
18:31:30 PIT >> INFO : Verbose logging is disabled. If you encounter a problem, please enable it before reporting an issue.
18:31:30 PIT >> INFO : Created 1 mutation test units in pre scan
18:31:30 PIT >> INFO : MINION : Picked up JAVA_TOOL_OPTIONS: -XX:ActiveProcessorCount=1
18:31:30 PIT >> INFO : MINION : WARNING: Unknown module: org.jgrapht.core specified to --add-opens
18:31:30 PIT >> INFO : MINION : WARNING: Unknown module: org.jgrapht.core specified to --add-opens
18:31:30 PIT >> INFO : MINION : WARNING: Unknown module: org.jgrapht.core specified to --add-opens
18:31:30 PIT >> INFO : MINION : WARNING: Unknown module: org.jgrapht.core specified to --add-opens
18:31:30 PIT >> INFO : MINION : WARNING: Unknown module: org.jgrapht.core specified to --add-opens
18:31:30 PIT >> INFO : MINION : WARNING: Unknown module: org.jgrapht.core specified to --add-opens
18:31:30 PIT >> INFO : MINION : WARNING: Unknown module: org.jgrapht.core specified to --add-opens
18:31:30 PIT >> INFO : MINION : WARNING: Unknown module: org.jgrapht.core specified to --add-opens
18:31:30 PIT >> INFO : MINION : WARNING: Unknown module: org.jgrapht.core specified to --add-opens
18:31:30 PIT >> INFO : MINION : WARNING: Unknown module: org.jgrapht.core specified to --add-opens
18:31:30 PIT >> INFO : MINION : WARNING: Unknown module: org.jgrapht.core specified to --add-opens
18:31:30 PIT >> INFO : MINION : WARNING: Unknown module: org.jgrapht.core specified to --add-opens
18:31:30 PIT >> INFO : MINION : WARNING: Unknown module: org.jgrapht.core specified to --add-opens
18:31:30 PIT >> INFO : MINION : WARNING: Unknown module: org.jgrapht.core specified to --add-opens
18:31:30 PIT >> INFO : MINION : WARNING: Unknown module: org.jgrapht.core specified to --add-opens
18:31:30 PIT >> INFO : MINION : WARNING: Unknown module: org.jgrapht.core specified to --add-opens
18:31:30 PIT >> INFO : MINION : WARNING: Unknown module: org.jgrapht.core specified to --add-opens
18:31:30 PIT >> INFO : MINION : WARNING: Unknown module: org.jgrapht.core specified to --add-opens
18:31:30 PIT >> INFO : MINION : WARNING: Unknown module: org.jgrapht.core specified to --add-opens
18:31:30 PIT >> INFO : MINION : WARNING: Unknown module: org.jgrapht.core specified to --add-opens
18:31:30 PIT >> INFO : MINION : WARNING: Unknown module: org.jgrapht.core specified to --add-opens
18:31:30 PIT >> INFO : MINION : WARNING: Unknown module: org.jgrapht.core specified to --add-opens
18:31:30 PIT >> INFO : MINION : WARNING: Unknown module: org.jgrapht.core specified to --add-opens
18:31:30 PIT >> INFO : MINION : WARNING: Unknown module: org.jgrapht.core specified to --add-opens
18:31:30 PIT >> INFO : MINION : WARNING: Unknown module: org.jgrapht.core specified to --add-opens
18:31:30 PIT >> INFO : MINION : WARNING: Unknown module: org.jgrapht.core specified to --add-opens
18:31:30 PIT >> INFO : MINION : WARNING: Unknown module: org.jgrapht.core specified to --add-opens
18:31:30 PIT >> INFO : MINION : WARNING: Unknown module: org.jgrapht.core specified to --add-opens
18:31:30 PIT >> INFO : MINION : WARNING: Unknown module: org.jgrapht.core specified to --add-opens
18:31:30 PIT >> INFO : MINION : WARNING: Unknown module: org.jgrapht.core specified to --add-opens
18:31:30 PIT >> INFO : Sending 21 test classes to minion
18:31:30 PIT >> INFO : Sent tests to minion
18:31:33 PIT >> INFO : Calculated coverage in 3 seconds.
18:31:33 PIT >> INFO : Created 1 mutation test units
18:31:41 PIT >> WARNING : Minion exited abnormally due to MEMORY_ERROR
18:31:43 PIT >> INFO : Completed in 13 seconds
