Picked up JAVA_TOOL_OPTIONS: -XX:ActiveProcessorCount=1
18:32:12 PIT >> INFO : Verbose logging is disabled. If you encounter a problem, please enable it before reporting an issue.
18:32:12 PIT >> INFO : Created 1 mutation test units in pre scan
18:32:12 PIT >> INFO : MINION : Picked up JAVA_TOOL_OPTIONS: -XX:ActiveProcessorCount=1
18:32:12 PIT >> INFO : MINION : WARNING: Unknown module: org.jgrapht.core specified to --add-opens
18:32:12 PIT >> INFO : MINION : WARNING: Unknown module: org.jgrapht.core specified to --add-opens
18:32:12 PIT >> INFO : MINION : WARNING: Unknown module: org.jgrapht.core specified to --add-opens
18:32:12 PIT >> INFO : MINION : WARNING: Unknown module: org.jgrapht.core specified to --add-opens
18:32:12 PIT >> INFO : MINION : WARNING: Unknown module: org.jgrapht.core specified to --add-opens
18:32:12 PIT >> INFO : MINION : WARNING: Unknown module: org.jgrapht.core specified to --add-opens
18:32:12 PIT >> INFO : MINION : WARNING: Unknown module: org.jgrapht.core specified to --add-opens
18:32:12 PIT >> INFO : MINION : WARNING: Unknown module: org.jgrapht.core specified to --add-opens
18:32:12 PIT >> INFO : MINION : WARNING: Unknown module: org.jgrapht.core specified to --add-opens
18:32:12 PIT >> INFO : MINION : WARNING: Unknown module: org.jgrapht.core specified to --add-opens
18:32:12 PIT >> INFO : MINION : WARNING: Unknown module: org.jgrapht.core specified to --add-opens
18:32:12 PIT >> INFO : MINION : WARNING: Unknown module: org.jgrapht.core specified to --add-opens
18:32:12 PIT >> INFO : MINION : WARNING: Unknown module: org.jgrapht.core specified to --add-opens
18:32:12 PIT >> INFO : MINION : WARNING: Unknown module: org.jgrapht.core specified to --add-opens
18:32:12 PIT >> INFO : MINION : WARNING: Unknown module: org.jgrapht.core specified to --add-opens
18:32:12 PIT >> INFO : MINION : WARNING: Unknown module: org.jgrapht.core specified to --add-opens
18:32:12 PIT >> INFO : MINION : WARNING: Unknown module: org.jgrapht.core specified to --add-opens
18:32:12 PIT >> INFO : MINION : WARNING: Unknown module: org.jgrapht.core specified to --add-opens
18:32:12 PIT >> INFO : MINION : WARNING: Unknown module: org.jgrapht.core specified to --add-opens
18:32:12 PIT >> INFO : MINION : WARNING: Unknown module: org.jgrapht.core specified to --add-opens
18:32:12 PIT >> INFO : MINION : WARNING: Unknown module: org.jgrapht.core specified to --add-opens
18:32:12 PIT >> INFO : MINION : WARNING: Unknown module: org.jgrapht.core specified to --add-opens
18:32:12 PIT >> INFO : MINION : WARNING: Unknown module: org.jgrapht.core specified to --add-opens
18:32:12 PIT >> INFO : MINION : WARNING: Unknown module: org.jgrapht.core specified to --add-opens
18:32:12 PIT >> INFO : MINION : WARNING: Unknown module: org.jgrapht.core specified to --add-opens
18:32:12 PIT >> INFO : MINION : WARNING: Unknown module: org.jgrapht.core specified to --add-opens
18:32:12 PIT >> INFO : MINION : WARNING: Unknown module: org.jgrapht.core specified to --add-opens
18:32:12 PIT >> INFO : MINION : WARNING: Unknown module: org.jgrapht.core specified to --add-opens
18:32:12 PIT >> INFO : MINION : WARNING: Unknown module: org.jgrapht.core specified to --add-opens
18:32:12 PIT >> INFO : MINION : WARNING: Unknown module: org.jgrapht.core specified to --add-opens
18:32:12 PIT >> INFO : Sending 11 test classes to minion
18:32:12 PIT >> INFO : Sent tests to minion
18:32:12 PIT >> INFO : Calculated coverage in 0 seconds.
18:32:12 PIT >> INFO : Created 1 mutation test units
18:32:13 PIT >> INFO : Completed in 1 seconds
