Picked up JAVA_TOOL_OPTIONS: -XX:ActiveProcessorCount=1
18:36:12 PIT >> INFO : Verbose logging is disabled. If you encounter a problem, please enable it before reporting an issue.
18:36:12 PIT >> INFO : Created 1 mutation test units in pre scan
18:36:12 PIT >> INFO : MINION : Picked up JAVA_TOOL_OPTIONS: -XX:ActiveProcessorCount=1
18:36:12 PIT >> INFO : MINION : WARNING: Unknown module: org.jgrapht.core specified to --add-opens
18:36:12 PIT >> INFO : MINION : WARNING: Unknown module: org.jgrapht.core specified to --add-opens
18:36:12 PIT >> INFO : MINION : WARNING: Unknown module: org.jgrapht.core specified to --add-opens
18:36:12 PIT >> INFO : MINION : WARNING: Unknown module: org.jgrapht.core specified to --add-opens
18:36:12 PIT >> INFO : MINION : WARNING: Unknown module: org.jgrapht.core specified to --add-opens
18:36:12 PIT >> INFO : MINION : WARNING: Unknown module: org.jgrapht.core specified to --add-opens
18:36:12 PIT >> INFO : MINION : WARNING: Unknown module: org.jgrapht.core specified to --add-opens
18:36:12 PIT >> INFO : MINION : WARNING: Unknown module: org.jgrapht.core specified to --add-opens
18:36:12 PIT >> INFO : MINION : WARNING: Unknown module: org.jgrapht.core specified to --add-opens
18:36:12 PIT >> INFO : MINION : WARNING: Unknown module: org.jgrapht.core specified to --add-opens
18:36:12 PIT >> INFO : MINION : WARNING: Unknown module: org.jgrapht.core specified to --add-opens
18:36:12 PIT >> INFO : MINION : WARNING: Unknown module: org.jgrapht.core specified to --add-opens
18:36:12 PIT >> INFO : MINION : WARNING: Unknown module: org.jgrapht.core specified to --add-opens
18:36:12 PIT >> INFO : MINION : WARNING: Unknown module: org.jgrapht.core specified to --add-opens
18:36:12 PIT >> INFO : MINION : WARNING: Unknown module: org.jgrapht.core specified to --add-opens
18:36:12 PIT >> INFO : MINION : WARNING: Unknown module: org.jgrapht.core specified to --add-opens
18:36:12 PIT >> INFO : MINION : WARNING: Unknown module: org.jgrapht.core specified to --add-opens
18:36:12 PIT >> INFO : MINION : WARNING: Unknown module: org.jgrapht.core specified to --add-opens
18:36:12 PIT >> INFO : MINION : WARNING: Unknown module: org.jgrapht.core specified to --add-opens
18:36:12 PIT >> INFO : MINION : WARNING: Unknown module: org.jgrapht.core specified to --add-opens
18:36:12 PIT >> INFO : MINION : WARNING: Unknown module: org.jgrapht.core specified to --add-opens
18:36:12 PIT >> INFO : MINION : WARNING: Unknown module: org.jgrapht.core specified to --add-opens
18:36:12 PIT >> INFO : MINION : WARNING: Unknown module: org.jgrapht.core specified to --add-opens
18:36:12 PIT >> INFO : MINION : WARNING: Unknown module: org.jgrapht.core specified to --add-opens
18:36:12 PIT >> INFO : MINION : WARNING: Unknown module: org.jgrapht.core specified to --add-opens
18:36:12 PIT >> INFO : MINION : WARNING: Unknown module: org.jgrapht.core specified to --add-opens
18:36:12 PIT >> INFO : MINION : WARNING: Unknown module: org.jgrapht.core specified to --add-opens
18:36:12 PIT >> INFO : MINION : WARNING: Unknown module: org.jgrapht.core specified to --add-opens
18:36:12 PIT >> INFO : MINION : WARNING: Unknown module: org.jgrapht.core specified to --add-opens
18:36:12 PIT >> INFO : MINION : WARNING: Unknown module: org.jgrapht.core specified to --add-opens
18:36:13 PIT >> INFO : Sending 10 test classes to minion
18:36:13 PIT >> INFO : Sent tests to minion
18:36:24 PIT >> INFO : Calculated coverage in 11 seconds.
18:36:24 PIT >> INFO : Created 1 mutation test units
18:38:20 PIT >> INFO : Completed in 127 seconds
