Picked up JAVA_TOOL_OPTIONS: -XX:ActiveProcessorCount=1
19:18:36 PIT >> INFO : Verbose logging is disabled. If you encounter a problem, please enable it before reporting an issue.
19:18:36 PIT >> INFO : Created 1 mutation test units in pre scan
19:18:36 PIT >> INFO : MINION : Picked up JAVA_TOOL_OPTIONS: -XX:ActiveProcessorCount=1
19:18:36 PIT >> INFO : MINION : WARNING: Unknown module: org.jgrapht.core specified to --add-opens
19:18:36 PIT >> INFO : MINION : WARNING: Unknown module: org.jgrapht.core specified to --add-opens
19:18:36 PIT >> INFO : MINION : WARNING: Unknown module: org.jgrapht.core specified to --add-opens
19:18:36 PIT >> INFO : MINION : WARNING: Unknown module: org.jgrapht.core specified to --add-opens
19:18:36 PIT >> INFO : MINION : WARNING: Unknown module: org.jgrapht.core specified to --add-opens
19:18:36 PIT >> INFO : MINION : WARNING: Unknown module: org.jgrapht.core specified to --add-opens
19:18:36 PIT >> INFO : MINION : WARNING: Unknown module: org.jgrapht.core specified to --add-opens
19:18:36 PIT >> INFO : MINION : WARNING: Unknown module: org.jgrapht.core specified to --add-opens
19:18:36 PIT >> INFO : MINION : WARNING: Unknown module: org.jgrapht.core specified to --add-opens
19:18:36 PIT >> INFO : MINION : WARNING: Unknown module: org.jgrapht.core specified to --add-opens
19:18:36 PIT >> INFO : MINION : WARNING: Unknown module: org.jgrapht.core specified to --add-opens
19:18:36 PIT >> INFO : MINION : WARNING: Unknown module: org.jgrapht.core specified to --add-opens
19:18:36 PIT >> INFO : MINION : WARNING: Unknown module: org.jgrapht.core specified to --add-opens
19:18:36 PIT >> INFO : MINION : WARNING: Unknown module: org.jgrapht.core specified to --add-opens
19:18:36 PIT >> INFO : MINION : WARNING: Unknown module: org.jgrapht.core specified to --add-opens
19:18:36 PIT >> INFO : MINION : WARNING: Unknown module: org.jgrapht.core specified to --add-opens
19:18:36 PIT >> INFO : MINION : WARNING: Unknown module: org.jgrapht.core specified to --add-opens
19:18:36 PIT >> INFO : MINION : WARNING: Unknown module: org.jgrapht.core specified to --add-opens
19:18:36 PIT >> INFO : MINION : WARNING: Unknown module: org.jgrapht.core specified to --add-opens
19:18:36 PIT >> INFO : MINION : WARNING: Unknown module: org.jgrapht.core specified to --add-opens
19:18:36 PIT >> INFO : MINION : WARNING: Unknown module: org.jgrapht.core specified to --add-opens
19:18:36 PIT >> INFO : MINION : WARNING: Unknown module: org.jgrapht.core specified to --add-opens
19:18:36 PIT >> INFO : MINION : WARNING: Unknown module: org.jgrapht.core specified to --add-opens
19:18:36 PIT >> INFO : MINION : WARNING: Unknown module: org.jgrapht.core specified to --add-opens
19:18:36 PIT >> INFO : MINION : WARNING: Unknown module: org.jgrapht.core specified to --add-opens
19:18:36 PIT >> INFO : MINION : WARNING: Unknown module: org.jgrapht.core specified to --add-opens
19:18:36 PIT >> INFO : MINION : WARNING: Unknown module: org.jgrapht.core specified to --add-opens
19:18:36 PIT >> INFO : MINION : WARNING: Unknown module: org.jgrapht.core specified to --add-opens
19:18:36 PIT >> INFO : MINION : WARNING: Unknown module: org.jgrapht.core specified to --add-opens
19:18:36 PIT >> INFO : MINION : WARNING: Unknown module: org.jgrapht.core specified to --add-opens
19:18:36 PIT >> INFO : Sending 17 test classes to minion
19:18:36 PIT >> INFO : Sent tests to minion
19:18:37 PIT >> INFO : Calculated coverage in 0 seconds.
19:18:37 PIT >> INFO : Created 1 mutation test units
19:18:39 PIT >> INFO : Completed in 3 seconds
