{
  "configuration": {
    "subject": "spring-core",
    "sourceRevision": "25838a334c037b68e614f6b571af03a1f6bfec19",
    "repository": "https://github.com/spring-projects/spring-framework",
    "module": "spring-core",
    "jdkMajor": 21,
    "collectionBuildTool": "Gradle 8.14.2",
    "pitVersion": "1.17.4",
    "testPlugin": {
      "artifact": "pitest-junit5-plugin",
      "version": "1.2.1"
    },
    "mutators": [
      "DEFAULTS"
    ],
    "fullMutationMatrix": true,
    "sample": "sample.json",
    "recordedPitSeconds": null,
    "outputDirectory": "<CHECKOUT>/.replication-pit/spring-core",
    "requiredJavaOptions": [],
    "notes": "PIT runs are not expected to be byte-identical; compare identities, statuses, and normalized killing sets.",
    "processorCountOverride": null,
    "buildWorkers": 1,
    "provenance": "Executed replacement campaign: PIT 1.17.4 with explicitly named DEFAULTS; no processor-count override. Replay configuration is not evidence of the installed versions of other campaigns."
  },
  "selectedClasses": [
    {
      "fqn": "org.springframework.core.SerializableTypeWrapper",
      "subpackage": "core",
      "loc": 315,
      "tests": 345,
      "targetTests": "org.springframework.core.*"
    },
    {
      "fqn": "org.springframework.core.annotation.RepeatableContainers",
      "subpackage": "core.annotation",
      "loc": 237,
      "tests": 742,
      "targetTests": "org.springframework.core.annotation.*"
    },
    {
      "fqn": "org.springframework.core.codec.AbstractDataBufferDecoder",
      "subpackage": "core.codec",
      "loc": 92,
      "tests": 46,
      "targetTests": "org.springframework.core.codec.*"
    },
    {
      "fqn": "org.springframework.core.convert.TypeDescriptor",
      "subpackage": "core.convert",
      "loc": 732,
      "tests": 317,
      "targetTests": "org.springframework.core.convert.*"
    },
    {
      "fqn": "org.springframework.core.convert.converter.ConvertingComparator",
      "subpackage": "core.convert.converter",
      "loc": 107,
      "tests": 7,
      "targetTests": "org.springframework.core.convert.*"
    },
    {
      "fqn": "org.springframework.core.convert.support.GenericConversionService",
      "subpackage": "core.convert.support",
      "loc": 560,
      "tests": 261,
      "targetTests": "org.springframework.core.convert.*"
    },
    {
      "fqn": "org.springframework.core.env.PropertySource",
      "subpackage": "core.env",
      "loc": 226,
      "tests": 138,
      "targetTests": "org.springframework.core.env.*"
    },
    {
      "fqn": "org.springframework.core.io.AbstractResource",
      "subpackage": "core.io",
      "loc": 236,
      "tests": 332,
      "targetTests": "org.springframework.core.io.*"
    },
    {
      "fqn": "org.springframework.core.io.buffer.DataBufferUtils",
      "subpackage": "core.io.buffer",
      "loc": 1078,
      "tests": 151,
      "targetTests": "org.springframework.core.io.*"
    },
    {
      "fqn": "org.springframework.core.io.support.PathMatchingResourcePatternResolver",
      "subpackage": "core.io.support",
      "loc": 964,
      "tests": 34,
      "targetTests": "org.springframework.core.io.*"
    },
    {
      "fqn": "org.springframework.core.log.LogMessage",
      "subpackage": "core.log",
      "loc": 227,
      "tests": 27,
      "targetTests": "org.springframework.core.log.*"
    },
    {
      "fqn": "org.springframework.core.style.DefaultValueStyler",
      "subpackage": "core.style",
      "loc": 194,
      "tests": 33,
      "targetTests": "org.springframework.core.style.*"
    },
    {
      "fqn": "org.springframework.core.task.SimpleAsyncTaskExecutor",
      "subpackage": "core.task",
      "loc": 381,
      "tests": 7,
      "targetTests": "org.springframework.core.task.*"
    },
    {
      "fqn": "org.springframework.core.type.StandardClassMetadata",
      "subpackage": "core.type",
      "loc": 116,
      "tests": 82,
      "targetTests": "org.springframework.core.type.*"
    },
    {
      "fqn": "org.springframework.core.type.classreading.SimpleAnnotationMetadata",
      "subpackage": "core.type.classreading",
      "loc": 144,
      "tests": 99,
      "targetTests": "org.springframework.core.type.*"
    },
    {
      "fqn": "org.springframework.core.type.filter.AbstractTypeHierarchyTraversingFilter",
      "subpackage": "core.type.filter",
      "loc": 134,
      "tests": 10,
      "targetTests": "org.springframework.core.type.*"
    },
    {
      "fqn": "org.springframework.util.Assert",
      "subpackage": "util",
      "loc": 585,
      "tests": 2844,
      "targetTests": "org.springframework.util.*"
    },
    {
      "fqn": "org.springframework.util.backoff.ExponentialBackOff",
      "subpackage": "util.backoff",
      "loc": 239,
      "tests": 10,
      "targetTests": "org.springframework.util.*"
    },
    {
      "fqn": "org.springframework.util.concurrent.ListenableFutureCallbackRegistry",
      "subpackage": "util.concurrent",
      "loc": 134,
      "tests": 35,
      "targetTests": "org.springframework.util.*"
    },
    {
      "fqn": "org.springframework.util.function.ThrowingConsumer",
      "subpackage": "util.function",
      "loc": 122,
      "tests": 17,
      "targetTests": "org.springframework.util.*"
    },
    {
      "fqn": "org.springframework.util.unit.DataSize",
      "subpackage": "util.unit",
      "loc": 246,
      "tests": 37,
      "targetTests": "org.springframework.util.*"
    },
    {
      "fqn": "org.springframework.util.xml.AbstractStaxXMLReader",
      "subpackage": "util.xml",
      "loc": 203,
      "tests": 17,
      "targetTests": "org.springframework.util.*"
    }
  ],
  "checkout": "/not-needed-for-plan",
  "commandFile": "/Users/D061177/work/issta/adopt-c-work/delivery-check-2/anon-final/rerun/pit/spring-core/command.txt",
  "noExecution": true
}
