{
  "configuration": {
    "subject": "quarkus",
    "sourceRevision": "6ce99878508d792f3c2a2a7f9520b086a1c32cab",
    "repository": "https://github.com/quarkusio/quarkus",
    "module": "independent-projects/arc/tests",
    "jdkMajor": 21,
    "collectionBuildTool": "Maven 3.9.16",
    "pitVersion": "1.17.4",
    "testPlugin": {
      "artifact": "pitest-junit5-plugin",
      "version": "1.2.1"
    },
    "mutators": [
      "DEFAULTS"
    ],
    "fullMutationMatrix": true,
    "sample": "sample.json",
    "recordedPitSeconds": 8864.81,
    "outputDirectory": "<CHECKOUT>/.replication-pit/quarkus",
    "requiredJavaOptions": [],
    "notes": "PIT runs are not expected to be byte-identical; compare identities, statuses, and normalized killing sets."
  },
  "selectedClasses": [
    {
      "fqn": "io.quarkus.arc.processor.Annotations",
      "sourcePath": "independent-projects/arc/processor/src/main/java/io/quarkus/arc/processor/Annotations.java",
      "subpackage": "metadata",
      "loc": 380,
      "reason": "annotation metadata processing",
      "targetTests": "io.quarkus.arc.test.*"
    },
    {
      "fqn": "io.quarkus.arc.processor.BeanArchives",
      "sourcePath": "independent-projects/arc/processor/src/main/java/io/quarkus/arc/processor/BeanArchives.java",
      "subpackage": "discovery",
      "loc": 435,
      "reason": "bean archive discovery",
      "targetTests": "io.quarkus.arc.test.*"
    },
    {
      "fqn": "io.quarkus.arc.processor.BeanResolverImpl",
      "sourcePath": "independent-projects/arc/processor/src/main/java/io/quarkus/arc/processor/BeanResolverImpl.java",
      "subpackage": "resolution",
      "loc": 374,
      "reason": "bean resolution",
      "targetTests": "io.quarkus.arc.test.*"
    },
    {
      "fqn": "io.quarkus.arc.processor.ClientProxyGenerator",
      "sourcePath": "independent-projects/arc/processor/src/main/java/io/quarkus/arc/processor/ClientProxyGenerator.java",
      "subpackage": "proxy-generation",
      "loc": 377,
      "reason": "client proxy generation",
      "targetTests": "io.quarkus.arc.test.*"
    },
    {
      "fqn": "io.quarkus.arc.processor.InterceptorGenerator",
      "sourcePath": "independent-projects/arc/processor/src/main/java/io/quarkus/arc/processor/InterceptorGenerator.java",
      "subpackage": "interceptor-generation",
      "loc": 388,
      "reason": "interceptor generation",
      "targetTests": "io.quarkus.arc.test.*"
    },
    {
      "fqn": "io.quarkus.arc.processor.DecoratorGenerator",
      "sourcePath": "independent-projects/arc/processor/src/main/java/io/quarkus/arc/processor/DecoratorGenerator.java",
      "subpackage": "decorator-generation",
      "loc": 425,
      "reason": "decorator generation",
      "targetTests": "io.quarkus.arc.test.*"
    },
    {
      "fqn": "io.quarkus.arc.processor.ObserverInfo",
      "sourcePath": "independent-projects/arc/processor/src/main/java/io/quarkus/arc/processor/ObserverInfo.java",
      "subpackage": "observers",
      "loc": 572,
      "reason": "observer metadata",
      "targetTests": "io.quarkus.arc.test.*"
    },
    {
      "fqn": "io.quarkus.arc.processor.ObserverGenerator",
      "sourcePath": "independent-projects/arc/processor/src/main/java/io/quarkus/arc/processor/ObserverGenerator.java",
      "subpackage": "observers",
      "loc": 611,
      "reason": "observer bytecode generation",
      "targetTests": "io.quarkus.arc.test.*"
    },
    {
      "fqn": "io.quarkus.arc.processor.InjectionPointInfo",
      "sourcePath": "independent-projects/arc/processor/src/main/java/io/quarkus/arc/processor/InjectionPointInfo.java",
      "subpackage": "injection",
      "loc": 497,
      "reason": "injection-point metadata",
      "targetTests": "io.quarkus.arc.test.*"
    },
    {
      "fqn": "io.quarkus.arc.processor.Injection",
      "sourcePath": "independent-projects/arc/processor/src/main/java/io/quarkus/arc/processor/Injection.java",
      "subpackage": "injection",
      "loc": 655,
      "reason": "injection discovery and validation",
      "targetTests": "io.quarkus.arc.test.*"
    },
    {
      "fqn": "io.quarkus.arc.processor.Types",
      "sourcePath": "independent-projects/arc/processor/src/main/java/io/quarkus/arc/processor/Types.java",
      "subpackage": "type-system",
      "loc": 847,
      "reason": "CDI type assignability",
      "targetTests": "io.quarkus.arc.test.*"
    },
    {
      "fqn": "io.quarkus.arc.processor.ComponentsProviderGenerator",
      "sourcePath": "independent-projects/arc/processor/src/main/java/io/quarkus/arc/processor/ComponentsProviderGenerator.java",
      "subpackage": "component-generation",
      "loc": 781,
      "reason": "component provider generation",
      "targetTests": "io.quarkus.arc.test.*"
    },
    {
      "fqn": "io.quarkus.arc.processor.ContextInstancesGenerator",
      "sourcePath": "independent-projects/arc/processor/src/main/java/io/quarkus/arc/processor/ContextInstancesGenerator.java",
      "subpackage": "context-generation",
      "loc": 370,
      "reason": "context instance storage generation",
      "targetTests": "io.quarkus.arc.test.*"
    },
    {
      "fqn": "io.quarkus.arc.processor.AnnotationLiteralProcessor",
      "sourcePath": "independent-projects/arc/processor/src/main/java/io/quarkus/arc/processor/AnnotationLiteralProcessor.java",
      "subpackage": "annotation-generation",
      "loc": 421,
      "reason": "annotation literal processing",
      "targetTests": "io.quarkus.arc.test.*"
    },
    {
      "fqn": "io.quarkus.arc.processor.bcextensions.AnnotationBuilderImpl",
      "sourcePath": "independent-projects/arc/processor/src/main/java/io/quarkus/arc/processor/bcextensions/AnnotationBuilderImpl.java",
      "subpackage": "build-compatible-extensions",
      "loc": 475,
      "reason": "build-compatible annotation transformation",
      "targetTests": "io.quarkus.arc.test.*"
    },
    {
      "fqn": "io.quarkus.arc.processor.bcextensions.ExtensionsEntryPoint",
      "sourcePath": "independent-projects/arc/processor/src/main/java/io/quarkus/arc/processor/bcextensions/ExtensionsEntryPoint.java",
      "subpackage": "build-compatible-extensions",
      "loc": 653,
      "reason": "build-compatible extension lifecycle",
      "targetTests": "io.quarkus.arc.test.*"
    }
  ],
  "checkout": "/not-needed-for-plan",
  "commandFile": "/Users/D061177/work/issta/adopt-c-work/delivery-check-2/anon-final/rerun/pit/quarkus/command.txt",
  "noExecution": true
}
