{
  "subject": "spring-core",
  "classScope": null,
  "recordedRecords": 557,
  "freshRecords": 557,
  "matchingRecords": 557,
  "differences": [],
  "unresolvedRecords": [],
  "repeatedSemanticIdentities": [
    {
      "semanticIdentity": [
        "org.springframework.core.annotation.RepeatableContainers",
        "equals",
        "(Ljava/lang/Object;)Z",
        87,
        "org.pitest.mutationtest.engine.gregor.mutators.RemoveConditionalMutator_EQUAL_ELSE",
        null,
        null,
        "removed conditional - replaced equality check with false"
      ],
      "recordedOccurrences": 2,
      "freshOccurrences": 2
    },
    {
      "semanticIdentity": [
        "org.springframework.core.convert.TypeDescriptor",
        "annotationEquals",
        "(Ljava/lang/annotation/Annotation;Ljava/lang/annotation/Annotation;)Z",
        536,
        "org.pitest.mutationtest.engine.gregor.mutators.RemoveConditionalMutator_EQUAL_ELSE",
        null,
        null,
        "removed conditional - replaced equality check with false"
      ],
      "recordedOccurrences": 3,
      "freshOccurrences": 3
    },
    {
      "semanticIdentity": [
        "org.springframework.core.convert.TypeDescriptor",
        "equals",
        "(Ljava/lang/Object;)Z",
        503,
        "org.pitest.mutationtest.engine.gregor.mutators.RemoveConditionalMutator_EQUAL_ELSE",
        null,
        null,
        "removed conditional - replaced equality check with false"
      ],
      "recordedOccurrences": 2,
      "freshOccurrences": 2
    },
    {
      "semanticIdentity": [
        "org.springframework.core.convert.TypeDescriptor",
        "isAssignableTo",
        "(Lorg/springframework/core/convert/TypeDescriptor;)Z",
        312,
        "org.pitest.mutationtest.engine.gregor.mutators.RemoveConditionalMutator_EQUAL_ELSE",
        null,
        null,
        "removed conditional - replaced equality check with false"
      ],
      "recordedOccurrences": 2,
      "freshOccurrences": 2
    },
    {
      "semanticIdentity": [
        "org.springframework.core.convert.TypeDescriptor",
        "isAssignableTo",
        "(Lorg/springframework/core/convert/TypeDescriptor;)Z",
        315,
        "org.pitest.mutationtest.engine.gregor.mutators.RemoveConditionalMutator_EQUAL_ELSE",
        null,
        null,
        "removed conditional - replaced equality check with false"
      ],
      "recordedOccurrences": 2,
      "freshOccurrences": 2
    },
    {
      "semanticIdentity": [
        "org.springframework.core.convert.TypeDescriptor",
        "isAssignableTo",
        "(Lorg/springframework/core/convert/TypeDescriptor;)Z",
        318,
        "org.pitest.mutationtest.engine.gregor.mutators.RemoveConditionalMutator_EQUAL_ELSE",
        null,
        null,
        "removed conditional - replaced equality check with false"
      ],
      "recordedOccurrences": 2,
      "freshOccurrences": 2
    },
    {
      "semanticIdentity": [
        "org.springframework.core.convert.TypeDescriptor",
        "isNestedAssignable",
        "(Lorg/springframework/core/convert/TypeDescriptor;Lorg/springframework/core/convert/TypeDescriptor;)Z",
        330,
        "org.pitest.mutationtest.engine.gregor.mutators.RemoveConditionalMutator_EQUAL_ELSE",
        null,
        null,
        "removed conditional - replaced equality check with false"
      ],
      "recordedOccurrences": 2,
      "freshOccurrences": 2
    },
    {
      "semanticIdentity": [
        "org.springframework.core.convert.support.GenericConversionService",
        "addConverter",
        "(Lorg/springframework/core/convert/converter/Converter;)V",
        86,
        "org.pitest.mutationtest.engine.gregor.mutators.RemoveConditionalMutator_EQUAL_ELSE",
        null,
        null,
        "removed conditional - replaced equality check with false"
      ],
      "recordedOccurrences": 2,
      "freshOccurrences": 2
    },
    {
      "semanticIdentity": [
        "org.springframework.core.convert.support.GenericConversionService",
        "addConverterFactory",
        "(Lorg/springframework/core/convert/converter/ConverterFactory;)V",
        111,
        "org.pitest.mutationtest.engine.gregor.mutators.RemoveConditionalMutator_EQUAL_ELSE",
        null,
        null,
        "removed conditional - replaced equality check with false"
      ],
      "recordedOccurrences": 2,
      "freshOccurrences": 2
    },
    {
      "semanticIdentity": [
        "org.springframework.core.convert.support.GenericConversionService",
        "canBypassConvert",
        "(Lorg/springframework/core/convert/TypeDescriptor;Lorg/springframework/core/convert/TypeDescriptor;)Z",
        157,
        "org.pitest.mutationtest.engine.gregor.mutators.RemoveConditionalMutator_EQUAL_ELSE",
        null,
        null,
        "removed conditional - replaced equality check with false"
      ],
      "recordedOccurrences": 2,
      "freshOccurrences": 2
    },
    {
      "semanticIdentity": [
        "org.springframework.core.convert.support.GenericConversionService",
        "canConvert",
        "(Lorg/springframework/core/convert/TypeDescriptor;Lorg/springframework/core/convert/TypeDescriptor;)Z",
        141,
        "org.pitest.mutationtest.engine.gregor.mutators.RemoveConditionalMutator_EQUAL_ELSE",
        null,
        null,
        "removed conditional - replaced equality check with false"
      ],
      "recordedOccurrences": 2,
      "freshOccurrences": 2
    },
    {
      "semanticIdentity": [
        "org.springframework.core.convert.support.GenericConversionService",
        "convert",
        "(Ljava/lang/Object;Lorg/springframework/core/convert/TypeDescriptor;Lorg/springframework/core/convert/TypeDescriptor;)Ljava/lang/Object;",
        176,
        "org.pitest.mutationtest.engine.gregor.mutators.RemoveConditionalMutator_EQUAL_ELSE",
        null,
        null,
        "removed conditional - replaced equality check with false"
      ],
      "recordedOccurrences": 2,
      "freshOccurrences": 2
    },
    {
      "semanticIdentity": [
        "org.springframework.core.convert.support.GenericConversionService",
        "getRequiredTypeInfo",
        "(Ljava/lang/Class;Ljava/lang/Class;)[Lorg/springframework/core/ResolvableType;",
        272,
        "org.pitest.mutationtest.engine.gregor.mutators.RemoveConditionalMutator_EQUAL_ELSE",
        null,
        null,
        "removed conditional - replaced equality check with false"
      ],
      "recordedOccurrences": 2,
      "freshOccurrences": 2
    },
    {
      "semanticIdentity": [
        "org.springframework.core.convert.support.GenericConversionService",
        "handleConverterNotFound",
        "(Ljava/lang/Object;Lorg/springframework/core/convert/TypeDescriptor;Lorg/springframework/core/convert/TypeDescriptor;)Ljava/lang/Object;",
        290,
        "org.pitest.mutationtest.engine.gregor.mutators.RemoveConditionalMutator_EQUAL_ELSE",
        null,
        null,
        "removed conditional - replaced equality check with false"
      ],
      "recordedOccurrences": 2,
      "freshOccurrences": 2
    },
    {
      "semanticIdentity": [
        "org.springframework.core.type.classreading.SimpleAnnotationMetadata",
        "equals",
        "(Ljava/lang/Object;)Z",
        167,
        "org.pitest.mutationtest.engine.gregor.mutators.RemoveConditionalMutator_EQUAL_ELSE",
        null,
        null,
        "removed conditional - replaced equality check with false"
      ],
      "recordedOccurrences": 2,
      "freshOccurrences": 2
    },
    {
      "semanticIdentity": [
        "org.springframework.core.type.classreading.SimpleAnnotationMetadata",
        "isIndependent",
        "()Z",
        107,
        "org.pitest.mutationtest.engine.gregor.mutators.RemoveConditionalMutator_EQUAL_ELSE",
        null,
        null,
        "removed conditional - replaced equality check with false"
      ],
      "recordedOccurrences": 2,
      "freshOccurrences": 2
    },
    {
      "semanticIdentity": [
        "org.springframework.util.Assert",
        "doesNotContain",
        "(Ljava/lang/String;Ljava/lang/String;Ljava/lang/String;)V",
        273,
        "org.pitest.mutationtest.engine.gregor.mutators.RemoveConditionalMutator_EQUAL_ELSE",
        null,
        null,
        "removed conditional - replaced equality check with false"
      ],
      "recordedOccurrences": 2,
      "freshOccurrences": 2
    },
    {
      "semanticIdentity": [
        "org.springframework.util.Assert",
        "doesNotContain",
        "(Ljava/lang/String;Ljava/lang/String;Ljava/util/function/Supplier;)V",
        292,
        "org.pitest.mutationtest.engine.gregor.mutators.RemoveConditionalMutator_EQUAL_ELSE",
        null,
        null,
        "removed conditional - replaced equality check with false"
      ],
      "recordedOccurrences": 2,
      "freshOccurrences": 2
    },
    {
      "semanticIdentity": [
        "org.springframework.util.Assert",
        "endsWithSeparator",
        "(Ljava/lang/String;)Z",
        614,
        "org.pitest.mutationtest.engine.gregor.mutators.RemoveConditionalMutator_EQUAL_ELSE",
        null,
        null,
        "removed conditional - replaced equality check with false"
      ],
      "recordedOccurrences": 4,
      "freshOccurrences": 4
    },
    {
      "semanticIdentity": [
        "org.springframework.util.Assert",
        "isAssignable",
        "(Ljava/lang/Class;Ljava/lang/Class;Ljava/lang/String;)V",
        540,
        "org.pitest.mutationtest.engine.gregor.mutators.RemoveConditionalMutator_EQUAL_ELSE",
        null,
        null,
        "removed conditional - replaced equality check with false"
      ],
      "recordedOccurrences": 2,
      "freshOccurrences": 2
    },
    {
      "semanticIdentity": [
        "org.springframework.util.Assert",
        "isAssignable",
        "(Ljava/lang/Class;Ljava/lang/Class;Ljava/util/function/Supplier;)V",
        559,
        "org.pitest.mutationtest.engine.gregor.mutators.RemoveConditionalMutator_EQUAL_ELSE",
        null,
        null,
        "removed conditional - replaced equality check with false"
      ],
      "recordedOccurrences": 2,
      "freshOccurrences": 2
    },
    {
      "semanticIdentity": [
        "org.springframework.util.unit.DataSize",
        "equals",
        "(Ljava/lang/Object;)Z",
        253,
        "org.pitest.mutationtest.engine.gregor.mutators.RemoveConditionalMutator_EQUAL_ELSE",
        null,
        null,
        "removed conditional - replaced equality check with false"
      ],
      "recordedOccurrences": 2,
      "freshOccurrences": 2
    },
    {
      "semanticIdentity": [
        "org.springframework.util.xml.AbstractStaxXMLReader",
        "endPrefixMapping",
        "(Ljava/lang/String;)V",
        200,
        "org.pitest.mutationtest.engine.gregor.mutators.RemoveConditionalMutator_EQUAL_ELSE",
        null,
        null,
        "removed conditional - replaced equality check with false"
      ],
      "recordedOccurrences": 2,
      "freshOccurrences": 2
    },
    {
      "semanticIdentity": [
        "org.springframework.util.xml.AbstractStaxXMLReader",
        "startPrefixMapping",
        "(Ljava/lang/String;Ljava/lang/String;)V",
        184,
        "org.pitest.mutationtest.engine.gregor.mutators.RemoveConditionalMutator_EQUAL_ELSE",
        null,
        null,
        "removed conditional - replaced equality check with false"
      ],
      "recordedOccurrences": 2,
      "freshOccurrences": 2
    }
  ],
  "fullMatch": true
}
