Picked up JAVA_TOOL_OPTIONS: -XX:ActiveProcessorCount=1
21:17:37 PIT >> INFO : Verbose logging is disabled. If you encounter a problem, please enable it before reporting an issue.
21:17:38 PIT >> INFO : Created 1 mutation test units in pre scan
21:17:38 PIT >> INFO : MINION : Picked up JAVA_TOOL_OPTIONS: -XX:ActiveProcessorCount=1
21:17:38 PIT >> INFO : Sending 131 test classes to minion
21:17:38 PIT >> INFO : Sent tests to minion
21:17:38 PIT >> INFO : MINION : Failed to set JaCoCo session: org.jacoco.agent.rt.RT
21:17:39 PIT >> INFO : MINION : Failed to dump JaCoCo execution data: org.jacoco.agent.rt.RT
21:17:39 PIT >> INFO : MINION : Failed to set JaCoCo session: org.jacoco.agent.rt.RT
21:17:39 PIT >> INFO : MINION : Failed to dump JaCoCo execution data: org.jacoco.agent.rt.RT
21:17:39 PIT >> INFO : MINION : Failed to set JaCoCo session: org.jacoco.agent.rt.RT
21:17:39 PIT >> INFO : MINION : Failed to dump JaCoCo execution data: org.jacoco.agent.rt.RT
21:17:39 PIT >> INFO : MINION : Failed to set JaCoCo session: org.jacoco.agent.rt.RT
21:17:39 PIT >> INFO : MINION : Failed to dump JaCoCo execution data: org.jacoco.agent.rt.RT
21:17:39 PIT >> INFO : MINION : Failed to set JaCoCo session: org.jacoco.agent.rt.RT
21:17:39 PIT >> INFO : MINION : Failed to dump JaCoCo execution data: org.jacoco.agent.rt.RT
21:17:39 PIT >> INFO : MINION : Failed to set JaCoCo session: org.jacoco.agent.rt.RT
21:17:39 PIT >> INFO : MINION : Failed to dump JaCoCo execution data: org.jacoco.agent.rt.RT
21:17:39 PIT >> INFO : MINION : Failed to set JaCoCo session: org.jacoco.agent.rt.RT
21:17:39 PIT >> INFO : MINION : Failed to dump JaCoCo execution data: org.jacoco.agent.rt.RT
21:17:39 PIT >> INFO : MINION : Failed to set JaCoCo session: org.jacoco.agent.rt.RT
21:17:39 PIT >> INFO : MINION : Failed to dump JaCoCo execution data: org.jacoco.agent.rt.RT
21:17:39 PIT >> INFO : MINION : Failed to set JaCoCo session: org.jacoco.agent.rt.RT
21:17:39 PIT >> INFO : MINION : Failed to dump JaCoCo execution data: org.jacoco.agent.rt.RT
21:17:39 PIT >> INFO : MINION : Failed to set JaCoCo session: org.jacoco.agent.rt.RT
21:17:39 PIT >> INFO : MINION : Failed to dump JaCoCo execution data: org.jacoco.agent.rt.RT
21:17:39 PIT >> INFO : MINION : Failed to set JaCoCo session: org.jacoco.agent.rt.RT
21:17:39 PIT >> INFO : MINION : Failed to dump JaCoCo execution data: org.jacoco.agent.rt.RT
21:17:39 PIT >> INFO : MINION : Failed to set JaCoCo session: org.jacoco.agent.rt.RT
21:17:39 PIT >> INFO : MINION : Failed to dump JaCoCo execution data: org.jacoco.agent.rt.RT
21:17:39 PIT >> INFO : MINION : Failed to set JaCoCo session: org.jacoco.agent.rt.RT
21:17:39 PIT >> INFO : MINION : Failed to dump JaCoCo execution data: org.jacoco.agent.rt.RT
21:17:39 PIT >> INFO : MINION : Failed to set JaCoCo session: org.jacoco.agent.rt.RT
21:17:39 PIT >> INFO : MINION : Failed to dump JaCoCo execution data: org.jacoco.agent.rt.RT
21:17:39 PIT >> INFO : MINION : Failed to set JaCoCo session: org.jacoco.agent.rt.RT
21:17:39 PIT >> INFO : MINION : Failed to dump JaCoCo execution data: org.jacoco.agent.rt.RT
21:17:39 PIT >> INFO : MINION : Failed to set JaCoCo session: org.jacoco.agent.rt.RT
21:17:39 PIT >> INFO : MINION : Failed to dump JaCoCo execution data: org.jacoco.agent.rt.RT
21:17:39 PIT >> INFO : MINION : Failed to set JaCoCo session: org.jacoco.agent.rt.RT
21:17:39 PIT >> INFO : MINION : Failed to dump JaCoCo execution data: org.jacoco.agent.rt.RT
21:17:39 PIT >> INFO : MINION : Failed to set JaCoCo session: org.jacoco.agent.rt.RT
21:17:39 PIT >> INFO : MINION : Failed to dump JaCoCo execution data: org.jacoco.agent.rt.RT
21:17:39 PIT >> INFO : MINION : Failed to set JaCoCo session: org.jacoco.agent.rt.RT
21:17:39 PIT >> INFO : MINION : Failed to dump JaCoCo execution data: org.jacoco.agent.rt.RT
21:17:39 PIT >> INFO : MINION : Failed to set JaCoCo session: org.jacoco.agent.rt.RT
21:17:39 PIT >> INFO : MINION : Failed to dump JaCoCo execution data: org.jacoco.agent.rt.RT
21:17:39 PIT >> INFO : MINION : Failed to set JaCoCo session: org.jacoco.agent.rt.RT
21:17:39 PIT >> INFO : MINION : Failed to dump JaCoCo execution data: org.jacoco.agent.rt.RT
21:17:39 PIT >> INFO : MINION : Failed to set JaCoCo session: org.jacoco.agent.rt.RT
21:17:39 PIT >> INFO : MINION : Failed to dump JaCoCo execution data: org.jacoco.agent.rt.RT
21:17:39 PIT >> INFO : MINION : Failed to set JaCoCo session: org.jacoco.agent.rt.RT
21:17:39 PIT >> INFO : MINION : Failed to dump JaCoCo execution data: org.jacoco.agent.rt.RT
21:17:39 PIT >> INFO : MINION : Failed to set JaCoCo session: org.jacoco.agent.rt.RT
21:17:39 PIT >> INFO : MINION : Failed to dump JaCoCo execution data: org.jacoco.agent.rt.RT
21:17:39 PIT >> INFO : MINION : Failed to set JaCoCo session: org.jacoco.agent.rt.RT
21:17:39 PIT >> INFO : MINION : Failed to dump JaCoCo execution data: org.jacoco.agent.rt.RT
21:17:39 PIT >> INFO : MINION : Failed to set JaCoCo session: org.jacoco.agent.rt.RT
21:17:39 PIT >> INFO : MINION : Failed to dump JaCoCo execution data: org.jacoco.agent.rt.RT
21:17:39 PIT >> INFO : MINION : Failed to set JaCoCo session: org.jacoco.agent.rt.RT
21:17:39 PIT >> INFO : MINION : Failed to dump JaCoCo execution data: org.jacoco.agent.rt.RT
21:17:39 PIT >> INFO : MINION : Failed to set JaCoCo session: org.jacoco.agent.rt.RT
21:17:39 PIT >> INFO : MINION : Failed to dump JaCoCo execution data: org.jacoco.agent.rt.RT
21:17:39 PIT >> INFO : MINION : Failed to set JaCoCo session: org.jacoco.agent.rt.RT
21:17:39 PIT >> INFO : MINION : Failed to dump JaCoCo execution data: org.jacoco.agent.rt.RT
21:17:39 PIT >> INFO : MINION : Failed to set JaCoCo session: org.jacoco.agent.rt.RT
21:17:39 PIT >> INFO : MINION : Failed to dump JaCoCo execution data: org.jacoco.agent.rt.RT
21:17:39 PIT >> INFO : MINION : Failed to set JaCoCo session: org.jacoco.agent.rt.RT
21:17:39 PIT >> INFO : MINION : Failed to dump JaCoCo execution data: org.jacoco.agent.rt.RT
21:17:39 PIT >> INFO : MINION : Failed to set JaCoCo session: org.jacoco.agent.rt.RT
21:17:39 PIT >> INFO : MINION : Failed to dump JaCoCo execution data: org.jacoco.agent.rt.RT
21:17:39 PIT >> INFO : MINION : Failed to set JaCoCo session: org.jacoco.agent.rt.RT
21:17:39 PIT >> INFO : MINION : Failed to dump JaCoCo execution data: org.jacoco.agent.rt.RT
21:17:39 PIT >> INFO : MINION : Failed to set JaCoCo session: org.jacoco.agent.rt.RT
21:17:39 PIT >> INFO : MINION : Failed to dump JaCoCo execution data: org.jacoco.agent.rt.RT
21:17:39 PIT >> INFO : MINION : Failed to set JaCoCo session: org.jacoco.agent.rt.RT
21:17:39 PIT >> INFO : MINION : Failed to dump JaCoCo execution data: org.jacoco.agent.rt.RT
21:17:39 PIT >> INFO : MINION : Failed to set JaCoCo session: org.jacoco.agent.rt.RT
21:17:39 PIT >> INFO : MINION : Failed to dump JaCoCo execution data: org.jacoco.agent.rt.RT
21:17:39 PIT >> INFO : MINION : Failed to set JaCoCo session: org.jacoco.agent.rt.RT
21:17:39 PIT >> INFO : MINION : Failed to dump JaCoCo execution data: org.jacoco.agent.rt.RT
21:17:39 PIT >> INFO : MINION : Failed to set JaCoCo session: org.jacoco.agent.rt.RT
21:17:39 PIT >> INFO : MINION : Failed to dump JaCoCo execution data: org.jacoco.agent.rt.RT
21:17:39 PIT >> INFO : MINION : Failed to set JaCoCo session: org.jacoco.agent.rt.RT
21:17:39 PIT >> INFO : MINION : Failed to dump JaCoCo execution data: org.jacoco.agent.rt.RT
21:17:39 PIT >> INFO : MINION : Failed to set JaCoCo session: org.jacoco.agent.rt.RT
21:17:39 PIT >> INFO : MINION : Failed to dump JaCoCo execution data: org.jacoco.agent.rt.RT
21:17:39 PIT >> INFO : MINION : Failed to set JaCoCo session: org.jacoco.agent.rt.RT
21:17:39 PIT >> INFO : MINION : Failed to dump JaCoCo execution data: org.jacoco.agent.rt.RT
21:17:39 PIT >> INFO : MINION : Failed to set JaCoCo session: org.jacoco.agent.rt.RT
21:17:39 PIT >> INFO : MINION : Failed to dump JaCoCo execution data: org.jacoco.agent.rt.RT
21:17:39 PIT >> INFO : MINION : Failed to set JaCoCo session: org.jacoco.agent.rt.RT
21:17:39 PIT >> INFO : MINION : Failed to dump JaCoCo execution data: org.jacoco.agent.rt.RT
21:17:39 PIT >> INFO : MINION : Failed to set JaCoCo session: org.jacoco.agent.rt.RT
21:17:39 PIT >> INFO : MINION : Failed to dump JaCoCo execution data: org.jacoco.agent.rt.RT
21:17:39 PIT >> INFO : MINION : Failed to set JaCoCo session: org.jacoco.agent.rt.RT
21:17:39 PIT >> INFO : MINION : Failed to dump JaCoCo execution data: org.jacoco.agent.rt.RT
21:17:39 PIT >> INFO : MINION : Failed to set JaCoCo session: org.jacoco.agent.rt.RT
21:17:39 PIT >> INFO : MINION : Failed to dump JaCoCo execution data: org.jacoco.agent.rt.RT
21:17:39 PIT >> INFO : MINION : Failed to set JaCoCo session: org.jacoco.agent.rt.RT
21:17:39 PIT >> INFO : MINION : Failed to dump JaCoCo execution data: org.jacoco.agent.rt.RT
21:17:39 PIT >> INFO : MINION : Failed to set JaCoCo session: org.jacoco.agent.rt.RT
21:17:39 PIT >> INFO : MINION : Failed to dump JaCoCo execution data: org.jacoco.agent.rt.RT
21:17:39 PIT >> INFO : MINION : Failed to set JaCoCo session: org.jacoco.agent.rt.RT
21:17:39 PIT >> INFO : MINION : Failed to dump JaCoCo execution data: org.jacoco.agent.rt.RT
21:17:39 PIT >> INFO : MINION : Failed to set JaCoCo session: org.jacoco.agent.rt.RT
21:17:39 PIT >> INFO : MINION : Failed to dump JaCoCo execution data: org.jacoco.agent.rt.RT
21:17:39 PIT >> INFO : MINION : Failed to set JaCoCo session: org.jacoco.agent.rt.RT
21:17:39 PIT >> INFO : MINION : Failed to dump JaCoCo execution data: org.jacoco.agent.rt.RT
21:17:39 PIT >> INFO : MINION : Failed to set JaCoCo session: org.jacoco.agent.rt.RT
21:17:39 PIT >> INFO : MINION : Failed to dump JaCoCo execution data: org.jacoco.agent.rt.RT
21:17:39 PIT >> INFO : MINION : Failed to set JaCoCo session: org.jacoco.agent.rt.RT
21:17:39 PIT >> INFO : MINION : Failed to dump JaCoCo execution data: org.jacoco.agent.rt.RT
21:17:39 PIT >> INFO : MINION : Failed to set JaCoCo session: org.jacoco.agent.rt.RT
21:17:39 PIT >> INFO : MINION : Failed to dump JaCoCo execution data: org.jacoco.agent.rt.RT
21:17:39 PIT >> INFO : MINION : Failed to set JaCoCo session: org.jacoco.agent.rt.RT
21:17:39 PIT >> INFO : MINION : Failed to dump JaCoCo execution data: org.jacoco.agent.rt.RT
21:17:39 PIT >> INFO : MINION : Failed to set JaCoCo session: org.jacoco.agent.rt.RT
21:17:39 PIT >> INFO : MINION : Failed to dump JaCoCo execution data: org.jacoco.agent.rt.RT
21:17:39 PIT >> INFO : MINION : Failed to set JaCoCo session: org.jacoco.agent.rt.RT
21:17:39 PIT >> INFO : MINION : Failed to dump JaCoCo execution data: org.jacoco.agent.rt.RT
21:17:39 PIT >> INFO : MINION : Failed to set JaCoCo session: org.jacoco.agent.rt.RT
21:17:39 PIT >> INFO : MINION : Failed to dump JaCoCo execution data: org.jacoco.agent.rt.RT
21:17:39 PIT >> INFO : MINION : Failed to set JaCoCo session: org.jacoco.agent.rt.RT
21:17:39 PIT >> INFO : MINION : Failed to dump JaCoCo execution data: org.jacoco.agent.rt.RT
21:17:39 PIT >> INFO : MINION : Failed to set JaCoCo session: org.jacoco.agent.rt.RT
21:17:39 PIT >> INFO : MINION : Failed to dump JaCoCo execution data: org.jacoco.agent.rt.RT
21:17:39 PIT >> INFO : MINION : Failed to set JaCoCo session: org.jacoco.agent.rt.RT
21:17:39 PIT >> INFO : MINION : Failed to dump JaCoCo execution data: org.jacoco.agent.rt.RT
21:17:39 PIT >> INFO : MINION : Failed to set JaCoCo session: org.jacoco.agent.rt.RT
21:17:39 PIT >> INFO : MINION : Failed to dump JaCoCo execution data: org.jacoco.agent.rt.RT
21:17:39 PIT >> INFO : MINION : Failed to set JaCoCo session: org.jacoco.agent.rt.RT
21:17:39 PIT >> INFO : MINION : Failed to dump JaCoCo execution data: org.jacoco.agent.rt.RT
21:17:39 PIT >> INFO : MINION : Failed to set JaCoCo session: org.jacoco.agent.rt.RT
21:17:39 PIT >> INFO : MINION : Failed to dump JaCoCo execution data: org.jacoco.agent.rt.RT
21:17:39 PIT >> INFO : MINION : Failed to set JaCoCo session: org.jacoco.agent.rt.RT
21:17:39 PIT >> INFO : MINION : Failed to dump JaCoCo execution data: org.jacoco.agent.rt.RT
21:17:39 PIT >> INFO : MINION : Failed to set JaCoCo session: org.jacoco.agent.rt.RT
21:17:39 PIT >> INFO : MINION : Failed to dump JaCoCo execution data: org.jacoco.agent.rt.RT
21:17:39 PIT >> INFO : MINION : Failed to set JaCoCo session: org.jacoco.agent.rt.RT
21:17:39 PIT >> INFO : MINION : Failed to dump JaCoCo execution data: org.jacoco.agent.rt.RT
21:17:39 PIT >> INFO : MINION : Failed to set JaCoCo session: org.jacoco.agent.rt.RT
21:17:39 PIT >> INFO : MINION : Failed to dump JaCoCo execution data: org.jacoco.agent.rt.RT
21:17:39 PIT >> INFO : MINION : Failed to set JaCoCo session: org.jacoco.agent.rt.RT
21:17:39 PIT >> INFO : MINION : Failed to dump JaCoCo execution data: org.jacoco.agent.rt.RT
21:17:39 PIT >> INFO : MINION : Failed to set JaCoCo session: org.jacoco.agent.rt.RT
21:17:39 PIT >> INFO : MINION : Failed to dump JaCoCo execution data: org.jacoco.agent.rt.RT
21:17:39 PIT >> INFO : MINION : Failed to set JaCoCo session: org.jacoco.agent.rt.RT
21:17:39 PIT >> INFO : MINION : Failed to dump JaCoCo execution data: org.jacoco.agent.rt.RT
21:17:39 PIT >> INFO : MINION : Failed to set JaCoCo session: org.jacoco.agent.rt.RT
21:17:39 PIT >> INFO : MINION : Failed to dump JaCoCo execution data: org.jacoco.agent.rt.RT
21:17:39 PIT >> INFO : MINION : Failed to set JaCoCo session: org.jacoco.agent.rt.RT
21:17:39 PIT >> INFO : MINION : Failed to dump JaCoCo execution data: org.jacoco.agent.rt.RT
21:17:39 PIT >> INFO : MINION : Failed to set JaCoCo session: org.jacoco.agent.rt.RT
21:17:39 PIT >> INFO : MINION : Failed to dump JaCoCo execution data: org.jacoco.agent.rt.RT
21:17:39 PIT >> INFO : MINION : Failed to set JaCoCo session: org.jacoco.agent.rt.RT
21:17:39 PIT >> INFO : MINION : Failed to dump JaCoCo execution data: org.jacoco.agent.rt.RT
21:17:39 PIT >> INFO : MINION : Failed to set JaCoCo session: org.jacoco.agent.rt.RT
21:17:39 PIT >> INFO : MINION : Failed to dump JaCoCo execution data: org.jacoco.agent.rt.RT
21:17:39 PIT >> INFO : MINION : Failed to set JaCoCo session: org.jacoco.agent.rt.RT
21:17:39 PIT >> INFO : MINION : Failed to dump JaCoCo execution data: org.jacoco.agent.rt.RT
21:17:39 PIT >> INFO : MINION : Failed to set JaCoCo session: org.jacoco.agent.rt.RT
21:17:39 PIT >> INFO : MINION : Failed to dump JaCoCo execution data: org.jacoco.agent.rt.RT
21:17:39 PIT >> INFO : MINION : Failed to set JaCoCo session: org.jacoco.agent.rt.RT
21:17:39 PIT >> INFO : MINION : Failed to dump JaCoCo execution data: org.jacoco.agent.rt.RT
21:17:39 PIT >> INFO : MINION : Failed to set JaCoCo session: org.jacoco.agent.rt.RT
21:17:39 PIT >> INFO : MINION : Failed to dump JaCoCo execution data: org.jacoco.agent.rt.RT
21:17:39 PIT >> INFO : MINION : Failed to set JaCoCo session: org.jacoco.agent.rt.RT
21:17:39 PIT >> INFO : MINION : Failed to dump JaCoCo execution data: org.jacoco.agent.rt.RT
21:17:39 PIT >> INFO : MINION : Failed to set JaCoCo session: org.jacoco.agent.rt.RT
21:17:39 PIT >> INFO : MINION : Failed to dump JaCoCo execution data: org.jacoco.agent.rt.RT
21:17:39 PIT >> INFO : MINION : Failed to set JaCoCo session: org.jacoco.agent.rt.RT
21:17:39 PIT >> INFO : MINION : Failed to dump JaCoCo execution data: org.jacoco.agent.rt.RT
21:17:39 PIT >> INFO : MINION : Failed to set JaCoCo session: org.jacoco.agent.rt.RT
21:17:39 PIT >> INFO : MINION : Failed to dump JaCoCo execution data: org.jacoco.agent.rt.RT
21:17:39 PIT >> INFO : MINION : Failed to set JaCoCo session: org.jacoco.agent.rt.RT
21:17:39 PIT >> INFO : MINION : Failed to dump JaCoCo execution data: org.jacoco.agent.rt.RT
21:17:39 PIT >> INFO : MINION : Failed to set JaCoCo session: org.jacoco.agent.rt.RT
21:17:39 PIT >> INFO : MINION : Failed to dump JaCoCo execution data: org.jacoco.agent.rt.RT
21:17:39 PIT >> INFO : MINION : Failed to set JaCoCo session: org.jacoco.agent.rt.RT
21:17:39 PIT >> INFO : MINION : Failed to dump JaCoCo execution data: org.jacoco.agent.rt.RT
21:17:39 PIT >> INFO : MINION : Failed to set JaCoCo session: org.jacoco.agent.rt.RT
21:17:39 PIT >> INFO : MINION : Failed to dump JaCoCo execution data: org.jacoco.agent.rt.RT
21:17:39 PIT >> INFO : MINION : Failed to set JaCoCo session: org.jacoco.agent.rt.RT
21:17:39 PIT >> INFO : MINION : Failed to dump JaCoCo execution data: org.jacoco.agent.rt.RT
21:17:39 PIT >> INFO : MINION : Failed to set JaCoCo session: org.jacoco.agent.rt.RT
21:17:39 PIT >> INFO : MINION : Failed to dump JaCoCo execution data: org.jacoco.agent.rt.RT
21:17:39 PIT >> INFO : MINION : Failed to set JaCoCo session: org.jacoco.agent.rt.RT
21:17:39 PIT >> INFO : MINION : Failed to dump JaCoCo execution data: org.jacoco.agent.rt.RT
21:17:39 PIT >> INFO : MINION : Failed to set JaCoCo session: org.jacoco.agent.rt.RT
21:17:39 PIT >> INFO : MINION : Failed to dump JaCoCo execution data: org.jacoco.agent.rt.RT
21:17:39 PIT >> INFO : MINION : Failed to set JaCoCo session: org.jacoco.agent.rt.RT
21:17:39 PIT >> INFO : MINION : Failed to dump JaCoCo execution data: org.jacoco.agent.rt.RT
21:17:39 PIT >> INFO : MINION : Failed to set JaCoCo session: org.jacoco.agent.rt.RT
21:17:39 PIT >> INFO : MINION : Failed to dump JaCoCo execution data: org.jacoco.agent.rt.RT
21:17:39 PIT >> INFO : MINION : Failed to set JaCoCo session: org.jacoco.agent.rt.RT
21:17:39 PIT >> INFO : MINION : Failed to dump JaCoCo execution data: org.jacoco.agent.rt.RT
21:17:39 PIT >> INFO : MINION : Failed to set JaCoCo session: org.jacoco.agent.rt.RT
21:17:39 PIT >> INFO : MINION : Failed to dump JaCoCo execution data: org.jacoco.agent.rt.RT
21:17:39 PIT >> INFO : MINION : Failed to set JaCoCo session: org.jacoco.agent.rt.RT
21:17:39 PIT >> INFO : MINION : Failed to dump JaCoCo execution data: org.jacoco.agent.rt.RT
21:17:39 PIT >> INFO : MINION : Failed to set JaCoCo session: org.jacoco.agent.rt.RT
21:17:39 PIT >> INFO : MINION : Failed to dump JaCoCo execution data: org.jacoco.agent.rt.RT
21:17:39 PIT >> INFO : MINION : Failed to set JaCoCo session: org.jacoco.agent.rt.RT
21:17:39 PIT >> INFO : MINION : Failed to dump JaCoCo execution data: org.jacoco.agent.rt.RT
21:17:39 PIT >> INFO : MINION : Failed to set JaCoCo session: org.jacoco.agent.rt.RT
21:17:39 PIT >> INFO : MINION : Failed to dump JaCoCo execution data: org.jacoco.agent.rt.RT
21:17:39 PIT >> INFO : MINION : Failed to set JaCoCo session: org.jacoco.agent.rt.RT
21:17:39 PIT >> INFO : MINION : Failed to dump JaCoCo execution data: org.jacoco.agent.rt.RT
21:17:39 PIT >> INFO : MINION : Failed to set JaCoCo session: org.jacoco.agent.rt.RT
21:17:39 PIT >> INFO : MINION : Failed to dump JaCoCo execution data: org.jacoco.agent.rt.RT
21:17:39 PIT >> INFO : MINION : Failed to set JaCoCo session: org.jacoco.agent.rt.RT
21:17:39 PIT >> INFO : MINION : Failed to dump JaCoCo execution data: org.jacoco.agent.rt.RT
21:17:39 PIT >> INFO : MINION : Failed to set JaCoCo session: org.jacoco.agent.rt.RT
21:17:39 PIT >> INFO : MINION : Failed to dump JaCoCo execution data: org.jacoco.agent.rt.RT
21:17:39 PIT >> INFO : MINION : Failed to set JaCoCo session: org.jacoco.agent.rt.RT
21:17:39 PIT >> INFO : MINION : Failed to dump JaCoCo execution data: org.jacoco.agent.rt.RT
21:17:39 PIT >> INFO : MINION : Failed to set JaCoCo session: org.jacoco.agent.rt.RT
21:17:39 PIT >> INFO : MINION : Failed to dump JaCoCo execution data: org.jacoco.agent.rt.RT
21:17:39 PIT >> INFO : MINION : Failed to set JaCoCo session: org.jacoco.agent.rt.RT
21:17:39 PIT >> INFO : MINION : Failed to dump JaCoCo execution data: org.jacoco.agent.rt.RT
21:17:39 PIT >> INFO : MINION : Failed to set JaCoCo session: org.jacoco.agent.rt.RT
21:17:39 PIT >> INFO : MINION : Failed to dump JaCoCo execution data: org.jacoco.agent.rt.RT
21:17:39 PIT >> INFO : MINION : Failed to set JaCoCo session: org.jacoco.agent.rt.RT
21:17:39 PIT >> INFO : MINION : Failed to dump JaCoCo execution data: org.jacoco.agent.rt.RT
21:17:39 PIT >> INFO : MINION : Failed to set JaCoCo session: org.jacoco.agent.rt.RT
21:17:39 PIT >> INFO : MINION : Failed to dump JaCoCo execution data: org.jacoco.agent.rt.RT
21:17:39 PIT >> INFO : MINION : Failed to set JaCoCo session: org.jacoco.agent.rt.RT
21:17:39 PIT >> INFO : MINION : Failed to dump JaCoCo execution data: org.jacoco.agent.rt.RT
21:17:39 PIT >> INFO : MINION : Failed to set JaCoCo session: org.jacoco.agent.rt.RT
21:17:39 PIT >> INFO : MINION : Failed to dump JaCoCo execution data: org.jacoco.agent.rt.RT
21:17:39 PIT >> INFO : MINION : Failed to set JaCoCo session: org.jacoco.agent.rt.RT
21:17:39 PIT >> INFO : MINION : Failed to dump JaCoCo execution data: org.jacoco.agent.rt.RT
21:17:39 PIT >> INFO : MINION : Failed to set JaCoCo session: org.jacoco.agent.rt.RT
21:17:39 PIT >> INFO : MINION : Failed to dump JaCoCo execution data: org.jacoco.agent.rt.RT
21:17:39 PIT >> INFO : MINION : Failed to set JaCoCo session: org.jacoco.agent.rt.RT
21:17:39 PIT >> INFO : MINION : Failed to dump JaCoCo execution data: org.jacoco.agent.rt.RT
21:17:39 PIT >> INFO : MINION : Failed to set JaCoCo session: org.jacoco.agent.rt.RT
21:17:39 PIT >> INFO : MINION : Failed to dump JaCoCo execution data: org.jacoco.agent.rt.RT
21:17:39 PIT >> INFO : MINION : Failed to set JaCoCo session: org.jacoco.agent.rt.RT
21:17:39 PIT >> INFO : MINION : Failed to dump JaCoCo execution data: org.jacoco.agent.rt.RT
21:17:39 PIT >> INFO : MINION : Failed to set JaCoCo session: org.jacoco.agent.rt.RT
21:17:39 PIT >> INFO : MINION : Failed to dump JaCoCo execution data: org.jacoco.agent.rt.RT
21:17:39 PIT >> INFO : MINION : Failed to set JaCoCo session: org.jacoco.agent.rt.RT
21:17:39 PIT >> INFO : MINION : Failed to dump JaCoCo execution data: org.jacoco.agent.rt.RT
21:17:39 PIT >> INFO : MINION : Failed to set JaCoCo session: org.jacoco.agent.rt.RT
21:17:39 PIT >> INFO : MINION : Failed to dump JaCoCo execution data: org.jacoco.agent.rt.RT
21:17:39 PIT >> INFO : MINION : Failed to set JaCoCo session: org.jacoco.agent.rt.RT
21:17:39 PIT >> INFO : MINION : Failed to dump JaCoCo execution data: org.jacoco.agent.rt.RT
21:17:39 PIT >> INFO : MINION : Failed to set JaCoCo session: org.jacoco.agent.rt.RT
21:17:39 PIT >> INFO : MINION : Failed to dump JaCoCo execution data: org.jacoco.agent.rt.RT
21:17:39 PIT >> INFO : MINION : Failed to set JaCoCo session: org.jacoco.agent.rt.RT
21:17:39 PIT >> INFO : MINION : Failed to dump JaCoCo execution data: org.jacoco.agent.rt.RT
21:17:39 PIT >> INFO : MINION : Failed to set JaCoCo session: org.jacoco.agent.rt.RT
21:17:39 PIT >> INFO : MINION : Failed to dump JaCoCo execution data: org.jacoco.agent.rt.RT
21:17:39 PIT >> INFO : MINION : Failed to set JaCoCo session: org.jacoco.agent.rt.RT
21:17:39 PIT >> INFO : MINION : Failed to dump JaCoCo execution data: org.jacoco.agent.rt.RT
21:17:39 PIT >> INFO : MINION : Failed to set JaCoCo session: org.jacoco.agent.rt.RT
21:17:39 PIT >> INFO : MINION : Failed to dump JaCoCo execution data: org.jacoco.agent.rt.RT
21:17:39 PIT >> INFO : MINION : Failed to set JaCoCo session: org.jacoco.agent.rt.RT
21:17:39 PIT >> INFO : MINION : Failed to dump JaCoCo execution data: org.jacoco.agent.rt.RT
21:17:39 PIT >> INFO : MINION : Failed to set JaCoCo session: org.jacoco.agent.rt.RT
21:17:39 PIT >> INFO : MINION : Failed to dump JaCoCo execution data: org.jacoco.agent.rt.RT
21:17:39 PIT >> INFO : MINION : Failed to set JaCoCo session: org.jacoco.agent.rt.RT
21:17:39 PIT >> INFO : MINION : Failed to dump JaCoCo execution data: org.jacoco.agent.rt.RT
21:17:39 PIT >> INFO : MINION : Failed to set JaCoCo session: org.jacoco.agent.rt.RT
21:17:39 PIT >> INFO : MINION : Failed to dump JaCoCo execution data: org.jacoco.agent.rt.RT
21:17:39 PIT >> INFO : MINION : Failed to set JaCoCo session: org.jacoco.agent.rt.RT
21:17:39 PIT >> INFO : MINION : Failed to dump JaCoCo execution data: org.jacoco.agent.rt.RT
21:17:39 PIT >> INFO : MINION : Failed to set JaCoCo session: org.jacoco.agent.rt.RT
21:17:39 PIT >> INFO : MINION : Failed to dump JaCoCo execution data: org.jacoco.agent.rt.RT
21:17:39 PIT >> INFO : MINION : Failed to set JaCoCo session: org.jacoco.agent.rt.RT
21:17:39 PIT >> INFO : MINION : Failed to dump JaCoCo execution data: org.jacoco.agent.rt.RT
21:17:39 PIT >> INFO : MINION : Failed to set JaCoCo session: org.jacoco.agent.rt.RT
21:17:39 PIT >> INFO : MINION : Failed to dump JaCoCo execution data: org.jacoco.agent.rt.RT
21:17:39 PIT >> INFO : MINION : Failed to set JaCoCo session: org.jacoco.agent.rt.RT
21:17:39 PIT >> INFO : MINION : Failed to dump JaCoCo execution data: org.jacoco.agent.rt.RT
21:17:39 PIT >> INFO : MINION : Failed to set JaCoCo session: org.jacoco.agent.rt.RT
21:17:39 PIT >> INFO : MINION : Failed to dump JaCoCo execution data: org.jacoco.agent.rt.RT
21:17:39 PIT >> INFO : MINION : Failed to set JaCoCo session: org.jacoco.agent.rt.RT
21:17:39 PIT >> INFO : MINION : Failed to dump JaCoCo execution data: org.jacoco.agent.rt.RT
21:17:39 PIT >> INFO : MINION : Failed to set JaCoCo session: org.jacoco.agent.rt.RT
21:17:39 PIT >> INFO : MINION : Failed to dump JaCoCo execution data: org.jacoco.agent.rt.RT
21:17:39 PIT >> INFO : MINION : Failed to set JaCoCo session: org.jacoco.agent.rt.RT
21:17:39 PIT >> INFO : MINION : Failed to dump JaCoCo execution data: org.jacoco.agent.rt.RT
21:17:39 PIT >> INFO : MINION : Failed to set JaCoCo session: org.jacoco.agent.rt.RT
21:17:39 PIT >> INFO : MINION : Failed to dump JaCoCo execution data: org.jacoco.agent.rt.RT
21:17:39 PIT >> INFO : MINION : Failed to set JaCoCo session: org.jacoco.agent.rt.RT
21:17:39 PIT >> INFO : MINION : Failed to dump JaCoCo execution data: org.jacoco.agent.rt.RT
21:17:39 PIT >> INFO : MINION : Failed to set JaCoCo session: org.jacoco.agent.rt.RT
21:17:39 PIT >> INFO : MINION : Failed to dump JaCoCo execution data: org.jacoco.agent.rt.RT
21:17:39 PIT >> INFO : MINION : Failed to set JaCoCo session: org.jacoco.agent.rt.RT
21:17:39 PIT >> INFO : MINION : Failed to dump JaCoCo execution data: org.jacoco.agent.rt.RT
21:17:39 PIT >> INFO : MINION : Failed to set JaCoCo session: org.jacoco.agent.rt.RT
21:17:39 PIT >> INFO : MINION : Failed to dump JaCoCo execution data: org.jacoco.agent.rt.RT
21:17:39 PIT >> INFO : MINION : Failed to set JaCoCo session: org.jacoco.agent.rt.RT
21:17:39 PIT >> INFO : MINION : Failed to dump JaCoCo execution data: org.jacoco.agent.rt.RT
21:17:39 PIT >> INFO : MINION : Failed to set JaCoCo session: org.jacoco.agent.rt.RT
21:17:39 PIT >> INFO : MINION : Failed to dump JaCoCo execution data: org.jacoco.agent.rt.RT
21:17:39 PIT >> INFO : MINION : Failed to set JaCoCo session: org.jacoco.agent.rt.RT
21:17:39 PIT >> INFO : MINION : Failed to dump JaCoCo execution data: org.jacoco.agent.rt.RT
21:17:39 PIT >> INFO : MINION : Failed to set JaCoCo session: org.jacoco.agent.rt.RT
21:17:39 PIT >> INFO : MINION : Failed to dump JaCoCo execution data: org.jacoco.agent.rt.RT
21:17:39 PIT >> INFO : MINION : Failed to set JaCoCo session: org.jacoco.agent.rt.RT
21:17:39 PIT >> INFO : MINION : Failed to dump JaCoCo execution data: org.jacoco.agent.rt.RT
21:17:39 PIT >> INFO : MINION : Failed to set JaCoCo session: org.jacoco.agent.rt.RT
21:17:39 PIT >> INFO : MINION : Failed to dump JaCoCo execution data: org.jacoco.agent.rt.RT
21:17:39 PIT >> INFO : MINION : Failed to set JaCoCo session: org.jacoco.agent.rt.RT
21:17:39 PIT >> INFO : MINION : Failed to dump JaCoCo execution data: org.jacoco.agent.rt.RT
21:17:39 PIT >> INFO : MINION : Failed to set JaCoCo session: org.jacoco.agent.rt.RT
21:17:39 PIT >> INFO : MINION : Failed to dump JaCoCo execution data: org.jacoco.agent.rt.RT
21:17:39 PIT >> INFO : MINION : Failed to set JaCoCo session: org.jacoco.agent.rt.RT
21:17:39 PIT >> INFO : MINION : Failed to dump JaCoCo execution data: org.jacoco.agent.rt.RT
21:17:39 PIT >> INFO : MINION : Failed to set JaCoCo session: org.jacoco.agent.rt.RT
21:17:39 PIT >> INFO : MINION : Failed to dump JaCoCo execution data: org.jacoco.agent.rt.RT
21:17:39 PIT >> INFO : MINION : Failed to set JaCoCo session: org.jacoco.agent.rt.RT
21:17:39 PIT >> INFO : MINION : Failed to dump JaCoCo execution data: org.jacoco.agent.rt.RT
21:17:39 PIT >> INFO : MINION : Failed to set JaCoCo session: org.jacoco.agent.rt.RT
21:17:39 PIT >> INFO : MINION : Failed to dump JaCoCo execution data: org.jacoco.agent.rt.RT
21:17:39 PIT >> INFO : MINION : Failed to set JaCoCo session: org.jacoco.agent.rt.RT
21:17:39 PIT >> INFO : MINION : Failed to dump JaCoCo execution data: org.jacoco.agent.rt.RT
21:17:39 PIT >> INFO : MINION : Failed to set JaCoCo session: org.jacoco.agent.rt.RT
21:17:39 PIT >> INFO : MINION : Failed to dump JaCoCo execution data: org.jacoco.agent.rt.RT
21:17:39 PIT >> INFO : MINION : Failed to set JaCoCo session: org.jacoco.agent.rt.RT
21:17:39 PIT >> INFO : MINION : Failed to dump JaCoCo execution data: org.jacoco.agent.rt.RT
21:17:39 PIT >> INFO : MINION : Failed to set JaCoCo session: org.jacoco.agent.rt.RT
21:17:39 PIT >> INFO : MINION : Failed to dump JaCoCo execution data: org.jacoco.agent.rt.RT
21:17:39 PIT >> INFO : MINION : Failed to set JaCoCo session: org.jacoco.agent.rt.RT
21:17:39 PIT >> INFO : MINION : Failed to dump JaCoCo execution data: org.jacoco.agent.rt.RT
21:17:39 PIT >> INFO : MINION : Failed to set JaCoCo session: org.jacoco.agent.rt.RT
21:17:39 PIT >> INFO : MINION : Failed to dump JaCoCo execution data: org.jacoco.agent.rt.RT
21:17:39 PIT >> INFO : MINION : Failed to set JaCoCo session: org.jacoco.agent.rt.RT
21:17:39 PIT >> INFO : MINION : Failed to dump JaCoCo execution data: org.jacoco.agent.rt.RT
21:17:39 PIT >> INFO : MINION : Failed to set JaCoCo session: org.jacoco.agent.rt.RT
21:17:39 PIT >> INFO : MINION : Failed to dump JaCoCo execution data: org.jacoco.agent.rt.RT
21:17:39 PIT >> INFO : MINION : Failed to set JaCoCo session: org.jacoco.agent.rt.RT
21:17:39 PIT >> INFO : MINION : Failed to dump JaCoCo execution data: org.jacoco.agent.rt.RT
21:17:39 PIT >> INFO : MINION : Failed to set JaCoCo session: org.jacoco.agent.rt.RT
21:17:39 PIT >> INFO : MINION : Failed to dump JaCoCo execution data: org.jacoco.agent.rt.RT
21:17:39 PIT >> INFO : MINION : Failed to set JaCoCo session: org.jacoco.agent.rt.RT
21:17:39 PIT >> INFO : MINION : Failed to dump JaCoCo execution data: org.jacoco.agent.rt.RT
21:17:39 PIT >> INFO : MINION : Failed to set JaCoCo session: org.jacoco.agent.rt.RT
21:17:39 PIT >> INFO : MINION : Failed to dump JaCoCo execution data: org.jacoco.agent.rt.RT
21:17:39 PIT >> INFO : MINION : Failed to set JaCoCo session: org.jacoco.agent.rt.RT
21:17:39 PIT >> INFO : MINION : Failed to dump JaCoCo execution data: org.jacoco.agent.rt.RT
21:17:39 PIT >> INFO : MINION : Failed to set JaCoCo session: org.jacoco.agent.rt.RT
21:17:39 PIT >> INFO : MINION : Failed to dump JaCoCo execution data: org.jacoco.agent.rt.RT
21:17:39 PIT >> INFO : MINION : Failed to set JaCoCo session: org.jacoco.agent.rt.RT
21:17:39 PIT >> INFO : MINION : Failed to dump JaCoCo execution data: org.jacoco.agent.rt.RT
21:17:39 PIT >> INFO : MINION : Failed to set JaCoCo session: org.jacoco.agent.rt.RT
21:17:39 PIT >> INFO : MINION : Failed to dump JaCoCo execution data: org.jacoco.agent.rt.RT
21:17:39 PIT >> INFO : MINION : Failed to set JaCoCo session: org.jacoco.agent.rt.RT
21:17:39 PIT >> INFO : MINION : Failed to dump JaCoCo execution data: org.jacoco.agent.rt.RT
21:17:39 PIT >> INFO : MINION : Failed to set JaCoCo session: org.jacoco.agent.rt.RT
21:17:39 PIT >> INFO : MINION : Failed to dump JaCoCo execution data: org.jacoco.agent.rt.RT
21:17:39 PIT >> INFO : MINION : Failed to set JaCoCo session: org.jacoco.agent.rt.RT
21:17:39 PIT >> INFO : MINION : Failed to dump JaCoCo execution data: org.jacoco.agent.rt.RT
21:17:39 PIT >> INFO : MINION : Failed to set JaCoCo session: org.jacoco.agent.rt.RT
21:17:39 PIT >> INFO : MINION : Failed to dump JaCoCo execution data: org.jacoco.agent.rt.RT
21:17:39 PIT >> INFO : MINION : Failed to set JaCoCo session: org.jacoco.agent.rt.RT
21:17:39 PIT >> INFO : MINION : Failed to dump JaCoCo execution data: org.jacoco.agent.rt.RT
21:17:39 PIT >> INFO : MINION : Failed to set JaCoCo session: org.jacoco.agent.rt.RT
21:17:39 PIT >> INFO : MINION : Failed to dump JaCoCo execution data: org.jacoco.agent.rt.RT
21:17:39 PIT >> INFO : MINION : Failed to set JaCoCo session: org.jacoco.agent.rt.RT
21:17:39 PIT >> INFO : MINION : Failed to dump JaCoCo execution data: org.jacoco.agent.rt.RT
21:17:39 PIT >> INFO : MINION : Failed to set JaCoCo session: org.jacoco.agent.rt.RT
21:17:39 PIT >> INFO : MINION : Failed to dump JaCoCo execution data: org.jacoco.agent.rt.RT
21:17:39 PIT >> INFO : MINION : Failed to set JaCoCo session: org.jacoco.agent.rt.RT
21:17:39 PIT >> INFO : MINION : Failed to dump JaCoCo execution data: org.jacoco.agent.rt.RT
21:17:39 PIT >> INFO : MINION : Failed to set JaCoCo session: org.jacoco.agent.rt.RT
21:17:39 PIT >> INFO : MINION : Failed to dump JaCoCo execution data: org.jacoco.agent.rt.RT
21:17:39 PIT >> INFO : MINION : Failed to set JaCoCo session: org.jacoco.agent.rt.RT
21:17:39 PIT >> INFO : MINION : Failed to dump JaCoCo execution data: org.jacoco.agent.rt.RT
21:17:39 PIT >> INFO : MINION : Failed to set JaCoCo session: org.jacoco.agent.rt.RT
21:17:39 PIT >> INFO : MINION : Failed to dump JaCoCo execution data: org.jacoco.agent.rt.RT
21:17:39 PIT >> INFO : MINION : Failed to set JaCoCo session: org.jacoco.agent.rt.RT
21:17:39 PIT >> INFO : MINION : Failed to dump JaCoCo execution data: org.jacoco.agent.rt.RT
21:17:39 PIT >> INFO : MINION : Failed to set JaCoCo session: org.jacoco.agent.rt.RT
21:17:39 PIT >> INFO : MINION : Failed to dump JaCoCo execution data: org.jacoco.agent.rt.RT
21:17:39 PIT >> INFO : MINION : Failed to set JaCoCo session: org.jacoco.agent.rt.RT
21:17:39 PIT >> INFO : MINION : Failed to dump JaCoCo execution data: org.jacoco.agent.rt.RT
21:17:39 PIT >> INFO : MINION : Failed to set JaCoCo session: org.jacoco.agent.rt.RT
21:17:39 PIT >> INFO : MINION : Failed to dump JaCoCo execution data: org.jacoco.agent.rt.RT
21:17:39 PIT >> INFO : MINION : Failed to set JaCoCo session: org.jacoco.agent.rt.RT
21:17:39 PIT >> INFO : MINION : Failed to dump JaCoCo execution data: org.jacoco.agent.rt.RT
21:17:39 PIT >> INFO : MINION : Failed to set JaCoCo session: org.jacoco.agent.rt.RT
21:17:39 PIT >> INFO : MINION : Failed to dump JaCoCo execution data: org.jacoco.agent.rt.RT
21:17:39 PIT >> INFO : MINION : Failed to set JaCoCo session: org.jacoco.agent.rt.RT
21:17:39 PIT >> INFO : MINION : Failed to dump JaCoCo execution data: org.jacoco.agent.rt.RT
21:17:39 PIT >> INFO : MINION : Failed to set JaCoCo session: org.jacoco.agent.rt.RT
21:17:39 PIT >> INFO : MINION : Failed to dump JaCoCo execution data: org.jacoco.agent.rt.RT
21:17:39 PIT >> INFO : MINION : Failed to set JaCoCo session: org.jacoco.agent.rt.RT
21:17:39 PIT >> INFO : MINION : Failed to dump JaCoCo execution data: org.jacoco.agent.rt.RT
21:17:39 PIT >> INFO : MINION : Failed to set JaCoCo session: org.jacoco.agent.rt.RT
21:17:39 PIT >> INFO : MINION : Failed to dump JaCoCo execution data: org.jacoco.agent.rt.RT
21:17:39 PIT >> INFO : MINION : Failed to set JaCoCo session: org.jacoco.agent.rt.RT
21:17:39 PIT >> INFO : MINION : Failed to dump JaCoCo execution data: org.jacoco.agent.rt.RT
21:17:39 PIT >> INFO : MINION : Failed to set JaCoCo session: org.jacoco.agent.rt.RT
21:17:39 PIT >> INFO : MINION : Failed to dump JaCoCo execution data: org.jacoco.agent.rt.RT
21:17:39 PIT >> INFO : MINION : Failed to set JaCoCo session: org.jacoco.agent.rt.RT
21:17:39 PIT >> INFO : MINION : Failed to dump JaCoCo execution data: org.jacoco.agent.rt.RT
21:17:39 PIT >> INFO : MINION : Failed to set JaCoCo session: org.jacoco.agent.rt.RT
21:17:39 PIT >> INFO : MINION : Failed to dump JaCoCo execution data: org.jacoco.agent.rt.RT
21:17:39 PIT >> INFO : MINION : Failed to set JaCoCo session: org.jacoco.agent.rt.RT
21:17:39 PIT >> INFO : MINION : Failed to dump JaCoCo execution data: org.jacoco.agent.rt.RT
21:17:39 PIT >> INFO : MINION : Failed to set JaCoCo session: org.jacoco.agent.rt.RT
21:17:39 PIT >> INFO : MINION : Failed to dump JaCoCo execution data: org.jacoco.agent.rt.RT
21:17:39 PIT >> INFO : MINION : Failed to set JaCoCo session: org.jacoco.agent.rt.RT
21:17:39 PIT >> INFO : MINION : Failed to dump JaCoCo execution data: org.jacoco.agent.rt.RT
21:17:39 PIT >> INFO : MINION : Failed to set JaCoCo session: org.jacoco.agent.rt.RT
21:17:39 PIT >> INFO : MINION : Failed to dump JaCoCo execution data: org.jacoco.agent.rt.RT
21:17:39 PIT >> INFO : MINION : Failed to set JaCoCo session: org.jacoco.agent.rt.RT
21:17:39 PIT >> INFO : MINION : Failed to dump JaCoCo execution data: org.jacoco.agent.rt.RT
21:17:39 PIT >> INFO : MINION : Failed to set JaCoCo session: org.jacoco.agent.rt.RT
21:17:39 PIT >> INFO : MINION : Failed to dump JaCoCo execution data: org.jacoco.agent.rt.RT
21:17:39 PIT >> INFO : MINION : Failed to set JaCoCo session: org.jacoco.agent.rt.RT
21:17:39 PIT >> INFO : MINION : Failed to dump JaCoCo execution data: org.jacoco.agent.rt.RT
21:17:39 PIT >> INFO : MINION : Failed to set JaCoCo session: org.jacoco.agent.rt.RT
21:17:39 PIT >> INFO : MINION : Failed to dump JaCoCo execution data: org.jacoco.agent.rt.RT
21:17:39 PIT >> INFO : MINION : Failed to set JaCoCo session: org.jacoco.agent.rt.RT
21:17:39 PIT >> INFO : MINION : Failed to dump JaCoCo execution data: org.jacoco.agent.rt.RT
21:17:39 PIT >> INFO : MINION : Failed to set JaCoCo session: org.jacoco.agent.rt.RT
21:17:39 PIT >> INFO : MINION : Failed to dump JaCoCo execution data: org.jacoco.agent.rt.RT
21:17:39 PIT >> INFO : MINION : Failed to set JaCoCo session: org.jacoco.agent.rt.RT
21:17:39 PIT >> INFO : MINION : Failed to dump JaCoCo execution data: org.jacoco.agent.rt.RT
21:17:39 PIT >> INFO : MINION : Failed to set JaCoCo session: org.jacoco.agent.rt.RT
21:17:39 PIT >> INFO : MINION : Failed to dump JaCoCo execution data: org.jacoco.agent.rt.RT
21:17:39 PIT >> INFO : MINION : Failed to set JaCoCo session: org.jacoco.agent.rt.RT
21:17:39 PIT >> INFO : MINION : Failed to dump JaCoCo execution data: org.jacoco.agent.rt.RT
21:17:39 PIT >> INFO : MINION : Failed to set JaCoCo session: org.jacoco.agent.rt.RT
21:17:39 PIT >> INFO : MINION : Failed to dump JaCoCo execution data: org.jacoco.agent.rt.RT
21:17:39 PIT >> INFO : MINION : Failed to set JaCoCo session: org.jacoco.agent.rt.RT
21:17:39 PIT >> INFO : MINION : Failed to dump JaCoCo execution data: org.jacoco.agent.rt.RT
21:17:39 PIT >> INFO : MINION : Failed to set JaCoCo session: org.jacoco.agent.rt.RT
21:17:39 PIT >> INFO : MINION : Failed to dump JaCoCo execution data: org.jacoco.agent.rt.RT
21:17:39 PIT >> INFO : MINION : Failed to set JaCoCo session: org.jacoco.agent.rt.RT
21:17:39 PIT >> INFO : MINION : Failed to dump JaCoCo execution data: org.jacoco.agent.rt.RT
21:17:39 PIT >> INFO : MINION : Failed to set JaCoCo session: org.jacoco.agent.rt.RT
21:17:39 PIT >> INFO : MINION : Failed to dump JaCoCo execution data: org.jacoco.agent.rt.RT
21:17:39 PIT >> INFO : MINION : Failed to set JaCoCo session: org.jacoco.agent.rt.RT
21:17:39 PIT >> INFO : MINION : Failed to dump JaCoCo execution data: org.jacoco.agent.rt.RT
21:17:39 PIT >> INFO : MINION : Failed to set JaCoCo session: org.jacoco.agent.rt.RT
21:17:39 PIT >> INFO : MINION : Failed to dump JaCoCo execution data: org.jacoco.agent.rt.RT
21:17:39 PIT >> INFO : MINION : Failed to set JaCoCo session: org.jacoco.agent.rt.RT
21:17:39 PIT >> INFO : MINION : Failed to dump JaCoCo execution data: org.jacoco.agent.rt.RT
21:17:39 PIT >> INFO : MINION : Failed to set JaCoCo session: org.jacoco.agent.rt.RT
21:17:39 PIT >> INFO : MINION : Failed to dump JaCoCo execution data: org.jacoco.agent.rt.RT
21:17:39 PIT >> INFO : MINION : Failed to set JaCoCo session: org.jacoco.agent.rt.RT
21:17:39 PIT >> INFO : MINION : Failed to dump JaCoCo execution data: org.jacoco.agent.rt.RT
21:17:39 PIT >> INFO : MINION : Failed to set JaCoCo session: org.jacoco.agent.rt.RT
21:17:39 PIT >> INFO : MINION : Failed to dump JaCoCo execution data: org.jacoco.agent.rt.RT
21:17:39 PIT >> INFO : MINION : Failed to set JaCoCo session: org.jacoco.agent.rt.RT
21:17:39 PIT >> INFO : MINION : Failed to dump JaCoCo execution data: org.jacoco.agent.rt.RT
21:17:39 PIT >> INFO : MINION : Failed to set JaCoCo session: org.jacoco.agent.rt.RT
21:17:39 PIT >> INFO : MINION : Failed to dump JaCoCo execution data: org.jacoco.agent.rt.RT
21:17:39 PIT >> INFO : MINION : Failed to set JaCoCo session: org.jacoco.agent.rt.RT
21:17:39 PIT >> INFO : MINION : Failed to dump JaCoCo execution data: org.jacoco.agent.rt.RT
21:17:39 PIT >> INFO : MINION : Failed to set JaCoCo session: org.jacoco.agent.rt.RT
21:17:39 PIT >> INFO : MINION : Failed to dump JaCoCo execution data: org.jacoco.agent.rt.RT
21:17:39 PIT >> INFO : MINION : Failed to set JaCoCo session: org.jacoco.agent.rt.RT
21:17:39 PIT >> INFO : MINION : Failed to dump JaCoCo execution data: org.jacoco.agent.rt.RT
21:17:39 PIT >> INFO : MINION : Failed to set JaCoCo session: org.jacoco.agent.rt.RT
21:17:39 PIT >> INFO : MINION : Failed to dump JaCoCo execution data: org.jacoco.agent.rt.RT
21:17:39 PIT >> INFO : MINION : Failed to set JaCoCo session: org.jacoco.agent.rt.RT
21:17:39 PIT >> INFO : MINION : Failed to dump JaCoCo execution data: org.jacoco.agent.rt.RT
21:17:39 PIT >> INFO : MINION : Failed to set JaCoCo session: org.jacoco.agent.rt.RT
21:17:39 PIT >> INFO : MINION : Failed to dump JaCoCo execution data: org.jacoco.agent.rt.RT
21:17:39 PIT >> INFO : MINION : Failed to set JaCoCo session: org.jacoco.agent.rt.RT
21:17:39 PIT >> INFO : MINION : Failed to dump JaCoCo execution data: org.jacoco.agent.rt.RT
21:17:39 PIT >> INFO : MINION : Failed to set JaCoCo session: org.jacoco.agent.rt.RT
21:17:39 PIT >> INFO : MINION : Failed to dump JaCoCo execution data: org.jacoco.agent.rt.RT
21:17:39 PIT >> INFO : MINION : Failed to set JaCoCo session: org.jacoco.agent.rt.RT
21:17:39 PIT >> INFO : MINION : Failed to dump JaCoCo execution data: org.jacoco.agent.rt.RT
21:17:39 PIT >> INFO : MINION : Failed to set JaCoCo session: org.jacoco.agent.rt.RT
21:17:39 PIT >> INFO : MINION : Failed to dump JaCoCo execution data: org.jacoco.agent.rt.RT
21:17:39 PIT >> INFO : MINION : Failed to set JaCoCo session: org.jacoco.agent.rt.RT
21:17:39 PIT >> INFO : MINION : Failed to dump JaCoCo execution data: org.jacoco.agent.rt.RT
21:17:39 PIT >> INFO : MINION : Failed to set JaCoCo session: org.jacoco.agent.rt.RT
21:17:39 PIT >> INFO : MINION : Failed to dump JaCoCo execution data: org.jacoco.agent.rt.RT
21:17:39 PIT >> INFO : MINION : Failed to set JaCoCo session: org.jacoco.agent.rt.RT
21:17:39 PIT >> INFO : MINION : Failed to dump JaCoCo execution data: org.jacoco.agent.rt.RT
21:17:39 PIT >> INFO : MINION : Failed to set JaCoCo session: org.jacoco.agent.rt.RT
21:17:39 PIT >> INFO : MINION : Failed to dump JaCoCo execution data: org.jacoco.agent.rt.RT
21:17:39 PIT >> INFO : MINION : Failed to set JaCoCo session: org.jacoco.agent.rt.RT
21:17:39 PIT >> INFO : MINION : Failed to dump JaCoCo execution data: org.jacoco.agent.rt.RT
21:17:39 PIT >> INFO : MINION : Failed to set JaCoCo session: org.jacoco.agent.rt.RT
21:17:39 PIT >> INFO : MINION : Failed to dump JaCoCo execution data: org.jacoco.agent.rt.RT
21:17:39 PIT >> INFO : MINION : Failed to set JaCoCo session: org.jacoco.agent.rt.RT
21:17:39 PIT >> INFO : MINION : Failed to dump JaCoCo execution data: org.jacoco.agent.rt.RT
21:17:39 PIT >> INFO : MINION : Failed to set JaCoCo session: org.jacoco.agent.rt.RT
21:17:39 PIT >> INFO : MINION : Failed to dump JaCoCo execution data: org.jacoco.agent.rt.RT
21:17:39 PIT >> INFO : MINION : Failed to set JaCoCo session: org.jacoco.agent.rt.RT
21:17:39 PIT >> INFO : MINION : Failed to dump JaCoCo execution data: org.jacoco.agent.rt.RT
21:17:39 PIT >> INFO : MINION : Failed to set JaCoCo session: org.jacoco.agent.rt.RT
21:17:39 PIT >> INFO : MINION : Failed to dump JaCoCo execution data: org.jacoco.agent.rt.RT
21:17:39 PIT >> INFO : MINION : Failed to set JaCoCo session: org.jacoco.agent.rt.RT
21:17:39 PIT >> INFO : MINION : Failed to dump JaCoCo execution data: org.jacoco.agent.rt.RT
21:17:39 PIT >> INFO : MINION : Failed to set JaCoCo session: org.jacoco.agent.rt.RT
21:17:39 PIT >> INFO : MINION : Failed to dump JaCoCo execution data: org.jacoco.agent.rt.RT
21:17:39 PIT >> INFO : MINION : Failed to set JaCoCo session: org.jacoco.agent.rt.RT
21:17:39 PIT >> INFO : MINION : Failed to dump JaCoCo execution data: org.jacoco.agent.rt.RT
21:17:39 PIT >> INFO : MINION : Failed to set JaCoCo session: org.jacoco.agent.rt.RT
21:17:39 PIT >> INFO : MINION : Failed to dump JaCoCo execution data: org.jacoco.agent.rt.RT
21:17:39 PIT >> INFO : MINION : Failed to set JaCoCo session: org.jacoco.agent.rt.RT
21:17:39 PIT >> INFO : MINION : Failed to dump JaCoCo execution data: org.jacoco.agent.rt.RT
21:17:39 PIT >> INFO : MINION : Failed to set JaCoCo session: org.jacoco.agent.rt.RT
21:17:39 PIT >> INFO : MINION : Failed to dump JaCoCo execution data: org.jacoco.agent.rt.RT
21:17:39 PIT >> INFO : MINION : Failed to set JaCoCo session: org.jacoco.agent.rt.RT
21:17:39 PIT >> INFO : MINION : Failed to dump JaCoCo execution data: org.jacoco.agent.rt.RT
21:17:39 PIT >> INFO : MINION : Failed to set JaCoCo session: org.jacoco.agent.rt.RT
21:17:39 PIT >> INFO : MINION : Failed to dump JaCoCo execution data: org.jacoco.agent.rt.RT
21:17:39 PIT >> INFO : MINION : Failed to set JaCoCo session: org.jacoco.agent.rt.RT
21:17:39 PIT >> INFO : MINION : Failed to dump JaCoCo execution data: org.jacoco.agent.rt.RT
21:17:39 PIT >> INFO : MINION : Failed to set JaCoCo session: org.jacoco.agent.rt.RT
21:17:39 PIT >> INFO : MINION : Failed to dump JaCoCo execution data: org.jacoco.agent.rt.RT
21:17:39 PIT >> INFO : MINION : Failed to set JaCoCo session: org.jacoco.agent.rt.RT
21:17:39 PIT >> INFO : MINION : Failed to dump JaCoCo execution data: org.jacoco.agent.rt.RT
21:17:39 PIT >> INFO : MINION : Failed to set JaCoCo session: org.jacoco.agent.rt.RT
21:17:39 PIT >> INFO : MINION : Failed to dump JaCoCo execution data: org.jacoco.agent.rt.RT
21:17:39 PIT >> INFO : MINION : Failed to set JaCoCo session: org.jacoco.agent.rt.RT
21:17:39 PIT >> INFO : MINION : Failed to dump JaCoCo execution data: org.jacoco.agent.rt.RT
21:17:39 PIT >> INFO : MINION : Failed to set JaCoCo session: org.jacoco.agent.rt.RT
21:17:39 PIT >> INFO : MINION : Failed to dump JaCoCo execution data: org.jacoco.agent.rt.RT
21:17:39 PIT >> INFO : MINION : Failed to set JaCoCo session: org.jacoco.agent.rt.RT
21:17:39 PIT >> INFO : MINION : Failed to dump JaCoCo execution data: org.jacoco.agent.rt.RT
21:17:39 PIT >> INFO : MINION : Failed to set JaCoCo session: org.jacoco.agent.rt.RT
21:17:39 PIT >> INFO : MINION : Failed to dump JaCoCo execution data: org.jacoco.agent.rt.RT
21:17:39 PIT >> INFO : MINION : Failed to set JaCoCo session: org.jacoco.agent.rt.RT
21:17:39 PIT >> INFO : MINION : Failed to dump JaCoCo execution data: org.jacoco.agent.rt.RT
21:17:39 PIT >> INFO : MINION : Failed to set JaCoCo session: org.jacoco.agent.rt.RT
21:17:39 PIT >> INFO : MINION : Failed to dump JaCoCo execution data: org.jacoco.agent.rt.RT
21:17:39 PIT >> INFO : MINION : Failed to set JaCoCo session: org.jacoco.agent.rt.RT
21:17:39 PIT >> INFO : MINION : Failed to dump JaCoCo execution data: org.jacoco.agent.rt.RT
21:17:39 PIT >> INFO : MINION : Failed to set JaCoCo session: org.jacoco.agent.rt.RT
21:17:39 PIT >> INFO : MINION : Failed to dump JaCoCo execution data: org.jacoco.agent.rt.RT
21:17:39 PIT >> INFO : MINION : Failed to set JaCoCo session: org.jacoco.agent.rt.RT
21:17:39 PIT >> INFO : MINION : Failed to dump JaCoCo execution data: org.jacoco.agent.rt.RT
21:17:39 PIT >> INFO : MINION : Failed to set JaCoCo session: org.jacoco.agent.rt.RT
21:17:39 PIT >> INFO : MINION : Failed to dump JaCoCo execution data: org.jacoco.agent.rt.RT
21:17:39 PIT >> INFO : MINION : Failed to set JaCoCo session: org.jacoco.agent.rt.RT
21:17:39 PIT >> INFO : MINION : Failed to dump JaCoCo execution data: org.jacoco.agent.rt.RT
21:17:39 PIT >> INFO : MINION : Failed to set JaCoCo session: org.jacoco.agent.rt.RT
21:17:39 PIT >> INFO : MINION : Failed to dump JaCoCo execution data: org.jacoco.agent.rt.RT
21:17:39 PIT >> INFO : MINION : Failed to set JaCoCo session: org.jacoco.agent.rt.RT
21:17:39 PIT >> INFO : MINION : Failed to dump JaCoCo execution data: org.jacoco.agent.rt.RT
21:17:39 PIT >> INFO : MINION : Failed to set JaCoCo session: org.jacoco.agent.rt.RT
21:17:39 PIT >> INFO : MINION : Failed to dump JaCoCo execution data: org.jacoco.agent.rt.RT
21:17:39 PIT >> INFO : MINION : Failed to set JaCoCo session: org.jacoco.agent.rt.RT
21:17:39 PIT >> INFO : MINION : Failed to dump JaCoCo execution data: org.jacoco.agent.rt.RT
21:17:39 PIT >> INFO : MINION : Failed to set JaCoCo session: org.jacoco.agent.rt.RT
21:17:39 PIT >> INFO : MINION : Failed to dump JaCoCo execution data: org.jacoco.agent.rt.RT
21:17:39 PIT >> INFO : MINION : Failed to set JaCoCo session: org.jacoco.agent.rt.RT
21:17:39 PIT >> INFO : MINION : Failed to dump JaCoCo execution data: org.jacoco.agent.rt.RT
21:17:39 PIT >> INFO : MINION : Failed to set JaCoCo session: org.jacoco.agent.rt.RT
21:17:39 PIT >> INFO : MINION : Failed to dump JaCoCo execution data: org.jacoco.agent.rt.RT
21:17:39 PIT >> INFO : MINION : Failed to set JaCoCo session: org.jacoco.agent.rt.RT
21:17:39 PIT >> INFO : MINION : Failed to dump JaCoCo execution data: org.jacoco.agent.rt.RT
21:17:39 PIT >> INFO : MINION : Failed to set JaCoCo session: org.jacoco.agent.rt.RT
21:17:39 PIT >> INFO : MINION : Failed to dump JaCoCo execution data: org.jacoco.agent.rt.RT
21:17:39 PIT >> INFO : MINION : Failed to set JaCoCo session: org.jacoco.agent.rt.RT
21:17:39 PIT >> INFO : MINION : Failed to dump JaCoCo execution data: org.jacoco.agent.rt.RT
21:17:39 PIT >> INFO : MINION : Failed to set JaCoCo session: org.jacoco.agent.rt.RT
21:17:39 PIT >> INFO : MINION : Failed to dump JaCoCo execution data: org.jacoco.agent.rt.RT
21:17:39 PIT >> INFO : MINION : Failed to set JaCoCo session: org.jacoco.agent.rt.RT
21:17:39 PIT >> INFO : MINION : Failed to dump JaCoCo execution data: org.jacoco.agent.rt.RT
21:17:39 PIT >> INFO : MINION : Failed to set JaCoCo session: org.jacoco.agent.rt.RT
21:17:39 PIT >> INFO : MINION : Failed to dump JaCoCo execution data: org.jacoco.agent.rt.RT
21:17:39 PIT >> INFO : MINION : Failed to set JaCoCo session: org.jacoco.agent.rt.RT
21:17:39 PIT >> INFO : MINION : Failed to dump JaCoCo execution data: org.jacoco.agent.rt.RT
21:17:39 PIT >> INFO : MINION : Failed to set JaCoCo session: org.jacoco.agent.rt.RT
21:17:39 PIT >> INFO : MINION : Failed to dump JaCoCo execution data: org.jacoco.agent.rt.RT
21:17:39 PIT >> INFO : MINION : Failed to set JaCoCo session: org.jacoco.agent.rt.RT
21:17:39 PIT >> INFO : MINION : Failed to dump JaCoCo execution data: org.jacoco.agent.rt.RT
21:17:39 PIT >> INFO : MINION : Failed to set JaCoCo session: org.jacoco.agent.rt.RT
21:17:39 PIT >> INFO : MINION : Failed to dump JaCoCo execution data: org.jacoco.agent.rt.RT
21:17:39 PIT >> INFO : MINION : Failed to set JaCoCo session: org.jacoco.agent.rt.RT
21:17:39 PIT >> INFO : MINION : Failed to dump JaCoCo execution data: org.jacoco.agent.rt.RT
21:17:39 PIT >> INFO : MINION : Failed to set JaCoCo session: org.jacoco.agent.rt.RT
21:17:39 PIT >> INFO : MINION : Failed to dump JaCoCo execution data: org.jacoco.agent.rt.RT
21:17:39 PIT >> INFO : MINION : Failed to set JaCoCo session: org.jacoco.agent.rt.RT
21:17:39 PIT >> INFO : MINION : Failed to dump JaCoCo execution data: org.jacoco.agent.rt.RT
21:17:39 PIT >> INFO : MINION : Failed to set JaCoCo session: org.jacoco.agent.rt.RT
21:17:39 PIT >> INFO : MINION : Failed to dump JaCoCo execution data: org.jacoco.agent.rt.RT
21:17:39 PIT >> INFO : MINION : Failed to set JaCoCo session: org.jacoco.agent.rt.RT
21:17:39 PIT >> INFO : MINION : Failed to dump JaCoCo execution data: org.jacoco.agent.rt.RT
21:17:39 PIT >> INFO : MINION : Failed to set JaCoCo session: org.jacoco.agent.rt.RT
21:17:39 PIT >> INFO : MINION : Failed to dump JaCoCo execution data: org.jacoco.agent.rt.RT
21:17:39 PIT >> INFO : MINION : Failed to set JaCoCo session: org.jacoco.agent.rt.RT
21:17:39 PIT >> INFO : MINION : Failed to dump JaCoCo execution data: org.jacoco.agent.rt.RT
21:17:39 PIT >> INFO : MINION : Failed to set JaCoCo session: org.jacoco.agent.rt.RT
21:17:39 PIT >> INFO : MINION : Failed to dump JaCoCo execution data: org.jacoco.agent.rt.RT
21:17:39 PIT >> INFO : MINION : Failed to set JaCoCo session: org.jacoco.agent.rt.RT
21:17:39 PIT >> INFO : MINION : Failed to dump JaCoCo execution data: org.jacoco.agent.rt.RT
21:17:39 PIT >> INFO : MINION : Failed to set JaCoCo session: org.jacoco.agent.rt.RT
21:17:39 PIT >> INFO : MINION : Failed to dump JaCoCo execution data: org.jacoco.agent.rt.RT
21:17:39 PIT >> INFO : MINION : Failed to set JaCoCo session: org.jacoco.agent.rt.RT
21:17:39 PIT >> INFO : MINION : Failed to dump JaCoCo execution data: org.jacoco.agent.rt.RT
21:17:39 PIT >> INFO : MINION : Failed to set JaCoCo session: org.jacoco.agent.rt.RT
21:17:39 PIT >> INFO : MINION : Failed to dump JaCoCo execution data: org.jacoco.agent.rt.RT
21:17:39 PIT >> INFO : MINION : Failed to set JaCoCo session: org.jacoco.agent.rt.RT
21:17:39 PIT >> INFO : MINION : Failed to dump JaCoCo execution data: org.jacoco.agent.rt.RT
21:17:39 PIT >> INFO : MINION : Failed to set JaCoCo session: org.jacoco.agent.rt.RT
21:17:39 PIT >> INFO : MINION : Failed to dump JaCoCo execution data: org.jacoco.agent.rt.RT
21:17:39 PIT >> INFO : MINION : Failed to set JaCoCo session: org.jacoco.agent.rt.RT
21:17:39 PIT >> INFO : MINION : Failed to dump JaCoCo execution data: org.jacoco.agent.rt.RT
21:17:39 PIT >> INFO : MINION : Failed to set JaCoCo session: org.jacoco.agent.rt.RT
21:17:39 PIT >> INFO : MINION : Failed to dump JaCoCo execution data: org.jacoco.agent.rt.RT
21:17:39 PIT >> INFO : MINION : Failed to set JaCoCo session: org.jacoco.agent.rt.RT
21:17:39 PIT >> INFO : MINION : Failed to dump JaCoCo execution data: org.jacoco.agent.rt.RT
21:17:39 PIT >> INFO : MINION : Failed to set JaCoCo session: org.jacoco.agent.rt.RT
21:17:39 PIT >> INFO : MINION : Failed to dump JaCoCo execution data: org.jacoco.agent.rt.RT
21:17:39 PIT >> INFO : MINION : Failed to set JaCoCo session: org.jacoco.agent.rt.RT
21:17:39 PIT >> INFO : MINION : Failed to dump JaCoCo execution data: org.jacoco.agent.rt.RT
21:17:39 PIT >> INFO : MINION : Failed to set JaCoCo session: org.jacoco.agent.rt.RT
21:17:39 PIT >> INFO : MINION : Failed to dump JaCoCo execution data: org.jacoco.agent.rt.RT
21:17:39 PIT >> INFO : MINION : Failed to set JaCoCo session: org.jacoco.agent.rt.RT
21:17:39 PIT >> INFO : MINION : Failed to dump JaCoCo execution data: org.jacoco.agent.rt.RT
21:17:39 PIT >> INFO : MINION : Failed to set JaCoCo session: org.jacoco.agent.rt.RT
21:17:39 PIT >> INFO : MINION : Failed to dump JaCoCo execution data: org.jacoco.agent.rt.RT
21:17:39 PIT >> INFO : MINION : Failed to set JaCoCo session: org.jacoco.agent.rt.RT
21:17:39 PIT >> INFO : MINION : Failed to dump JaCoCo execution data: org.jacoco.agent.rt.RT
21:17:39 PIT >> INFO : MINION : Failed to set JaCoCo session: org.jacoco.agent.rt.RT
21:17:39 PIT >> INFO : MINION : Failed to dump JaCoCo execution data: org.jacoco.agent.rt.RT
21:17:39 PIT >> INFO : MINION : Failed to set JaCoCo session: org.jacoco.agent.rt.RT
21:17:39 PIT >> INFO : MINION : Failed to dump JaCoCo execution data: org.jacoco.agent.rt.RT
21:17:39 PIT >> INFO : MINION : Failed to set JaCoCo session: org.jacoco.agent.rt.RT
21:17:39 PIT >> INFO : MINION : Failed to dump JaCoCo execution data: org.jacoco.agent.rt.RT
21:17:39 PIT >> INFO : MINION : Failed to set JaCoCo session: org.jacoco.agent.rt.RT
21:17:39 PIT >> INFO : MINION : Failed to dump JaCoCo execution data: org.jacoco.agent.rt.RT
21:17:39 PIT >> INFO : MINION : Failed to set JaCoCo session: org.jacoco.agent.rt.RT
21:17:39 PIT >> INFO : MINION : Failed to dump JaCoCo execution data: org.jacoco.agent.rt.RT
21:17:39 PIT >> INFO : MINION : Failed to set JaCoCo session: org.jacoco.agent.rt.RT
21:17:39 PIT >> INFO : MINION : Failed to dump JaCoCo execution data: org.jacoco.agent.rt.RT
21:17:39 PIT >> INFO : MINION : Failed to set JaCoCo session: org.jacoco.agent.rt.RT
21:17:39 PIT >> INFO : MINION : Failed to dump JaCoCo execution data: org.jacoco.agent.rt.RT
21:17:39 PIT >> INFO : MINION : Failed to set JaCoCo session: org.jacoco.agent.rt.RT
21:17:39 PIT >> INFO : MINION : Failed to dump JaCoCo execution data: org.jacoco.agent.rt.RT
21:17:39 PIT >> INFO : MINION : Failed to set JaCoCo session: org.jacoco.agent.rt.RT
21:17:39 PIT >> INFO : MINION : Failed to dump JaCoCo execution data: org.jacoco.agent.rt.RT
21:17:39 PIT >> INFO : MINION : Failed to set JaCoCo session: org.jacoco.agent.rt.RT
21:17:39 PIT >> INFO : MINION : Failed to dump JaCoCo execution data: org.jacoco.agent.rt.RT
21:17:39 PIT >> INFO : MINION : Failed to set JaCoCo session: org.jacoco.agent.rt.RT
21:17:39 PIT >> INFO : MINION : Failed to dump JaCoCo execution data: org.jacoco.agent.rt.RT
21:17:39 PIT >> INFO : MINION : Failed to set JaCoCo session: org.jacoco.agent.rt.RT
21:17:39 PIT >> INFO : MINION : Failed to dump JaCoCo execution data: org.jacoco.agent.rt.RT
21:17:39 PIT >> INFO : MINION : Failed to set JaCoCo session: org.jacoco.agent.rt.RT
21:17:39 PIT >> INFO : MINION : Failed to dump JaCoCo execution data: org.jacoco.agent.rt.RT
21:17:39 PIT >> INFO : MINION : Failed to set JaCoCo session: org.jacoco.agent.rt.RT
21:17:39 PIT >> INFO : MINION : Failed to dump JaCoCo execution data: org.jacoco.agent.rt.RT
21:17:39 PIT >> INFO : MINION : Failed to set JaCoCo session: org.jacoco.agent.rt.RT
21:17:39 PIT >> INFO : MINION : Failed to dump JaCoCo execution data: org.jacoco.agent.rt.RT
21:17:39 PIT >> INFO : MINION : Failed to set JaCoCo session: org.jacoco.agent.rt.RT
21:17:39 PIT >> INFO : MINION : Failed to dump JaCoCo execution data: org.jacoco.agent.rt.RT
21:17:39 PIT >> INFO : MINION : Failed to set JaCoCo session: org.jacoco.agent.rt.RT
21:17:39 PIT >> INFO : MINION : Failed to dump JaCoCo execution data: org.jacoco.agent.rt.RT
21:17:39 PIT >> INFO : MINION : Failed to set JaCoCo session: org.jacoco.agent.rt.RT
21:17:39 PIT >> INFO : MINION : Failed to dump JaCoCo execution data: org.jacoco.agent.rt.RT
21:17:39 PIT >> INFO : MINION : Failed to set JaCoCo session: org.jacoco.agent.rt.RT
21:17:39 PIT >> INFO : MINION : Failed to dump JaCoCo execution data: org.jacoco.agent.rt.RT
21:17:39 PIT >> INFO : MINION : Failed to set JaCoCo session: org.jacoco.agent.rt.RT
21:17:40 PIT >> INFO : MINION : Failed to dump JaCoCo execution data: org.jacoco.agent.rt.RT
21:17:40 PIT >> INFO : MINION : Failed to set JaCoCo session: org.jacoco.agent.rt.RT
21:17:40 PIT >> INFO : MINION : Failed to dump JaCoCo execution data: org.jacoco.agent.rt.RT
21:17:40 PIT >> INFO : MINION : Failed to set JaCoCo session: org.jacoco.agent.rt.RT
21:17:40 PIT >> INFO : MINION : Failed to dump JaCoCo execution data: org.jacoco.agent.rt.RT
21:17:40 PIT >> INFO : MINION : Failed to set JaCoCo session: org.jacoco.agent.rt.RT
21:17:40 PIT >> INFO : MINION : Failed to dump JaCoCo execution data: org.jacoco.agent.rt.RT
21:17:40 PIT >> INFO : MINION : Failed to set JaCoCo session: org.jacoco.agent.rt.RT
21:17:40 PIT >> INFO : MINION : Failed to dump JaCoCo execution data: org.jacoco.agent.rt.RT
21:17:40 PIT >> INFO : Calculated coverage in 2 seconds.
21:17:40 PIT >> INFO : Created 1 mutation test units
21:18:02 PIT >> INFO : Completed in 24 seconds
