Picked up JAVA_TOOL_OPTIONS: -XX:ActiveProcessorCount=1
18:32:19 PIT >> INFO : Verbose logging is disabled. If you encounter a problem, please enable it before reporting an issue.
18:32:19 PIT >> INFO : Created 1 mutation test units in pre scan
18:32:19 PIT >> INFO : MINION : Picked up JAVA_TOOL_OPTIONS: -XX:ActiveProcessorCount=1
18:32:19 PIT >> INFO : MINION : WARNING: Unknown module: org.jgrapht.core specified to --add-opens
18:32:19 PIT >> INFO : MINION : WARNING: Unknown module: org.jgrapht.core specified to --add-opens
18:32:19 PIT >> INFO : MINION : WARNING: Unknown module: org.jgrapht.core specified to --add-opens
18:32:19 PIT >> INFO : MINION : WARNING: Unknown module: org.jgrapht.core specified to --add-opens
18:32:19 PIT >> INFO : MINION : WARNING: Unknown module: org.jgrapht.core specified to --add-opens
18:32:19 PIT >> INFO : MINION : WARNING: Unknown module: org.jgrapht.core specified to --add-opens
18:32:19 PIT >> INFO : MINION : WARNING: Unknown module: org.jgrapht.core specified to --add-opens
18:32:19 PIT >> INFO : MINION : WARNING: Unknown module: org.jgrapht.core specified to --add-opens
18:32:19 PIT >> INFO : MINION : WARNING: Unknown module: org.jgrapht.core specified to --add-opens
18:32:19 PIT >> INFO : MINION : WARNING: Unknown module: org.jgrapht.core specified to --add-opens
18:32:19 PIT >> INFO : MINION : WARNING: Unknown module: org.jgrapht.core specified to --add-opens
18:32:19 PIT >> INFO : MINION : WARNING: Unknown module: org.jgrapht.core specified to --add-opens
18:32:19 PIT >> INFO : MINION : WARNING: Unknown module: org.jgrapht.core specified to --add-opens
18:32:19 PIT >> INFO : MINION : WARNING: Unknown module: org.jgrapht.core specified to --add-opens
18:32:19 PIT >> INFO : MINION : WARNING: Unknown module: org.jgrapht.core specified to --add-opens
18:32:19 PIT >> INFO : MINION : WARNING: Unknown module: org.jgrapht.core specified to --add-opens
18:32:19 PIT >> INFO : MINION : WARNING: Unknown module: org.jgrapht.core specified to --add-opens
18:32:19 PIT >> INFO : MINION : WARNING: Unknown module: org.jgrapht.core specified to --add-opens
18:32:19 PIT >> INFO : MINION : WARNING: Unknown module: org.jgrapht.core specified to --add-opens
18:32:19 PIT >> INFO : MINION : WARNING: Unknown module: org.jgrapht.core specified to --add-opens
18:32:19 PIT >> INFO : MINION : WARNING: Unknown module: org.jgrapht.core specified to --add-opens
18:32:19 PIT >> INFO : MINION : WARNING: Unknown module: org.jgrapht.core specified to --add-opens
18:32:19 PIT >> INFO : MINION : WARNING: Unknown module: org.jgrapht.core specified to --add-opens
18:32:19 PIT >> INFO : MINION : WARNING: Unknown module: org.jgrapht.core specified to --add-opens
18:32:19 PIT >> INFO : MINION : WARNING: Unknown module: org.jgrapht.core specified to --add-opens
18:32:19 PIT >> INFO : MINION : WARNING: Unknown module: org.jgrapht.core specified to --add-opens
18:32:19 PIT >> INFO : MINION : WARNING: Unknown module: org.jgrapht.core specified to --add-opens
18:32:19 PIT >> INFO : MINION : WARNING: Unknown module: org.jgrapht.core specified to --add-opens
18:32:19 PIT >> INFO : MINION : WARNING: Unknown module: org.jgrapht.core specified to --add-opens
18:32:19 PIT >> INFO : MINION : WARNING: Unknown module: org.jgrapht.core specified to --add-opens
18:32:19 PIT >> INFO : Sending 31 test classes to minion
18:32:19 PIT >> INFO : Sent tests to minion
18:32:22 PIT >> INFO : Calculated coverage in 2 seconds.
18:32:22 PIT >> INFO : Created 1 mutation test units
18:32:39 PIT >> WARNING : Minion exited abnormally due to TIMED_OUT
18:32:53 PIT >> WARNING : Minion exited abnormally due to TIMED_OUT
18:33:14 PIT >> WARNING : Minion exited abnormally due to TIMED_OUT
18:33:32 PIT >> WARNING : Minion exited abnormally due to TIMED_OUT
18:34:00 PIT >> WARNING : Minion exited abnormally due to TIMED_OUT
18:34:12 PIT >> WARNING : Minion exited abnormally due to TIMED_OUT
18:34:33 PIT >> WARNING : Minion exited abnormally due to TIMED_OUT
18:34:45 PIT >> WARNING : Minion exited abnormally due to TIMED_OUT
18:35:01 PIT >> WARNING : Minion exited abnormally due to TIMED_OUT
18:35:16 PIT >> WARNING : Minion exited abnormally due to TIMED_OUT
18:35:32 PIT >> WARNING : Minion exited abnormally due to TIMED_OUT
18:35:49 PIT >> WARNING : Minion exited abnormally due to TIMED_OUT
18:35:54 PIT >> INFO : Completed in 215 seconds
