00:00:42 PIT >> INFO : Verbose logging is disabled. If you encounter a problem, please enable it before reporting an issue.
00:00:42 PIT >> INFO : Created 1 mutation test units in pre scan
00:00:42 PIT >> INFO : Sending 38 test classes to minion
00:00:42 PIT >> INFO : Sent tests to minion
00:00:43 PIT >> INFO : MINION : Failed to set JaCoCo session: org.jacoco.agent.rt.RT
00:00:43 PIT >> INFO : MINION : Failed to dump JaCoCo execution data: org.jacoco.agent.rt.RT
00:00:43 PIT >> INFO : MINION : Failed to set JaCoCo session: org.jacoco.agent.rt.RT
00:00:43 PIT >> INFO : MINION : Failed to dump JaCoCo execution data: org.jacoco.agent.rt.RT
00:00:43 PIT >> INFO : MINION : Failed to set JaCoCo session: org.jacoco.agent.rt.RT
00:00:43 PIT >> INFO : MINION : Failed to dump JaCoCo execution data: org.jacoco.agent.rt.RT
00:00:43 PIT >> INFO : MINION : Failed to set JaCoCo session: org.jacoco.agent.rt.RT
00:00:43 PIT >> INFO : MINION : Failed to dump JaCoCo execution data: org.jacoco.agent.rt.RT
00:00:43 PIT >> INFO : MINION : Failed to set JaCoCo session: org.jacoco.agent.rt.RT
00:00:43 PIT >> INFO : MINION : Failed to dump JaCoCo execution data: org.jacoco.agent.rt.RT
00:00:43 PIT >> INFO : MINION : Failed to set JaCoCo session: org.jacoco.agent.rt.RT
00:00:43 PIT >> INFO : MINION : Failed to dump JaCoCo execution data: org.jacoco.agent.rt.RT
00:00:43 PIT >> INFO : MINION : Failed to set JaCoCo session: org.jacoco.agent.rt.RT
00:00:43 PIT >> INFO : MINION : Failed to dump JaCoCo execution data: org.jacoco.agent.rt.RT
00:00:43 PIT >> INFO : MINION : Failed to set JaCoCo session: org.jacoco.agent.rt.RT
00:00:43 PIT >> INFO : MINION : Failed to dump JaCoCo execution data: org.jacoco.agent.rt.RT
00:00:43 PIT >> INFO : MINION : Failed to set JaCoCo session: org.jacoco.agent.rt.RT
00:00:43 PIT >> INFO : MINION : Failed to dump JaCoCo execution data: org.jacoco.agent.rt.RT
00:00:43 PIT >> INFO : MINION : Failed to set JaCoCo session: org.jacoco.agent.rt.RT
00:00:43 PIT >> INFO : MINION : Failed to dump JaCoCo execution data: org.jacoco.agent.rt.RT
00:00:43 PIT >> INFO : MINION : Failed to set JaCoCo session: org.jacoco.agent.rt.RT
00:00:43 PIT >> INFO : MINION : Failed to dump JaCoCo execution data: org.jacoco.agent.rt.RT
00:00:43 PIT >> INFO : MINION : Failed to set JaCoCo session: org.jacoco.agent.rt.RT
00:00:43 PIT >> INFO : MINION : Failed to dump JaCoCo execution data: org.jacoco.agent.rt.RT
00:00:43 PIT >> INFO : MINION : Failed to set JaCoCo session: org.jacoco.agent.rt.RT
00:00:43 PIT >> INFO : MINION : Failed to dump JaCoCo execution data: org.jacoco.agent.rt.RT
00:00:43 PIT >> INFO : MINION : Failed to set JaCoCo session: org.jacoco.agent.rt.RT
00:00:43 PIT >> INFO : MINION : Failed to dump JaCoCo execution data: org.jacoco.agent.rt.RT
00:00:43 PIT >> INFO : MINION : Failed to set JaCoCo session: org.jacoco.agent.rt.RT
00:00:43 PIT >> INFO : MINION : Failed to dump JaCoCo execution data: org.jacoco.agent.rt.RT
00:00:43 PIT >> INFO : MINION : Failed to set JaCoCo session: org.jacoco.agent.rt.RT
00:00:43 PIT >> INFO : MINION : Failed to dump JaCoCo execution data: org.jacoco.agent.rt.RT
00:00:43 PIT >> INFO : MINION : Failed to set JaCoCo session: org.jacoco.agent.rt.RT
00:00:43 PIT >> INFO : MINION : Failed to dump JaCoCo execution data: org.jacoco.agent.rt.RT
00:00:43 PIT >> INFO : MINION : Failed to set JaCoCo session: org.jacoco.agent.rt.RT
00:00:43 PIT >> INFO : MINION : Failed to dump JaCoCo execution data: org.jacoco.agent.rt.RT
00:00:43 PIT >> INFO : MINION : Failed to set JaCoCo session: org.jacoco.agent.rt.RT
00:00:43 PIT >> INFO : MINION : Failed to dump JaCoCo execution data: org.jacoco.agent.rt.RT
00:00:43 PIT >> INFO : MINION : Failed to set JaCoCo session: org.jacoco.agent.rt.RT
00:00:43 PIT >> INFO : MINION : Failed to dump JaCoCo execution data: org.jacoco.agent.rt.RT
00:00:43 PIT >> INFO : MINION : Failed to set JaCoCo session: org.jacoco.agent.rt.RT
00:00:43 PIT >> INFO : MINION : Failed to dump JaCoCo execution data: org.jacoco.agent.rt.RT
00:00:43 PIT >> INFO : MINION : Failed to set JaCoCo session: org.jacoco.agent.rt.RT
00:00:43 PIT >> INFO : MINION : Failed to dump JaCoCo execution data: org.jacoco.agent.rt.RT
00:00:43 PIT >> INFO : MINION : Failed to set JaCoCo session: org.jacoco.agent.rt.RT
00:00:43 PIT >> INFO : MINION : Failed to dump JaCoCo execution data: org.jacoco.agent.rt.RT
00:00:43 PIT >> INFO : MINION : Failed to set JaCoCo session: org.jacoco.agent.rt.RT
00:00:43 PIT >> INFO : MINION : Failed to dump JaCoCo execution data: org.jacoco.agent.rt.RT
00:00:43 PIT >> INFO : MINION : Failed to set JaCoCo session: org.jacoco.agent.rt.RT
00:00:43 PIT >> INFO : MINION : Failed to dump JaCoCo execution data: org.jacoco.agent.rt.RT
00:00:43 PIT >> INFO : MINION : Failed to set JaCoCo session: org.jacoco.agent.rt.RT
00:00:43 PIT >> INFO : MINION : Failed to dump JaCoCo execution data: org.jacoco.agent.rt.RT
00:00:43 PIT >> INFO : MINION : Failed to set JaCoCo session: org.jacoco.agent.rt.RT
00:00:43 PIT >> INFO : MINION : Failed to dump JaCoCo execution data: org.jacoco.agent.rt.RT
00:00:43 PIT >> INFO : MINION : Failed to set JaCoCo session: org.jacoco.agent.rt.RT
00:00:43 PIT >> INFO : MINION : Failed to dump JaCoCo execution data: org.jacoco.agent.rt.RT
00:00:43 PIT >> INFO : MINION : Failed to set JaCoCo session: org.jacoco.agent.rt.RT
00:00:43 PIT >> INFO : MINION : Failed to dump JaCoCo execution data: org.jacoco.agent.rt.RT
00:00:43 PIT >> INFO : MINION : Failed to set JaCoCo session: org.jacoco.agent.rt.RT
00:00:43 PIT >> INFO : MINION : Failed to dump JaCoCo execution data: org.jacoco.agent.rt.RT
00:00:43 PIT >> INFO : MINION : Failed to set JaCoCo session: org.jacoco.agent.rt.RT
00:00:43 PIT >> INFO : MINION : Failed to dump JaCoCo execution data: org.jacoco.agent.rt.RT
00:00:43 PIT >> INFO : MINION : Failed to set JaCoCo session: org.jacoco.agent.rt.RT
00:00:43 PIT >> INFO : MINION : Failed to dump JaCoCo execution data: org.jacoco.agent.rt.RT
00:00:43 PIT >> INFO : MINION : Failed to set JaCoCo session: org.jacoco.agent.rt.RT
00:00:43 PIT >> INFO : MINION : Failed to dump JaCoCo execution data: org.jacoco.agent.rt.RT
00:00:43 PIT >> INFO : MINION : Failed to set JaCoCo session: org.jacoco.agent.rt.RT
00:00:43 PIT >> INFO : MINION : Failed to dump JaCoCo execution data: org.jacoco.agent.rt.RT
00:00:43 PIT >> INFO : MINION : Failed to set JaCoCo session: org.jacoco.agent.rt.RT
00:00:43 PIT >> INFO : MINION : Failed to dump JaCoCo execution data: org.jacoco.agent.rt.RT
00:00:43 PIT >> INFO : MINION : Failed to set JaCoCo session: org.jacoco.agent.rt.RT
00:00:43 PIT >> INFO : MINION : Failed to dump JaCoCo execution data: org.jacoco.agent.rt.RT
00:00:43 PIT >> INFO : MINION : Failed to set JaCoCo session: org.jacoco.agent.rt.RT
00:00:43 PIT >> INFO : MINION : Failed to dump JaCoCo execution data: org.jacoco.agent.rt.RT
00:00:43 PIT >> INFO : MINION : Failed to set JaCoCo session: org.jacoco.agent.rt.RT
00:00:43 PIT >> INFO : MINION : Failed to dump JaCoCo execution data: org.jacoco.agent.rt.RT
00:00:43 PIT >> INFO : MINION : Failed to set JaCoCo session: org.jacoco.agent.rt.RT
00:00:43 PIT >> INFO : MINION : Failed to dump JaCoCo execution data: org.jacoco.agent.rt.RT
00:00:43 PIT >> INFO : MINION : Failed to set JaCoCo session: org.jacoco.agent.rt.RT
00:00:43 PIT >> INFO : MINION : Failed to dump JaCoCo execution data: org.jacoco.agent.rt.RT
00:00:43 PIT >> INFO : MINION : Failed to set JaCoCo session: org.jacoco.agent.rt.RT
00:00:43 PIT >> INFO : MINION : Failed to dump JaCoCo execution data: org.jacoco.agent.rt.RT
00:00:43 PIT >> INFO : MINION : Failed to set JaCoCo session: org.jacoco.agent.rt.RT
00:00:43 PIT >> INFO : MINION : Failed to dump JaCoCo execution data: org.jacoco.agent.rt.RT
00:00:43 PIT >> INFO : MINION : Failed to set JaCoCo session: org.jacoco.agent.rt.RT
00:00:43 PIT >> INFO : MINION : Failed to dump JaCoCo execution data: org.jacoco.agent.rt.RT
00:00:43 PIT >> INFO : MINION : Failed to set JaCoCo session: org.jacoco.agent.rt.RT
00:00:43 PIT >> INFO : MINION : Failed to dump JaCoCo execution data: org.jacoco.agent.rt.RT
00:00:43 PIT >> INFO : MINION : Failed to set JaCoCo session: org.jacoco.agent.rt.RT
00:00:43 PIT >> INFO : MINION : Failed to dump JaCoCo execution data: org.jacoco.agent.rt.RT
00:00:43 PIT >> INFO : MINION : Failed to set JaCoCo session: org.jacoco.agent.rt.RT
00:00:43 PIT >> INFO : MINION : Failed to dump JaCoCo execution data: org.jacoco.agent.rt.RT
00:00:43 PIT >> INFO : MINION : Failed to set JaCoCo session: org.jacoco.agent.rt.RT
00:00:43 PIT >> INFO : MINION : Failed to dump JaCoCo execution data: org.jacoco.agent.rt.RT
00:00:43 PIT >> INFO : MINION : Failed to set JaCoCo session: org.jacoco.agent.rt.RT
00:00:43 PIT >> INFO : MINION : Failed to dump JaCoCo execution data: org.jacoco.agent.rt.RT
00:00:43 PIT >> INFO : MINION : Failed to set JaCoCo session: org.jacoco.agent.rt.RT
00:00:43 PIT >> INFO : MINION : Failed to dump JaCoCo execution data: org.jacoco.agent.rt.RT
00:00:43 PIT >> INFO : MINION : Failed to set JaCoCo session: org.jacoco.agent.rt.RT
00:00:43 PIT >> INFO : MINION : Failed to dump JaCoCo execution data: org.jacoco.agent.rt.RT
00:00:43 PIT >> INFO : MINION : Failed to set JaCoCo session: org.jacoco.agent.rt.RT
00:00:43 PIT >> INFO : MINION : Failed to dump JaCoCo execution data: org.jacoco.agent.rt.RT
00:00:43 PIT >> INFO : MINION : Failed to set JaCoCo session: org.jacoco.agent.rt.RT
00:00:43 PIT >> INFO : MINION : Failed to dump JaCoCo execution data: org.jacoco.agent.rt.RT
00:00:43 PIT >> INFO : MINION : Failed to set JaCoCo session: org.jacoco.agent.rt.RT
00:00:43 PIT >> INFO : MINION : Failed to dump JaCoCo execution data: org.jacoco.agent.rt.RT
00:00:43 PIT >> INFO : MINION : Failed to set JaCoCo session: org.jacoco.agent.rt.RT
00:00:43 PIT >> INFO : MINION : Failed to dump JaCoCo execution data: org.jacoco.agent.rt.RT
00:00:43 PIT >> INFO : MINION : Failed to set JaCoCo session: org.jacoco.agent.rt.RT
00:00:43 PIT >> INFO : MINION : Failed to dump JaCoCo execution data: org.jacoco.agent.rt.RT
00:00:43 PIT >> INFO : MINION : Failed to set JaCoCo session: org.jacoco.agent.rt.RT
00:00:43 PIT >> INFO : MINION : Failed to dump JaCoCo execution data: org.jacoco.agent.rt.RT
00:00:43 PIT >> INFO : MINION : Failed to set JaCoCo session: org.jacoco.agent.rt.RT
00:00:43 PIT >> INFO : MINION : Failed to dump JaCoCo execution data: org.jacoco.agent.rt.RT
00:00:43 PIT >> INFO : MINION : Failed to set JaCoCo session: org.jacoco.agent.rt.RT
00:00:43 PIT >> INFO : MINION : Failed to dump JaCoCo execution data: org.jacoco.agent.rt.RT
00:00:43 PIT >> INFO : MINION : Failed to set JaCoCo session: org.jacoco.agent.rt.RT
00:00:43 PIT >> INFO : MINION : Failed to dump JaCoCo execution data: org.jacoco.agent.rt.RT
00:00:43 PIT >> INFO : MINION : Failed to set JaCoCo session: org.jacoco.agent.rt.RT
00:00:43 PIT >> INFO : MINION : Failed to dump JaCoCo execution data: org.jacoco.agent.rt.RT
00:00:43 PIT >> INFO : MINION : Failed to set JaCoCo session: org.jacoco.agent.rt.RT
00:00:43 PIT >> INFO : MINION : Failed to dump JaCoCo execution data: org.jacoco.agent.rt.RT
00:00:43 PIT >> INFO : MINION : Failed to set JaCoCo session: org.jacoco.agent.rt.RT
00:00:43 PIT >> INFO : MINION : Failed to dump JaCoCo execution data: org.jacoco.agent.rt.RT
00:00:43 PIT >> INFO : MINION : Failed to set JaCoCo session: org.jacoco.agent.rt.RT
00:00:43 PIT >> INFO : MINION : Failed to dump JaCoCo execution data: org.jacoco.agent.rt.RT
00:00:43 PIT >> INFO : MINION : Failed to set JaCoCo session: org.jacoco.agent.rt.RT
00:00:43 PIT >> INFO : MINION : Failed to dump JaCoCo execution data: org.jacoco.agent.rt.RT
00:00:43 PIT >> INFO : MINION : Failed to set JaCoCo session: org.jacoco.agent.rt.RT
00:00:43 PIT >> INFO : MINION : Failed to dump JaCoCo execution data: org.jacoco.agent.rt.RT
00:00:43 PIT >> INFO : MINION : Failed to set JaCoCo session: org.jacoco.agent.rt.RT
00:00:43 PIT >> INFO : MINION : Failed to dump JaCoCo execution data: org.jacoco.agent.rt.RT
00:00:43 PIT >> INFO : MINION : Failed to set JaCoCo session: org.jacoco.agent.rt.RT
00:00:43 PIT >> INFO : MINION : Failed to dump JaCoCo execution data: org.jacoco.agent.rt.RT
00:00:43 PIT >> INFO : Calculated coverage in 1 seconds.
00:00:43 PIT >> INFO : Created 1 mutation test units
00:00:57 PIT >> INFO : Completed in 15 seconds
