To honour the JVM settings for this build a single-use Daemon process will be forked. For more on this, please refer to https://docs.gradle.org/9.5.0/userguide/gradle_daemon.html#sec:disabling_the_daemon in the Gradle documentation.
Daemon will be stopped at the end of the build
> Task :local-build-plugins:extractPluginRequests UP-TO-DATE
> Task :local-build-plugins:generatePluginAdapters UP-TO-DATE
> Task :local-build-plugins:spotlessJava UP-TO-DATE
> Task :local-build-plugins:spotlessJavaApply UP-TO-DATE
> Task :local-build-plugins:compileJava UP-TO-DATE
> Task :local-build-plugins:compileGroovy UP-TO-DATE
> Task :local-build-plugins:compileGroovyPlugins UP-TO-DATE
> Task :local-build-plugins:pluginDescriptors UP-TO-DATE
> Task :local-build-plugins:processResources UP-TO-DATE
> Task :local-build-plugins:classes UP-TO-DATE
> Task :local-build-plugins:jar UP-TO-DATE
Java versions for main code: [compiler: 21, release:17, explicit: false]
Java versions for test code: [compiler: 21, release:17, launcher: 21, explicit: false]
> Task :hibernate-core:generateDeprecated-graphParser UP-TO-DATE
> Task :hibernate-core:generateGraphParser UP-TO-DATE
> Task :hibernate-core:generateHqlParser UP-TO-DATE
> Task :hibernate-core:generateOrderingParser UP-TO-DATE
> Task :hibernate-core:generateSqlScriptParser UP-TO-DATE
> Task :hibernate-core:generateParsers UP-TO-DATE
> Task :hibernate-core:xjcCfg UP-TO-DATE
> Task :hibernate-core:xjcConfiguration UP-TO-DATE
> Task :hibernate-core:xjcHbm UP-TO-DATE
> Task :hibernate-core:xjcMapping UP-TO-DATE
> Task :hibernate-scan-jandex:spotlessJava UP-TO-DATE
> Task :hibernate-scan-jandex:spotlessJavaApply UP-TO-DATE
> Task :hibernate-scan-jandex:writeCheckerManifest UP-TO-DATE
> Task :hibernate-scan-jandex:processResources UP-TO-DATE
> Task :hibernate-ant:spotlessJava UP-TO-DATE
> Task :hibernate-ant:spotlessJavaApply UP-TO-DATE
> Task :hibernate-ant:writeCheckerManifest UP-TO-DATE
> Task :hibernate-ant:processResources NO-SOURCE
> Task :hibernate-community-dialects:spotlessJava UP-TO-DATE
> Task :hibernate-community-dialects:spotlessJavaApply UP-TO-DATE
> Task :hibernate-community-dialects:writeCheckerManifest UP-TO-DATE
> Task :hibernate-community-dialects:processResources UP-TO-DATE
> Task :hibernate-reveng:spotlessJava UP-TO-DATE
> Task :hibernate-reveng:spotlessJavaApply UP-TO-DATE
> Task :hibernate-testing:spotlessJava UP-TO-DATE
> Task :hibernate-reveng:writeCheckerManifest UP-TO-DATE
> Task :hibernate-testing:spotlessJavaApply UP-TO-DATE
> Task :hibernate-testing:writeCheckerManifest UP-TO-DATE
> Task :hibernate-testing:processResources UP-TO-DATE
> Task :hibernate-reveng:processResources UP-TO-DATE
> Task :hibernate-processor:spotlessJava UP-TO-DATE
> Task :hibernate-processor:spotlessJavaApply UP-TO-DATE
> Task :hibernate-processor:writeCheckerManifest UP-TO-DATE
> Task :hibernate-processor:processResources UP-TO-DATE
> Task :hibernate-core:spotlessJava UP-TO-DATE
> Task :hibernate-core:spotlessJavaApply UP-TO-DATE
> Task :hibernate-core:writeCheckerManifest UP-TO-DATE
> Task :hibernate-core:compileJava UP-TO-DATE
> Task :hibernate-core:processResources UP-TO-DATE
> Task :hibernate-core:classes UP-TO-DATE
> Task :hibernate-community-dialects:compileJava UP-TO-DATE
> Task :hibernate-scan-jandex:compileJava UP-TO-DATE
> Task :hibernate-processor:compileJava UP-TO-DATE
> Task :hibernate-processor:classes UP-TO-DATE
> Task :hibernate-community-dialects:classes UP-TO-DATE
> Task :hibernate-scan-jandex:classes UP-TO-DATE
> Task :hibernate-reveng:compileJava UP-TO-DATE
> Task :hibernate-reveng:classes UP-TO-DATE
> Task :hibernate-ant:compileJava UP-TO-DATE
> Task :hibernate-ant:classes UP-TO-DATE
> Task :hibernate-core:jar UP-TO-DATE
> Task :hibernate-reveng:jar UP-TO-DATE
> Task :hibernate-scan-jandex:jar UP-TO-DATE
> Task :hibernate-processor:jar UP-TO-DATE
> Task :hibernate-community-dialects:jar UP-TO-DATE
> Task :hibernate-ant:jar UP-TO-DATE
> Task :hibernate-core:copyBundleResourcesNonXml UP-TO-DATE
> Task :hibernate-core:copyBundleResourcesXml UP-TO-DATE
> Task :hibernate-core:copyBundleResources NO-SOURCE
> Task :hibernate-testing:compileJava UP-TO-DATE
> Task :hibernate-testing:classes UP-TO-DATE
> Task :hibernate-testing:jar UP-TO-DATE
> Task :hibernate-core:processTestResources UP-TO-DATE
> Task :hibernate-core:compileTestJava UP-TO-DATE
> Task :hibernate-core:testClasses UP-TO-DATE

> Task :hibernate-core:pitest
================================================================================
- Mutators
================================================================================
> org.pitest.mutationtest.engine.gregor.mutators.returns.PrimitiveReturnsMutator
>> Generated 1 Killed 0 (0%)
> KILLED 0 SURVIVED 1 TIMED_OUT 0 NON_VIABLE 0
> MEMORY_ERROR 0 NOT_STARTED 0 STARTED 0 RUN_ERROR 0
> NO_COVERAGE 0
--------------------------------------------------------------------------------
> org.pitest.mutationtest.engine.gregor.mutators.VoidMethodCallMutator
>> Generated 4 Killed 0 (0%)
> KILLED 0 SURVIVED 2 TIMED_OUT 0 NON_VIABLE 0
> MEMORY_ERROR 0 NOT_STARTED 0 STARTED 0 RUN_ERROR 0
> NO_COVERAGE 2
--------------------------------------------------------------------------------
> org.pitest.mutationtest.engine.gregor.mutators.returns.BooleanTrueReturnValsMutator
>> Generated 4 Killed 1 (25%)
> KILLED 1 SURVIVED 1 TIMED_OUT 0 NON_VIABLE 0
> MEMORY_ERROR 0 NOT_STARTED 0 STARTED 0 RUN_ERROR 0
> NO_COVERAGE 2
--------------------------------------------------------------------------------
> org.pitest.mutationtest.engine.gregor.mutators.returns.NullReturnValsMutator
>> Generated 14 Killed 11 (79%)
> KILLED 11 SURVIVED 1 TIMED_OUT 0 NON_VIABLE 0
> MEMORY_ERROR 0 NOT_STARTED 0 STARTED 0 RUN_ERROR 0
> NO_COVERAGE 2
--------------------------------------------------------------------------------
> org.pitest.mutationtest.engine.gregor.mutators.RemoveConditionalMutator_EQUAL_ELSE
>> Generated 46 Killed 24 (52%)
> KILLED 24 SURVIVED 16 TIMED_OUT 0 NON_VIABLE 0
> MEMORY_ERROR 0 NOT_STARTED 0 STARTED 0 RUN_ERROR 0
> NO_COVERAGE 6
--------------------------------------------------------------------------------
> org.pitest.mutationtest.engine.gregor.mutators.returns.BooleanFalseReturnValsMutator
>> Generated 1 Killed 0 (0%)
> KILLED 0 SURVIVED 0 TIMED_OUT 0 NON_VIABLE 0
> MEMORY_ERROR 0 NOT_STARTED 0 STARTED 0 RUN_ERROR 0
> NO_COVERAGE 1
--------------------------------------------------------------------------------
> org.pitest.mutationtest.engine.gregor.mutators.returns.EmptyObjectReturnValsMutator
>> Generated 8 Killed 6 (75%)
> KILLED 6 SURVIVED 2 TIMED_OUT 0 NON_VIABLE 0
> MEMORY_ERROR 0 NOT_STARTED 0 STARTED 0 RUN_ERROR 0
> NO_COVERAGE 0
--------------------------------------------------------------------------------
================================================================================
- Timings
================================================================================
> pre-scan for mutations : < 1 second
> scan classpath : 1 seconds
> coverage and dependency analysis : 31 seconds
> build mutation tests : < 1 second
> run mutation analysis : 5 minutes and 40 seconds
--------------------------------------------------------------------------------
> Total  : 6 minutes and 15 seconds
--------------------------------------------------------------------------------
================================================================================
- Statistics
================================================================================
>> Line Coverage (for mutated classes only): 134/156 (86%)
>> 932 tests examined
>> Generated 78 mutations Killed 42 (54%)
>> Mutations with no coverage 13. Test strength 65%
>> Ran 6584 tests (84.41 tests per mutation)
Enhanced functionality available at https://www.arcmutate.com/

[Incubating] Problems report is available at: file:///Users/D061177/work/issta/hibernate-orm-stp-qualification/subject/target/reports/problems/problems-report.html

Deprecated Gradle features were used in this build, making it incompatible with Gradle 10.

You can use '--warning-mode all' to show the individual deprecation warnings and determine if they come from your own scripts or plugins.

For more on this, please refer to https://docs.gradle.org/9.5.0/userguide/command_line_interface.html#sec:command_line_warnings in the Gradle documentation.

BUILD SUCCESSFUL in 6m 48s
65 actionable tasks: 1 executed, 64 up-to-date
Consider enabling configuration cache to speed up this build: https://docs.gradle.org/9.5.0/userguide/configuration_cache_enabling.html
