Picked up JAVA_TOOL_OPTIONS: -XX:ActiveProcessorCount=1
21:43:48 PIT >> INFO : Verbose logging is disabled. If you encounter a problem, please enable it before reporting an issue.
21:43:48 PIT >> INFO : Created 1 mutation test units in pre scan
21:43:48 PIT >> INFO : MINION : Picked up JAVA_TOOL_OPTIONS: -XX:ActiveProcessorCount=1
21:43:49 PIT >> INFO : Sending 81 test classes to minion
21:43:49 PIT >> INFO : Sent tests to minion
21:43:49 PIT >> INFO : MINION : Failed to set JaCoCo session: org.jacoco.agent.rt.RT
21:43:49 PIT >> INFO : MINION : Failed to dump JaCoCo execution data: org.jacoco.agent.rt.RT
21:43:49 PIT >> INFO : MINION : Failed to set JaCoCo session: org.jacoco.agent.rt.RT
21:43:49 PIT >> INFO : MINION : Failed to dump JaCoCo execution data: org.jacoco.agent.rt.RT
21:43:49 PIT >> INFO : MINION : Failed to set JaCoCo session: org.jacoco.agent.rt.RT
21:43:49 PIT >> INFO : MINION : Failed to dump JaCoCo execution data: org.jacoco.agent.rt.RT
21:43:49 PIT >> INFO : MINION : Failed to set JaCoCo session: org.jacoco.agent.rt.RT
21:43:49 PIT >> INFO : MINION : Failed to dump JaCoCo execution data: org.jacoco.agent.rt.RT
21:43:49 PIT >> INFO : MINION : Failed to set JaCoCo session: org.jacoco.agent.rt.RT
21:43:49 PIT >> INFO : MINION : Failed to dump JaCoCo execution data: org.jacoco.agent.rt.RT
21:43:49 PIT >> INFO : MINION : Failed to set JaCoCo session: org.jacoco.agent.rt.RT
21:43:49 PIT >> INFO : MINION : Failed to dump JaCoCo execution data: org.jacoco.agent.rt.RT
21:43:49 PIT >> INFO : MINION : Failed to set JaCoCo session: org.jacoco.agent.rt.RT
21:43:49 PIT >> INFO : MINION : Failed to dump JaCoCo execution data: org.jacoco.agent.rt.RT
21:43:49 PIT >> INFO : MINION : Failed to set JaCoCo session: org.jacoco.agent.rt.RT
21:43:49 PIT >> INFO : MINION : Failed to dump JaCoCo execution data: org.jacoco.agent.rt.RT
21:43:49 PIT >> INFO : MINION : Failed to set JaCoCo session: org.jacoco.agent.rt.RT
21:43:49 PIT >> INFO : MINION : Failed to dump JaCoCo execution data: org.jacoco.agent.rt.RT
21:43:49 PIT >> INFO : MINION : Failed to set JaCoCo session: org.jacoco.agent.rt.RT
21:43:49 PIT >> INFO : MINION : Failed to dump JaCoCo execution data: org.jacoco.agent.rt.RT
21:43:49 PIT >> INFO : MINION : Failed to set JaCoCo session: org.jacoco.agent.rt.RT
21:43:49 PIT >> INFO : MINION : Failed to dump JaCoCo execution data: org.jacoco.agent.rt.RT
21:43:49 PIT >> INFO : MINION : Failed to set JaCoCo session: org.jacoco.agent.rt.RT
21:43:49 PIT >> INFO : MINION : Failed to dump JaCoCo execution data: org.jacoco.agent.rt.RT
21:43:49 PIT >> INFO : MINION : Failed to set JaCoCo session: org.jacoco.agent.rt.RT
21:43:49 PIT >> INFO : MINION : Failed to dump JaCoCo execution data: org.jacoco.agent.rt.RT
21:43:49 PIT >> INFO : MINION : Failed to set JaCoCo session: org.jacoco.agent.rt.RT
21:43:49 PIT >> INFO : MINION : Failed to dump JaCoCo execution data: org.jacoco.agent.rt.RT
21:43:49 PIT >> INFO : MINION : Failed to set JaCoCo session: org.jacoco.agent.rt.RT
21:43:49 PIT >> INFO : MINION : Failed to dump JaCoCo execution data: org.jacoco.agent.rt.RT
21:43:49 PIT >> INFO : MINION : Failed to set JaCoCo session: org.jacoco.agent.rt.RT
21:43:49 PIT >> INFO : MINION : Failed to dump JaCoCo execution data: org.jacoco.agent.rt.RT
21:43:49 PIT >> INFO : MINION : Failed to set JaCoCo session: org.jacoco.agent.rt.RT
21:43:49 PIT >> INFO : MINION : Failed to dump JaCoCo execution data: org.jacoco.agent.rt.RT
21:43:49 PIT >> INFO : MINION : Failed to set JaCoCo session: org.jacoco.agent.rt.RT
21:43:49 PIT >> INFO : MINION : Failed to dump JaCoCo execution data: org.jacoco.agent.rt.RT
21:43:49 PIT >> INFO : MINION : Failed to set JaCoCo session: org.jacoco.agent.rt.RT
21:43:49 PIT >> INFO : MINION : Failed to dump JaCoCo execution data: org.jacoco.agent.rt.RT
21:43:49 PIT >> INFO : MINION : Failed to set JaCoCo session: org.jacoco.agent.rt.RT
21:43:49 PIT >> INFO : MINION : Failed to dump JaCoCo execution data: org.jacoco.agent.rt.RT
21:43:49 PIT >> INFO : MINION : Failed to set JaCoCo session: org.jacoco.agent.rt.RT
21:43:49 PIT >> INFO : MINION : Failed to dump JaCoCo execution data: org.jacoco.agent.rt.RT
21:43:49 PIT >> INFO : MINION : Failed to set JaCoCo session: org.jacoco.agent.rt.RT
21:43:49 PIT >> INFO : MINION : Failed to dump JaCoCo execution data: org.jacoco.agent.rt.RT
21:43:49 PIT >> INFO : MINION : Failed to set JaCoCo session: org.jacoco.agent.rt.RT
21:43:49 PIT >> INFO : MINION : Failed to dump JaCoCo execution data: org.jacoco.agent.rt.RT
21:43:49 PIT >> INFO : MINION : Failed to set JaCoCo session: org.jacoco.agent.rt.RT
21:43:49 PIT >> INFO : MINION : Failed to dump JaCoCo execution data: org.jacoco.agent.rt.RT
21:43:49 PIT >> INFO : MINION : Failed to set JaCoCo session: org.jacoco.agent.rt.RT
21:43:49 PIT >> INFO : MINION : Failed to dump JaCoCo execution data: org.jacoco.agent.rt.RT
21:43:49 PIT >> INFO : MINION : Failed to set JaCoCo session: org.jacoco.agent.rt.RT
21:43:49 PIT >> INFO : MINION : Failed to dump JaCoCo execution data: org.jacoco.agent.rt.RT
21:43:49 PIT >> INFO : MINION : Failed to set JaCoCo session: org.jacoco.agent.rt.RT
21:43:49 PIT >> INFO : MINION : Failed to dump JaCoCo execution data: org.jacoco.agent.rt.RT
21:43:49 PIT >> INFO : MINION : Failed to set JaCoCo session: org.jacoco.agent.rt.RT
21:43:49 PIT >> INFO : MINION : Failed to dump JaCoCo execution data: org.jacoco.agent.rt.RT
21:43:49 PIT >> INFO : MINION : Failed to set JaCoCo session: org.jacoco.agent.rt.RT
21:43:49 PIT >> INFO : MINION : Failed to dump JaCoCo execution data: org.jacoco.agent.rt.RT
21:43:49 PIT >> INFO : MINION : Failed to set JaCoCo session: org.jacoco.agent.rt.RT
21:43:49 PIT >> INFO : MINION : Failed to dump JaCoCo execution data: org.jacoco.agent.rt.RT
21:43:49 PIT >> INFO : MINION : Failed to set JaCoCo session: org.jacoco.agent.rt.RT
21:43:49 PIT >> INFO : MINION : Failed to dump JaCoCo execution data: org.jacoco.agent.rt.RT
21:43:49 PIT >> INFO : MINION : Failed to set JaCoCo session: org.jacoco.agent.rt.RT
21:43:49 PIT >> INFO : MINION : Failed to dump JaCoCo execution data: org.jacoco.agent.rt.RT
21:43:49 PIT >> INFO : MINION : Failed to set JaCoCo session: org.jacoco.agent.rt.RT
21:43:49 PIT >> INFO : MINION : Failed to dump JaCoCo execution data: org.jacoco.agent.rt.RT
21:43:49 PIT >> INFO : MINION : Failed to set JaCoCo session: org.jacoco.agent.rt.RT
21:43:49 PIT >> INFO : MINION : Failed to dump JaCoCo execution data: org.jacoco.agent.rt.RT
21:43:49 PIT >> INFO : MINION : Failed to set JaCoCo session: org.jacoco.agent.rt.RT
21:43:49 PIT >> INFO : MINION : Failed to dump JaCoCo execution data: org.jacoco.agent.rt.RT
21:43:49 PIT >> INFO : MINION : Failed to set JaCoCo session: org.jacoco.agent.rt.RT
21:43:49 PIT >> INFO : MINION : Failed to dump JaCoCo execution data: org.jacoco.agent.rt.RT
21:43:49 PIT >> INFO : MINION : Failed to set JaCoCo session: org.jacoco.agent.rt.RT
21:43:49 PIT >> INFO : MINION : Failed to dump JaCoCo execution data: org.jacoco.agent.rt.RT
21:43:49 PIT >> INFO : MINION : Failed to set JaCoCo session: org.jacoco.agent.rt.RT
21:43:49 PIT >> INFO : MINION : Failed to dump JaCoCo execution data: org.jacoco.agent.rt.RT
21:43:49 PIT >> INFO : MINION : Failed to set JaCoCo session: org.jacoco.agent.rt.RT
21:43:49 PIT >> INFO : MINION : Failed to dump JaCoCo execution data: org.jacoco.agent.rt.RT
21:43:49 PIT >> INFO : MINION : Failed to set JaCoCo session: org.jacoco.agent.rt.RT
21:43:50 PIT >> INFO : MINION : Failed to dump JaCoCo execution data: org.jacoco.agent.rt.RT
21:43:50 PIT >> INFO : MINION : Failed to set JaCoCo session: org.jacoco.agent.rt.RT
21:43:50 PIT >> INFO : MINION : Failed to dump JaCoCo execution data: org.jacoco.agent.rt.RT
21:43:50 PIT >> INFO : MINION : Failed to set JaCoCo session: org.jacoco.agent.rt.RT
21:43:50 PIT >> INFO : MINION : Failed to dump JaCoCo execution data: org.jacoco.agent.rt.RT
21:43:50 PIT >> INFO : MINION : Failed to set JaCoCo session: org.jacoco.agent.rt.RT
21:43:50 PIT >> INFO : MINION : Failed to dump JaCoCo execution data: org.jacoco.agent.rt.RT
21:43:50 PIT >> INFO : MINION : Failed to set JaCoCo session: org.jacoco.agent.rt.RT
21:43:50 PIT >> INFO : MINION : Failed to dump JaCoCo execution data: org.jacoco.agent.rt.RT
21:43:50 PIT >> INFO : MINION : Failed to set JaCoCo session: org.jacoco.agent.rt.RT
21:43:50 PIT >> INFO : MINION : Failed to dump JaCoCo execution data: org.jacoco.agent.rt.RT
21:43:50 PIT >> INFO : MINION : Failed to set JaCoCo session: org.jacoco.agent.rt.RT
21:43:50 PIT >> INFO : MINION : Failed to dump JaCoCo execution data: org.jacoco.agent.rt.RT
21:43:50 PIT >> INFO : MINION : Failed to set JaCoCo session: org.jacoco.agent.rt.RT
21:43:50 PIT >> INFO : MINION : Failed to dump JaCoCo execution data: org.jacoco.agent.rt.RT
21:43:50 PIT >> INFO : MINION : Failed to set JaCoCo session: org.jacoco.agent.rt.RT
21:43:50 PIT >> INFO : MINION : Failed to dump JaCoCo execution data: org.jacoco.agent.rt.RT
21:43:50 PIT >> INFO : MINION : Failed to set JaCoCo session: org.jacoco.agent.rt.RT
21:43:50 PIT >> INFO : MINION : Failed to dump JaCoCo execution data: org.jacoco.agent.rt.RT
21:43:50 PIT >> INFO : MINION : Failed to set JaCoCo session: org.jacoco.agent.rt.RT
21:43:50 PIT >> INFO : MINION : Failed to dump JaCoCo execution data: org.jacoco.agent.rt.RT
21:43:50 PIT >> INFO : MINION : Failed to set JaCoCo session: org.jacoco.agent.rt.RT
21:43:50 PIT >> INFO : MINION : Failed to dump JaCoCo execution data: org.jacoco.agent.rt.RT
21:43:50 PIT >> INFO : MINION : Failed to set JaCoCo session: org.jacoco.agent.rt.RT
21:43:50 PIT >> INFO : MINION : Failed to dump JaCoCo execution data: org.jacoco.agent.rt.RT
21:43:50 PIT >> INFO : MINION : Failed to set JaCoCo session: org.jacoco.agent.rt.RT
21:43:50 PIT >> INFO : MINION : Failed to dump JaCoCo execution data: org.jacoco.agent.rt.RT
21:43:50 PIT >> INFO : MINION : Failed to set JaCoCo session: org.jacoco.agent.rt.RT
21:43:50 PIT >> INFO : MINION : Failed to dump JaCoCo execution data: org.jacoco.agent.rt.RT
21:43:50 PIT >> INFO : MINION : Failed to set JaCoCo session: org.jacoco.agent.rt.RT
21:43:50 PIT >> INFO : MINION : Failed to dump JaCoCo execution data: org.jacoco.agent.rt.RT
21:43:50 PIT >> INFO : MINION : Failed to set JaCoCo session: org.jacoco.agent.rt.RT
21:43:50 PIT >> INFO : MINION : Failed to dump JaCoCo execution data: org.jacoco.agent.rt.RT
21:43:50 PIT >> INFO : MINION : Failed to set JaCoCo session: org.jacoco.agent.rt.RT
21:43:50 PIT >> INFO : MINION : Failed to dump JaCoCo execution data: org.jacoco.agent.rt.RT
21:43:50 PIT >> INFO : MINION : Failed to set JaCoCo session: org.jacoco.agent.rt.RT
21:43:50 PIT >> INFO : MINION : Failed to dump JaCoCo execution data: org.jacoco.agent.rt.RT
21:43:50 PIT >> INFO : MINION : Failed to set JaCoCo session: org.jacoco.agent.rt.RT
21:43:50 PIT >> INFO : MINION : Failed to dump JaCoCo execution data: org.jacoco.agent.rt.RT
21:43:50 PIT >> INFO : MINION : Failed to set JaCoCo session: org.jacoco.agent.rt.RT
21:43:50 PIT >> INFO : MINION : Failed to dump JaCoCo execution data: org.jacoco.agent.rt.RT
21:43:50 PIT >> INFO : MINION : Failed to set JaCoCo session: org.jacoco.agent.rt.RT
21:43:50 PIT >> INFO : MINION : Failed to dump JaCoCo execution data: org.jacoco.agent.rt.RT
21:43:50 PIT >> INFO : MINION : Failed to set JaCoCo session: org.jacoco.agent.rt.RT
21:43:50 PIT >> INFO : MINION : Failed to dump JaCoCo execution data: org.jacoco.agent.rt.RT
21:43:50 PIT >> INFO : MINION : Failed to set JaCoCo session: org.jacoco.agent.rt.RT
21:43:50 PIT >> INFO : MINION : Failed to dump JaCoCo execution data: org.jacoco.agent.rt.RT
21:43:50 PIT >> INFO : MINION : Failed to set JaCoCo session: org.jacoco.agent.rt.RT
21:43:50 PIT >> INFO : MINION : Failed to dump JaCoCo execution data: org.jacoco.agent.rt.RT
21:43:50 PIT >> INFO : MINION : Failed to set JaCoCo session: org.jacoco.agent.rt.RT
21:43:50 PIT >> INFO : MINION : Failed to dump JaCoCo execution data: org.jacoco.agent.rt.RT
21:43:50 PIT >> INFO : MINION : Failed to set JaCoCo session: org.jacoco.agent.rt.RT
21:43:50 PIT >> INFO : MINION : Failed to dump JaCoCo execution data: org.jacoco.agent.rt.RT
21:43:50 PIT >> INFO : MINION : Failed to set JaCoCo session: org.jacoco.agent.rt.RT
21:43:50 PIT >> INFO : MINION : Failed to dump JaCoCo execution data: org.jacoco.agent.rt.RT
21:43:50 PIT >> INFO : MINION : Failed to set JaCoCo session: org.jacoco.agent.rt.RT
21:43:50 PIT >> INFO : MINION : Failed to dump JaCoCo execution data: org.jacoco.agent.rt.RT
21:43:50 PIT >> INFO : MINION : Failed to set JaCoCo session: org.jacoco.agent.rt.RT
21:43:50 PIT >> INFO : MINION : Failed to dump JaCoCo execution data: org.jacoco.agent.rt.RT
21:43:50 PIT >> INFO : MINION : Failed to set JaCoCo session: org.jacoco.agent.rt.RT
21:43:50 PIT >> INFO : MINION : Failed to dump JaCoCo execution data: org.jacoco.agent.rt.RT
21:43:50 PIT >> INFO : MINION : Failed to set JaCoCo session: org.jacoco.agent.rt.RT
21:43:50 PIT >> INFO : MINION : Failed to dump JaCoCo execution data: org.jacoco.agent.rt.RT
21:43:50 PIT >> INFO : MINION : Failed to set JaCoCo session: org.jacoco.agent.rt.RT
21:43:50 PIT >> INFO : MINION : Failed to dump JaCoCo execution data: org.jacoco.agent.rt.RT
21:43:50 PIT >> INFO : MINION : Failed to set JaCoCo session: org.jacoco.agent.rt.RT
21:43:50 PIT >> INFO : MINION : Failed to dump JaCoCo execution data: org.jacoco.agent.rt.RT
21:43:50 PIT >> INFO : MINION : Failed to set JaCoCo session: org.jacoco.agent.rt.RT
21:43:50 PIT >> INFO : MINION : Failed to dump JaCoCo execution data: org.jacoco.agent.rt.RT
21:43:50 PIT >> INFO : MINION : Failed to set JaCoCo session: org.jacoco.agent.rt.RT
21:43:50 PIT >> INFO : MINION : Failed to dump JaCoCo execution data: org.jacoco.agent.rt.RT
21:43:50 PIT >> INFO : MINION : Failed to set JaCoCo session: org.jacoco.agent.rt.RT
21:43:50 PIT >> INFO : MINION : Failed to dump JaCoCo execution data: org.jacoco.agent.rt.RT
21:43:50 PIT >> INFO : MINION : Failed to set JaCoCo session: org.jacoco.agent.rt.RT
21:43:50 PIT >> INFO : MINION : Failed to dump JaCoCo execution data: org.jacoco.agent.rt.RT
21:43:50 PIT >> INFO : MINION : Failed to set JaCoCo session: org.jacoco.agent.rt.RT
21:43:50 PIT >> INFO : MINION : Failed to dump JaCoCo execution data: org.jacoco.agent.rt.RT
21:43:50 PIT >> INFO : MINION : Failed to set JaCoCo session: org.jacoco.agent.rt.RT
21:43:50 PIT >> INFO : MINION : Failed to dump JaCoCo execution data: org.jacoco.agent.rt.RT
21:43:50 PIT >> INFO : MINION : Failed to set JaCoCo session: org.jacoco.agent.rt.RT
21:43:50 PIT >> INFO : MINION : Failed to dump JaCoCo execution data: org.jacoco.agent.rt.RT
21:43:50 PIT >> INFO : MINION : Failed to set JaCoCo session: org.jacoco.agent.rt.RT
21:43:50 PIT >> INFO : MINION : Failed to dump JaCoCo execution data: org.jacoco.agent.rt.RT
21:43:50 PIT >> INFO : MINION : Failed to set JaCoCo session: org.jacoco.agent.rt.RT
21:43:50 PIT >> INFO : MINION : Failed to dump JaCoCo execution data: org.jacoco.agent.rt.RT
21:43:50 PIT >> INFO : MINION : Failed to set JaCoCo session: org.jacoco.agent.rt.RT
21:43:50 PIT >> INFO : MINION : Failed to dump JaCoCo execution data: org.jacoco.agent.rt.RT
21:43:50 PIT >> INFO : MINION : Failed to set JaCoCo session: org.jacoco.agent.rt.RT
21:43:50 PIT >> INFO : MINION : Failed to dump JaCoCo execution data: org.jacoco.agent.rt.RT
21:43:50 PIT >> INFO : MINION : Failed to set JaCoCo session: org.jacoco.agent.rt.RT
21:43:50 PIT >> INFO : MINION : Failed to dump JaCoCo execution data: org.jacoco.agent.rt.RT
21:43:50 PIT >> INFO : MINION : Failed to set JaCoCo session: org.jacoco.agent.rt.RT
21:43:50 PIT >> INFO : MINION : Failed to dump JaCoCo execution data: org.jacoco.agent.rt.RT
21:43:50 PIT >> INFO : MINION : Failed to set JaCoCo session: org.jacoco.agent.rt.RT
21:43:50 PIT >> INFO : MINION : Failed to dump JaCoCo execution data: org.jacoco.agent.rt.RT
21:43:50 PIT >> INFO : MINION : Failed to set JaCoCo session: org.jacoco.agent.rt.RT
21:43:50 PIT >> INFO : MINION : Failed to dump JaCoCo execution data: org.jacoco.agent.rt.RT
21:43:50 PIT >> INFO : MINION : Failed to set JaCoCo session: org.jacoco.agent.rt.RT
21:43:50 PIT >> INFO : MINION : Failed to dump JaCoCo execution data: org.jacoco.agent.rt.RT
21:43:50 PIT >> INFO : MINION : Failed to set JaCoCo session: org.jacoco.agent.rt.RT
21:43:50 PIT >> INFO : MINION : Failed to dump JaCoCo execution data: org.jacoco.agent.rt.RT
21:43:50 PIT >> INFO : MINION : Failed to set JaCoCo session: org.jacoco.agent.rt.RT
21:43:50 PIT >> INFO : MINION : Failed to dump JaCoCo execution data: org.jacoco.agent.rt.RT
21:43:50 PIT >> INFO : MINION : Failed to set JaCoCo session: org.jacoco.agent.rt.RT
21:43:50 PIT >> INFO : MINION : Failed to dump JaCoCo execution data: org.jacoco.agent.rt.RT
21:43:50 PIT >> INFO : MINION : Failed to set JaCoCo session: org.jacoco.agent.rt.RT
21:43:50 PIT >> INFO : MINION : Failed to dump JaCoCo execution data: org.jacoco.agent.rt.RT
21:43:50 PIT >> INFO : MINION : Failed to set JaCoCo session: org.jacoco.agent.rt.RT
21:43:50 PIT >> INFO : MINION : Failed to dump JaCoCo execution data: org.jacoco.agent.rt.RT
21:43:50 PIT >> INFO : MINION : Failed to set JaCoCo session: org.jacoco.agent.rt.RT
21:43:50 PIT >> INFO : MINION : Failed to dump JaCoCo execution data: org.jacoco.agent.rt.RT
21:43:50 PIT >> INFO : MINION : Failed to set JaCoCo session: org.jacoco.agent.rt.RT
21:43:50 PIT >> INFO : MINION : Failed to dump JaCoCo execution data: org.jacoco.agent.rt.RT
21:43:50 PIT >> INFO : MINION : Failed to set JaCoCo session: org.jacoco.agent.rt.RT
21:43:50 PIT >> INFO : MINION : Failed to dump JaCoCo execution data: org.jacoco.agent.rt.RT
21:43:50 PIT >> INFO : MINION : Failed to set JaCoCo session: org.jacoco.agent.rt.RT
21:43:50 PIT >> INFO : MINION : Failed to dump JaCoCo execution data: org.jacoco.agent.rt.RT
21:43:50 PIT >> INFO : MINION : Failed to set JaCoCo session: org.jacoco.agent.rt.RT
21:43:50 PIT >> INFO : MINION : Failed to dump JaCoCo execution data: org.jacoco.agent.rt.RT
21:43:50 PIT >> INFO : MINION : Failed to set JaCoCo session: org.jacoco.agent.rt.RT
21:43:50 PIT >> INFO : MINION : Failed to dump JaCoCo execution data: org.jacoco.agent.rt.RT
21:43:50 PIT >> INFO : MINION : Failed to set JaCoCo session: org.jacoco.agent.rt.RT
21:43:50 PIT >> INFO : MINION : Failed to dump JaCoCo execution data: org.jacoco.agent.rt.RT
21:43:50 PIT >> INFO : MINION : Failed to set JaCoCo session: org.jacoco.agent.rt.RT
21:43:50 PIT >> INFO : MINION : Failed to dump JaCoCo execution data: org.jacoco.agent.rt.RT
21:43:50 PIT >> INFO : MINION : Failed to set JaCoCo session: org.jacoco.agent.rt.RT
21:43:50 PIT >> INFO : MINION : Failed to dump JaCoCo execution data: org.jacoco.agent.rt.RT
21:43:50 PIT >> INFO : MINION : Failed to set JaCoCo session: org.jacoco.agent.rt.RT
21:43:50 PIT >> INFO : MINION : Failed to dump JaCoCo execution data: org.jacoco.agent.rt.RT
21:43:50 PIT >> INFO : MINION : Failed to set JaCoCo session: org.jacoco.agent.rt.RT
21:43:50 PIT >> INFO : MINION : Failed to dump JaCoCo execution data: org.jacoco.agent.rt.RT
21:43:50 PIT >> INFO : MINION : Failed to set JaCoCo session: org.jacoco.agent.rt.RT
21:43:50 PIT >> INFO : MINION : Failed to dump JaCoCo execution data: org.jacoco.agent.rt.RT
21:43:50 PIT >> INFO : MINION : Failed to set JaCoCo session: org.jacoco.agent.rt.RT
21:43:50 PIT >> INFO : MINION : Failed to dump JaCoCo execution data: org.jacoco.agent.rt.RT
21:43:50 PIT >> INFO : MINION : Failed to set JaCoCo session: org.jacoco.agent.rt.RT
21:43:50 PIT >> INFO : MINION : Failed to dump JaCoCo execution data: org.jacoco.agent.rt.RT
21:43:50 PIT >> INFO : MINION : Failed to set JaCoCo session: org.jacoco.agent.rt.RT
21:43:50 PIT >> INFO : MINION : Failed to dump JaCoCo execution data: org.jacoco.agent.rt.RT
21:43:50 PIT >> INFO : MINION : Failed to set JaCoCo session: org.jacoco.agent.rt.RT
21:43:50 PIT >> INFO : MINION : Failed to dump JaCoCo execution data: org.jacoco.agent.rt.RT
21:43:50 PIT >> INFO : MINION : Failed to set JaCoCo session: org.jacoco.agent.rt.RT
21:43:50 PIT >> INFO : MINION : Failed to dump JaCoCo execution data: org.jacoco.agent.rt.RT
21:43:50 PIT >> INFO : MINION : Failed to set JaCoCo session: org.jacoco.agent.rt.RT
21:43:50 PIT >> INFO : MINION : Failed to dump JaCoCo execution data: org.jacoco.agent.rt.RT
21:43:50 PIT >> INFO : MINION : Failed to set JaCoCo session: org.jacoco.agent.rt.RT
21:43:50 PIT >> INFO : MINION : Failed to dump JaCoCo execution data: org.jacoco.agent.rt.RT
21:43:50 PIT >> INFO : MINION : Failed to set JaCoCo session: org.jacoco.agent.rt.RT
21:43:50 PIT >> INFO : MINION : Failed to dump JaCoCo execution data: org.jacoco.agent.rt.RT
21:43:50 PIT >> INFO : MINION : Failed to set JaCoCo session: org.jacoco.agent.rt.RT
21:43:50 PIT >> INFO : MINION : Failed to dump JaCoCo execution data: org.jacoco.agent.rt.RT
21:43:50 PIT >> INFO : MINION : Failed to set JaCoCo session: org.jacoco.agent.rt.RT
21:43:50 PIT >> INFO : MINION : Failed to dump JaCoCo execution data: org.jacoco.agent.rt.RT
21:43:50 PIT >> INFO : MINION : Failed to set JaCoCo session: org.jacoco.agent.rt.RT
21:43:50 PIT >> INFO : MINION : Failed to dump JaCoCo execution data: org.jacoco.agent.rt.RT
21:43:50 PIT >> INFO : MINION : Failed to set JaCoCo session: org.jacoco.agent.rt.RT
21:43:50 PIT >> INFO : MINION : Failed to dump JaCoCo execution data: org.jacoco.agent.rt.RT
21:43:50 PIT >> INFO : MINION : Failed to set JaCoCo session: org.jacoco.agent.rt.RT
21:43:50 PIT >> INFO : MINION : Failed to dump JaCoCo execution data: org.jacoco.agent.rt.RT
21:43:50 PIT >> INFO : MINION : Failed to set JaCoCo session: org.jacoco.agent.rt.RT
21:43:50 PIT >> INFO : MINION : Failed to dump JaCoCo execution data: org.jacoco.agent.rt.RT
21:43:50 PIT >> INFO : MINION : Failed to set JaCoCo session: org.jacoco.agent.rt.RT
21:43:50 PIT >> INFO : MINION : Failed to dump JaCoCo execution data: org.jacoco.agent.rt.RT
21:43:50 PIT >> INFO : MINION : Failed to set JaCoCo session: org.jacoco.agent.rt.RT
21:43:50 PIT >> INFO : MINION : Failed to dump JaCoCo execution data: org.jacoco.agent.rt.RT
21:43:50 PIT >> INFO : MINION : Failed to set JaCoCo session: org.jacoco.agent.rt.RT
21:43:50 PIT >> INFO : MINION : Failed to dump JaCoCo execution data: org.jacoco.agent.rt.RT
21:43:50 PIT >> INFO : MINION : Failed to set JaCoCo session: org.jacoco.agent.rt.RT
21:43:50 PIT >> INFO : MINION : Failed to dump JaCoCo execution data: org.jacoco.agent.rt.RT
21:43:50 PIT >> INFO : MINION : Failed to set JaCoCo session: org.jacoco.agent.rt.RT
21:43:50 PIT >> INFO : MINION : Failed to dump JaCoCo execution data: org.jacoco.agent.rt.RT
21:43:50 PIT >> INFO : MINION : Failed to set JaCoCo session: org.jacoco.agent.rt.RT
21:43:50 PIT >> INFO : MINION : Failed to dump JaCoCo execution data: org.jacoco.agent.rt.RT
21:43:50 PIT >> INFO : MINION : Failed to set JaCoCo session: org.jacoco.agent.rt.RT
21:43:50 PIT >> INFO : MINION : Failed to dump JaCoCo execution data: org.jacoco.agent.rt.RT
21:43:50 PIT >> INFO : MINION : Failed to set JaCoCo session: org.jacoco.agent.rt.RT
21:43:50 PIT >> INFO : MINION : Failed to dump JaCoCo execution data: org.jacoco.agent.rt.RT
21:43:50 PIT >> INFO : MINION : Failed to set JaCoCo session: org.jacoco.agent.rt.RT
21:43:50 PIT >> INFO : MINION : Failed to dump JaCoCo execution data: org.jacoco.agent.rt.RT
21:43:50 PIT >> INFO : MINION : Failed to set JaCoCo session: org.jacoco.agent.rt.RT
21:43:50 PIT >> INFO : MINION : Failed to dump JaCoCo execution data: org.jacoco.agent.rt.RT
21:43:50 PIT >> INFO : MINION : Failed to set JaCoCo session: org.jacoco.agent.rt.RT
21:43:50 PIT >> INFO : MINION : Failed to dump JaCoCo execution data: org.jacoco.agent.rt.RT
21:43:50 PIT >> INFO : MINION : Failed to set JaCoCo session: org.jacoco.agent.rt.RT
21:43:50 PIT >> INFO : MINION : Failed to dump JaCoCo execution data: org.jacoco.agent.rt.RT
21:43:50 PIT >> INFO : MINION : Failed to set JaCoCo session: org.jacoco.agent.rt.RT
21:43:50 PIT >> INFO : MINION : Failed to dump JaCoCo execution data: org.jacoco.agent.rt.RT
21:43:50 PIT >> INFO : MINION : Failed to set JaCoCo session: org.jacoco.agent.rt.RT
21:43:50 PIT >> INFO : MINION : Failed to dump JaCoCo execution data: org.jacoco.agent.rt.RT
21:43:50 PIT >> INFO : MINION : Failed to set JaCoCo session: org.jacoco.agent.rt.RT
21:43:50 PIT >> INFO : MINION : Failed to dump JaCoCo execution data: org.jacoco.agent.rt.RT
21:43:50 PIT >> INFO : MINION : Failed to set JaCoCo session: org.jacoco.agent.rt.RT
21:43:50 PIT >> INFO : MINION : Failed to dump JaCoCo execution data: org.jacoco.agent.rt.RT
21:43:50 PIT >> INFO : MINION : Failed to set JaCoCo session: org.jacoco.agent.rt.RT
21:43:50 PIT >> INFO : MINION : Failed to dump JaCoCo execution data: org.jacoco.agent.rt.RT
21:43:50 PIT >> INFO : MINION : Failed to set JaCoCo session: org.jacoco.agent.rt.RT
21:43:50 PIT >> INFO : MINION : Failed to dump JaCoCo execution data: org.jacoco.agent.rt.RT
21:43:50 PIT >> INFO : MINION : Failed to set JaCoCo session: org.jacoco.agent.rt.RT
21:43:50 PIT >> INFO : MINION : Failed to dump JaCoCo execution data: org.jacoco.agent.rt.RT
21:43:50 PIT >> INFO : MINION : Failed to set JaCoCo session: org.jacoco.agent.rt.RT
21:43:50 PIT >> INFO : MINION : Failed to dump JaCoCo execution data: org.jacoco.agent.rt.RT
21:43:50 PIT >> INFO : MINION : Failed to set JaCoCo session: org.jacoco.agent.rt.RT
21:43:50 PIT >> INFO : MINION : Failed to dump JaCoCo execution data: org.jacoco.agent.rt.RT
21:43:50 PIT >> INFO : MINION : Failed to set JaCoCo session: org.jacoco.agent.rt.RT
21:43:50 PIT >> INFO : MINION : Failed to dump JaCoCo execution data: org.jacoco.agent.rt.RT
21:43:50 PIT >> INFO : MINION : Failed to set JaCoCo session: org.jacoco.agent.rt.RT
21:43:50 PIT >> INFO : MINION : Failed to dump JaCoCo execution data: org.jacoco.agent.rt.RT
21:43:50 PIT >> INFO : MINION : Failed to set JaCoCo session: org.jacoco.agent.rt.RT
21:43:50 PIT >> INFO : MINION : Failed to dump JaCoCo execution data: org.jacoco.agent.rt.RT
21:43:50 PIT >> INFO : MINION : Failed to set JaCoCo session: org.jacoco.agent.rt.RT
21:43:50 PIT >> INFO : MINION : Failed to dump JaCoCo execution data: org.jacoco.agent.rt.RT
21:43:50 PIT >> INFO : MINION : Failed to set JaCoCo session: org.jacoco.agent.rt.RT
21:43:50 PIT >> INFO : MINION : Failed to dump JaCoCo execution data: org.jacoco.agent.rt.RT
21:43:50 PIT >> INFO : MINION : Failed to set JaCoCo session: org.jacoco.agent.rt.RT
21:43:50 PIT >> INFO : MINION : Failed to dump JaCoCo execution data: org.jacoco.agent.rt.RT
21:43:50 PIT >> INFO : MINION : Failed to set JaCoCo session: org.jacoco.agent.rt.RT
21:43:50 PIT >> INFO : MINION : Failed to dump JaCoCo execution data: org.jacoco.agent.rt.RT
21:43:50 PIT >> INFO : MINION : Failed to set JaCoCo session: org.jacoco.agent.rt.RT
21:43:50 PIT >> INFO : MINION : Failed to dump JaCoCo execution data: org.jacoco.agent.rt.RT
21:43:50 PIT >> INFO : MINION : Failed to set JaCoCo session: org.jacoco.agent.rt.RT
21:43:50 PIT >> INFO : MINION : Failed to dump JaCoCo execution data: org.jacoco.agent.rt.RT
21:43:50 PIT >> INFO : MINION : Failed to set JaCoCo session: org.jacoco.agent.rt.RT
21:43:50 PIT >> INFO : MINION : Failed to dump JaCoCo execution data: org.jacoco.agent.rt.RT
21:43:50 PIT >> INFO : MINION : Failed to set JaCoCo session: org.jacoco.agent.rt.RT
21:43:50 PIT >> INFO : MINION : Failed to dump JaCoCo execution data: org.jacoco.agent.rt.RT
21:43:50 PIT >> INFO : MINION : Failed to set JaCoCo session: org.jacoco.agent.rt.RT
21:43:50 PIT >> INFO : MINION : Failed to dump JaCoCo execution data: org.jacoco.agent.rt.RT
21:43:50 PIT >> INFO : MINION : Failed to set JaCoCo session: org.jacoco.agent.rt.RT
21:43:50 PIT >> INFO : MINION : Failed to dump JaCoCo execution data: org.jacoco.agent.rt.RT
21:43:50 PIT >> INFO : MINION : Failed to set JaCoCo session: org.jacoco.agent.rt.RT
21:43:50 PIT >> INFO : MINION : Failed to dump JaCoCo execution data: org.jacoco.agent.rt.RT
21:43:50 PIT >> INFO : MINION : Failed to set JaCoCo session: org.jacoco.agent.rt.RT
21:43:50 PIT >> INFO : MINION : Failed to dump JaCoCo execution data: org.jacoco.agent.rt.RT
21:43:50 PIT >> INFO : MINION : Failed to set JaCoCo session: org.jacoco.agent.rt.RT
21:43:50 PIT >> INFO : MINION : Failed to dump JaCoCo execution data: org.jacoco.agent.rt.RT
21:43:50 PIT >> INFO : MINION : Failed to set JaCoCo session: org.jacoco.agent.rt.RT
21:43:50 PIT >> INFO : MINION : Failed to dump JaCoCo execution data: org.jacoco.agent.rt.RT
21:43:50 PIT >> INFO : MINION : Failed to set JaCoCo session: org.jacoco.agent.rt.RT
21:43:50 PIT >> INFO : MINION : Failed to dump JaCoCo execution data: org.jacoco.agent.rt.RT
21:43:50 PIT >> INFO : MINION : Failed to set JaCoCo session: org.jacoco.agent.rt.RT
21:43:50 PIT >> INFO : MINION : Failed to dump JaCoCo execution data: org.jacoco.agent.rt.RT
21:43:50 PIT >> INFO : MINION : Failed to set JaCoCo session: org.jacoco.agent.rt.RT
21:43:50 PIT >> INFO : MINION : Failed to dump JaCoCo execution data: org.jacoco.agent.rt.RT
21:43:50 PIT >> INFO : MINION : Failed to set JaCoCo session: org.jacoco.agent.rt.RT
21:43:50 PIT >> INFO : MINION : Failed to dump JaCoCo execution data: org.jacoco.agent.rt.RT
21:43:50 PIT >> INFO : MINION : Failed to set JaCoCo session: org.jacoco.agent.rt.RT
21:43:50 PIT >> INFO : MINION : Failed to dump JaCoCo execution data: org.jacoco.agent.rt.RT
21:43:50 PIT >> INFO : MINION : Failed to set JaCoCo session: org.jacoco.agent.rt.RT
21:43:50 PIT >> INFO : MINION : Failed to dump JaCoCo execution data: org.jacoco.agent.rt.RT
21:43:50 PIT >> INFO : MINION : Failed to set JaCoCo session: org.jacoco.agent.rt.RT
21:43:50 PIT >> INFO : MINION : Failed to dump JaCoCo execution data: org.jacoco.agent.rt.RT
21:43:50 PIT >> INFO : MINION : Failed to set JaCoCo session: org.jacoco.agent.rt.RT
21:43:50 PIT >> INFO : MINION : Failed to dump JaCoCo execution data: org.jacoco.agent.rt.RT
21:43:50 PIT >> INFO : MINION : Failed to set JaCoCo session: org.jacoco.agent.rt.RT
21:43:50 PIT >> INFO : MINION : Failed to dump JaCoCo execution data: org.jacoco.agent.rt.RT
21:43:50 PIT >> INFO : MINION : Failed to set JaCoCo session: org.jacoco.agent.rt.RT
21:43:50 PIT >> INFO : MINION : Failed to dump JaCoCo execution data: org.jacoco.agent.rt.RT
21:43:50 PIT >> INFO : MINION : Failed to set JaCoCo session: org.jacoco.agent.rt.RT
21:43:50 PIT >> INFO : MINION : Failed to dump JaCoCo execution data: org.jacoco.agent.rt.RT
21:43:50 PIT >> INFO : MINION : Failed to set JaCoCo session: org.jacoco.agent.rt.RT
21:43:50 PIT >> INFO : MINION : Failed to dump JaCoCo execution data: org.jacoco.agent.rt.RT
21:43:50 PIT >> INFO : MINION : Failed to set JaCoCo session: org.jacoco.agent.rt.RT
21:43:50 PIT >> INFO : MINION : Failed to dump JaCoCo execution data: org.jacoco.agent.rt.RT
21:43:50 PIT >> INFO : MINION : Failed to set JaCoCo session: org.jacoco.agent.rt.RT
21:43:50 PIT >> INFO : MINION : Failed to dump JaCoCo execution data: org.jacoco.agent.rt.RT
21:43:50 PIT >> INFO : MINION : Failed to set JaCoCo session: org.jacoco.agent.rt.RT
21:43:50 PIT >> INFO : MINION : Failed to dump JaCoCo execution data: org.jacoco.agent.rt.RT
21:43:50 PIT >> INFO : MINION : Failed to set JaCoCo session: org.jacoco.agent.rt.RT
21:43:50 PIT >> INFO : MINION : Failed to dump JaCoCo execution data: org.jacoco.agent.rt.RT
21:43:50 PIT >> INFO : MINION : Failed to set JaCoCo session: org.jacoco.agent.rt.RT
21:43:50 PIT >> INFO : MINION : Failed to dump JaCoCo execution data: org.jacoco.agent.rt.RT
21:43:50 PIT >> INFO : MINION : Failed to set JaCoCo session: org.jacoco.agent.rt.RT
21:43:50 PIT >> INFO : MINION : Failed to dump JaCoCo execution data: org.jacoco.agent.rt.RT
21:43:50 PIT >> INFO : MINION : Failed to set JaCoCo session: org.jacoco.agent.rt.RT
21:43:50 PIT >> INFO : MINION : Failed to dump JaCoCo execution data: org.jacoco.agent.rt.RT
21:43:50 PIT >> INFO : MINION : Failed to set JaCoCo session: org.jacoco.agent.rt.RT
21:43:50 PIT >> INFO : MINION : Failed to dump JaCoCo execution data: org.jacoco.agent.rt.RT
21:43:50 PIT >> INFO : MINION : Failed to set JaCoCo session: org.jacoco.agent.rt.RT
21:43:50 PIT >> INFO : MINION : Failed to dump JaCoCo execution data: org.jacoco.agent.rt.RT
21:43:50 PIT >> INFO : MINION : Failed to set JaCoCo session: org.jacoco.agent.rt.RT
21:43:50 PIT >> INFO : MINION : Failed to dump JaCoCo execution data: org.jacoco.agent.rt.RT
21:43:50 PIT >> INFO : MINION : Failed to set JaCoCo session: org.jacoco.agent.rt.RT
21:43:50 PIT >> INFO : MINION : Failed to dump JaCoCo execution data: org.jacoco.agent.rt.RT
21:43:50 PIT >> INFO : MINION : Failed to set JaCoCo session: org.jacoco.agent.rt.RT
21:43:50 PIT >> INFO : MINION : Failed to dump JaCoCo execution data: org.jacoco.agent.rt.RT
21:43:50 PIT >> INFO : Calculated coverage in 1 seconds.
21:43:50 PIT >> INFO : Created 1 mutation test units
21:43:53 PIT >> INFO : Completed in 4 seconds
