12:03:33 PIT >> INFO : Project base directory is /Users/D061177/work/issta/quarkus-stp-qualification/subject/independent-projects/arc/tests
12:03:33 PIT >> INFO : ---------------------------------------------------------------------------
12:03:33 PIT >> INFO : Enabled (+) and disabled (-) features.
12:03:33 PIT >> INFO : -----------------------------------------
12:03:33 PIT >> INFO : +auto_assertionsAutomatically add -ea to launch args to enable assertions
12:03:33 PIT >> INFO : +defaultcoverageDefault coverage exporter
12:03:33 PIT >> INFO : +fann           Filters mutations in classes and methods with matching annotations of class or runtime retention
12:03:33 PIT >> INFO :   [annotation]    Annotation to avoid (full package name not required)
12:03:33 PIT >> INFO : +fassert        Filters mutations in compiler generated code for assertions
12:03:33 PIT >> INFO : +fenum          Filters junk mutations in enums
12:03:33 PIT >> INFO : +feswitch       Filters mutations in switch statements on enums
12:03:33 PIT >> INFO : +ffblock        Filters mutations in code duplicated by finally block inlining
12:03:33 PIT >> INFO : +ffeach         Filters mutations in compiler generated code that implements for each loops
12:03:33 PIT >> INFO : +ffloop         Filters any mutations to increments in for loops as they may cause timeouts
12:03:33 PIT >> INFO : +fgroovy        Filters out junk mutations in groovy code
12:03:33 PIT >> INFO : +finfinc        Filters mutations to increments that may cause infinite loops
12:03:33 PIT >> INFO : +finfit         Filters mutations that may cause infinite loops by removing calls to iterator.next
12:03:33 PIT >> INFO : +finull         Filters mutations in compiler generated code that checks for null by calling getClass
12:03:33 PIT >> INFO : +fkotlin        Filters out junk mutations in bytecode created by compiler for kotlin language features
12:03:33 PIT >> INFO : +flogcall       Filters mutations in code that makes calls to logging frameworks
12:03:33 PIT >> INFO : +fmrnull        Filters mutations in compiler generated code that inserts Objects.requireNonNull for method references
12:03:33 PIT >> INFO : +frecord        Filters mutations in compiler generated record code
12:03:33 PIT >> INFO : +fretequiv      Filters return vals mutants with bytecode equivalent to the unmutated class
12:03:33 PIT >> INFO : +fsequivdiv     Filters equivalent mutations of the form x * -1 -> x / -1
12:03:33 PIT >> INFO : +fsequivequals  Filters equivalent mutations that affect only performance in short cutting equals methods
12:03:33 PIT >> INFO : +fstati         Filters mutations in static initializers and code called only from them
12:03:33 PIT >> INFO : +fstrswitch     Filters mutations in compiler generated code for string switch statements
12:03:33 PIT >> INFO : +ftrywr         Filters mutations in code generated for try with resources statements
12:03:33 PIT >> INFO : +lombok         Filters out junk mutations generated by lombok
12:03:33 PIT >> INFO : +macos_focus    Auto add java.awt.headless=true to keep keyboard focus on Mac OS
12:03:33 PIT >> INFO : -auto_threads   Auto set number of threads based on machine
12:03:33 PIT >> INFO : -classlimit     Limits the maximum number of mutations per class
12:03:33 PIT >> INFO :   [limit]         Integer value for maximum mutations to create per class
12:03:33 PIT >> INFO : -export         Exports mutants bytecode and other details to disk
12:03:33 PIT >> INFO : -funmodifiablecollectionFilter mutations to defensive wrappers such as unmodifiableCollection on return or field write
12:03:33 PIT >> INFO : -nofirstline    Filters mutants with line number <= 1
12:03:33 PIT >> INFO : ---------------------------------------------------------------------------
12:03:34 PIT >> FINE : Running report with ReportOptions[mode=NORMAL, targetClasses=[io.quarkus.arc.processor.Annotations], excludedMethods=[], excludedClasses=[], excludedTestClasses=[], codePaths=[/Users/D061177/work/issta/quarkus-stp-qualification/subject/independent-projects/arc/tests/target/classes], reportDir='/Users/D061177/work/issta/quarkus-stp-qualification/subject/independent-projects/arc/tests/target/pit-reports', historyInputLocation=null, historyOutputLocation=null, sourceDirs=[/Users/D061177/work/issta/quarkus-stp-qualification/subject/independent-projects/arc/tests/src/main/java, /Users/D061177/work/issta/quarkus-stp-qualification/subject/independent-projects/arc/tests/../processor/src/main/java, /Users/D061177/work/issta/quarkus-stp-qualification/subject/independent-projects/arc/tests/src/test/java, /Users/D061177/work/issta/quarkus-stp-qualification/subject/independent-projects/arc/tests/src/test/kotlin], classPathElements=[/Users/D061177/work/issta/quarkus-stp-qualification/subject/independent-projects/arc/tests/target/test-classes, /Users/D061177/work/issta/quarkus-stp-qualification/subject/independent-projects/arc/tests/target/classes, /private/tmp/stp-quarkus-m2/io/quarkus/arc/arc/3.40.1/arc-3.40.1.jar, /private/tmp/stp-quarkus-m2/jakarta/enterprise/jakarta.enterprise.cdi-api/4.1.0/jakarta.enterprise.cdi-api-4.1.0.jar, /private/tmp/stp-quarkus-m2/jakarta/enterprise/jakarta.enterprise.lang-model/4.1.0/jakarta.enterprise.lang-model-4.1.0.jar, /private/tmp/stp-quarkus-m2/jakarta/el/jakarta.el-api/6.0.0/jakarta.el-api-6.0.0.jar, /private/tmp/stp-quarkus-m2/jakarta/interceptor/jakarta.interceptor-api/2.2.0/jakarta.interceptor-api-2.2.0.jar, /private/tmp/stp-quarkus-m2/jakarta/inject/jakarta.inject-api/2.0.1/jakarta.inject-api-2.0.1.jar, /private/tmp/stp-quarkus-m2/jakarta/annotation/jakarta.annotation-api/3.0.0/jakarta.annotation-api-3.0.0.jar, /private/tmp/stp-quarkus-m2/jakarta/transaction/jakarta.transaction-api/2.0.1/jakarta.transaction-api-2.0.1.jar, /private/tmp/stp-quarkus-m2/io/smallrye/reactive/mutiny/3.3.0/mutiny-3.3.0.jar, /private/tmp/stp-quarkus-m2/org/jctools/jctools-core/4.0.6/jctools-core-4.0.6.jar, /private/tmp/stp-quarkus-m2/org/jboss/logging/jboss-logging/3.6.3.Final/jboss-logging-3.6.3.Final.jar, /private/tmp/stp-quarkus-m2/io/quarkus/arc/arc-processor/3.40.1/arc-processor-3.40.1.jar, /private/tmp/stp-quarkus-m2/io/smallrye/jandex/3.6.0/jandex-3.6.0.jar, /private/tmp/stp-quarkus-m2/io/smallrye/jandex-gizmo2/3.6.0/jandex-gizmo2-3.6.0.jar, /private/tmp/stp-quarkus-m2/io/smallrye/common/smallrye-common-annotation/2.19.0/smallrye-common-annotation-2.19.0.jar, /private/tmp/stp-quarkus-m2/io/quarkus/gizmo/gizmo/1.10.1/gizmo-1.10.1.jar, /private/tmp/stp-quarkus-m2/org/ow2/asm/asm/9.9.1/asm-9.9.1.jar, /private/tmp/stp-quarkus-m2/org/ow2/asm/asm-util/9.9.1/asm-util-9.9.1.jar, /private/tmp/stp-quarkus-m2/org/ow2/asm/asm-tree/9.9.1/asm-tree-9.9.1.jar, /private/tmp/stp-quarkus-m2/org/ow2/asm/asm-analysis/9.9.1/asm-analysis-9.9.1.jar, /private/tmp/stp-quarkus-m2/io/quarkus/gizmo/gizmo2/2.1.1/gizmo2-2.1.1.jar, /private/tmp/stp-quarkus-m2/io/smallrye/classfile/jdk-classfile-backport/26/jdk-classfile-backport-26.jar, /private/tmp/stp-quarkus-m2/io/smallrye/common/smallrye-common-constraint/2.19.0/smallrye-common-constraint-2.19.0.jar, /private/tmp/stp-quarkus-m2/io/smallrye/common/smallrye-common-resource/2.19.0/smallrye-common-resource-2.19.0.jar, /private/tmp/stp-quarkus-m2/io/smallrye/common/smallrye-common-io/2.19.0/smallrye-common-io-2.19.0.jar, /private/tmp/stp-quarkus-m2/io/smallrye/common/smallrye-common-os/2.19.0/smallrye-common-os-2.19.0.jar, /private/tmp/stp-quarkus-m2/io/smallrye/common/smallrye-common-search/2.19.0/smallrye-common-search-2.19.0.jar, /private/tmp/stp-quarkus-m2/io/smallrye/common/smallrye-common-function/2.19.0/smallrye-common-function-2.19.0.jar, /private/tmp/stp-quarkus-m2/org/junit/jupiter/junit-jupiter/6.1.3/junit-jupiter-6.1.3.jar, /private/tmp/stp-quarkus-m2/org/junit/jupiter/junit-jupiter-api/6.1.3/junit-jupiter-api-6.1.3.jar, /private/tmp/stp-quarkus-m2/org/opentest4j/opentest4j/1.3.0/opentest4j-1.3.0.jar, /private/tmp/stp-quarkus-m2/org/junit/platform/junit-platform-commons/6.1.3/junit-platform-commons-6.1.3.jar, /private/tmp/stp-quarkus-m2/org/apiguardian/apiguardian-api/1.1.2/apiguardian-api-1.1.2.jar, /private/tmp/stp-quarkus-m2/org/jspecify/jspecify/1.0.0/jspecify-1.0.0.jar, /private/tmp/stp-quarkus-m2/org/junit/jupiter/junit-jupiter-params/6.1.3/junit-jupiter-params-6.1.3.jar, /private/tmp/stp-quarkus-m2/org/junit/jupiter/junit-jupiter-engine/6.1.3/junit-jupiter-engine-6.1.3.jar, /private/tmp/stp-quarkus-m2/org/junit/platform/junit-platform-engine/6.1.3/junit-platform-engine-6.1.3.jar, /private/tmp/stp-quarkus-m2/org/mockito/mockito-core/5.21.0/mockito-core-5.21.0.jar, /private/tmp/stp-quarkus-m2/net/bytebuddy/byte-buddy/1.17.7/byte-buddy-1.17.7.jar, /private/tmp/stp-quarkus-m2/net/bytebuddy/byte-buddy-agent/1.17.7/byte-buddy-agent-1.17.7.jar, /private/tmp/stp-quarkus-m2/org/objenesis/objenesis/3.3/objenesis-3.3.jar, /private/tmp/stp-quarkus-m2/jakarta/persistence/jakarta.persistence-api/3.1.0/jakarta.persistence-api-3.1.0.jar, /private/tmp/stp-quarkus-m2/org/assertj/assertj-core/3.27.7/assertj-core-3.27.7.jar, /private/tmp/stp-quarkus-m2/org/vineflower/vineflower/1.12.0/vineflower-1.12.0.jar, /private/tmp/stp-quarkus-m2/org/jetbrains/kotlin/kotlin-stdlib/2.4.10/kotlin-stdlib-2.4.10.jar, /private/tmp/stp-quarkus-m2/org/jetbrains/annotations/13.0/annotations-13.0.jar, /private/tmp/stp-quarkus-m2/org/jetbrains/kotlin/kotlin-test-junit5/2.4.10/kotlin-test-junit5-2.4.10.jar, /private/tmp/stp-quarkus-m2/org/jetbrains/kotlin/kotlin-test/2.4.10/kotlin-test-2.4.10.jar, /private/tmp/stp-quarkus-m2/org/junit/platform/junit-platform-launcher/6.1.3/junit-platform-launcher-6.1.3.jar, /private/tmp/stp-quarkus-m2/org/jetbrains/kotlinx/kotlinx-coroutines-core/1.11.0/kotlinx-coroutines-core-1.11.0.jar, /private/tmp/stp-quarkus-m2/org/jetbrains/kotlinx/kotlinx-coroutines-core-jvm/1.11.0/kotlinx-coroutines-core-jvm-1.11.0.jar, /private/tmp/stp-quarkus-m2/org/pitest/pitest-junit5-plugin/1.2.1/pitest-junit5-plugin-1.2.1.jar, /private/tmp/stp-quarkus-m2/org/pitest/pitest/1.17.4/pitest-1.17.4.jar, /private/tmp/stp-quarkus-m2/org/junit/platform/junit-platform-launcher/1.9.2/junit-platform-launcher-1.9.2.jar, /private/tmp/stp-quarkus-m2/org/junit/platform/junit-platform-engine/1.9.2/junit-platform-engine-1.9.2.jar, /private/tmp/stp-quarkus-m2/org/junit/platform/junit-platform-commons/1.9.2/junit-platform-commons-1.9.2.jar, /Users/D061177/work/issta/quarkus-stp-qualification/subject/independent-projects/arc/tests/../processor/target/classes], mutators=[DEFAULTS], features=[], jvmArgs=[-XX:ActiveProcessorCount=8, -Xmx3g, -Djava.io.tmpdir=/Users/D061177/work/issta/quarkus-stp-qualification/subject/independent-projects/arc/tests/target, -ea, -Djava.awt.headless=true], argLine=-Djava.io.tmpdir="/Users/D061177/work/issta/quarkus-stp-qualification/subject/independent-projects/arc/tests/target", numberOfThreads=8, timeoutFactor=2.0, timeoutConstant=10000, targetTests=[^io\.quarkus\.arc\.test\.bean\.destroy\..*$], loggingClasses=[], verbosity=VERBOSE, failWhenNoMutations=true, skipFailingTests=true, outputs=[XML], groupConfig=TestGroupConfig [excludedGroups=[], includedGroups=[]], fullMutationMatrix=true, mutationUnitSize=0, shouldCreateTimestampedReports=false, detectInlinedCode=true, exportLineCoverage=false, mutationThreshold=0, coverageThreshold=0, testStrengthThreshold=0, mutationEngine='gregor', javaExecutable='null', includeLaunchClasspath=true, properties={}, maxSurvivors=0, excludedRunners=[], includedTestMethods=[], testPlugin='', useClasspathJar=false, projectBase=/Users/D061177/work/issta/quarkus-stp-qualification/subject/independent-projects/arc/tests, inputEncoding=UTF-8, outputEncoding=UTF-8, reportCoverage=true, arcmutateMissing=true]
12:03:34 PIT >> FINE : System class path is /Users/D061177/.m2/wrapper/dists/apache-maven-3.9.16/56ba1f9f/boot/plexus-classworlds-2.11.0.jar
12:03:34 PIT >> FINE : Maximum available memory is 4096 mb
12:03:34 PIT >> INFO : Created 1 mutation test units in pre scan
12:03:34 PIT >> FINE : MINION : Installing PIT agent
12:03:34 PIT >> INFO : Sending 18 test classes to minion
12:03:34 PIT >> INFO : Sent tests to minion
12:03:34 PIT >> INFO : MINION : 12:03:34 PIT >> FINE : Expecting 18 tests classes from parent
12:03:34 PIT >> INFO : MINION : 12:03:34 PIT >> FINE : Tests classes received
12:03:34 PIT >> INFO : MINION : 12:03:34 PIT >> INFO : Checking environment
12:03:34 PIT >> INFO : MINION : 12:03:34 PIT >> FINE : Gathering coverage for test Description [testClass=io.quarkus.arc.test.bean.destroy.BeanPreDestroyErrorTest, name=[engine:junit-jupiter]/[class:io.quarkus.arc.test.bean.destroy.BeanPreDestroyErrorTest]/[method:testErrorSwallowedWithLowLevelApi()]]
12:03:35 PIT >> INFO : MINION : Oct 02, 2026 12:03:35 PM io.quarkus.arc.test.bean.destroy.BeanPreDestroyErrorTest$DestroyBean_Bean destroy
12:03:35 PIT >> INFO : MINION : ERROR: Error occurred while destroying instance of CLASS bean [types=[io.quarkus.arc.test.bean.destroy.BeanPreDestroyErrorTest$DestroyBean, java.lang.Object], qualifiers=[@Any, @Default], target=io.quarkus.arc.test.bean.destroy.BeanPreDestroyErrorTest$DestroyBean]: java.lang.IllegalStateException
12:03:35 PIT >> INFO : MINION : Oct 02, 2026 12:03:35 PM io.quarkus.arc.test.bean.destroy.BeanPreDestroyErrorTest$DestroyProducerBean_ProducerMethod_produce_fZZvMyiJoRwWN5aR-68TTN81ggc_Bean destroy
12:03:35 PIT >> INFO : MINION : ERROR: Error occurred while destroying instance of PRODUCER METHOD bean [types=[java.io.Serializable, java.lang.Comparable<java.math.BigDecimal>, java.lang.Number, java.lang.Object, java.math.BigDecimal], qualifiers=[@Any, @Default], target=java.math.BigDecimal produce(), declaringBean=io.quarkus.arc.test.bean.destroy.BeanPreDestroyErrorTest$DestroyProducerBean]: java.lang.IllegalStateException
12:03:35 PIT >> INFO : MINION : 12:03:35 PIT >> FINE : Gathering coverage for test Description [testClass=io.quarkus.arc.test.bean.destroy.BeanPreDestroyErrorTest, name=[engine:junit-jupiter]/[class:io.quarkus.arc.test.bean.destroy.BeanPreDestroyErrorTest]/[method:testErrorSwallowed()]]
12:03:35 PIT >> INFO : MINION : Oct 02, 2026 12:03:35 PM io.quarkus.arc.test.bean.destroy.BeanPreDestroyErrorTest$DestroyBean_Bean destroy
12:03:35 PIT >> INFO : MINION : ERROR: Error occurred while destroying instance of CLASS bean [types=[io.quarkus.arc.test.bean.destroy.BeanPreDestroyErrorTest$DestroyBean, java.lang.Object], qualifiers=[@Any, @Default], target=io.quarkus.arc.test.bean.destroy.BeanPreDestroyErrorTest$DestroyBean]: java.lang.IllegalStateException
12:03:35 PIT >> INFO : MINION : Oct 02, 2026 12:03:35 PM io.quarkus.arc.test.bean.destroy.BeanPreDestroyErrorTest$DestroyProducerBean_ProducerMethod_produce_fZZvMyiJoRwWN5aR-68TTN81ggc_Bean destroy
12:03:35 PIT >> INFO : MINION : ERROR: Error occurred while destroying instance of PRODUCER METHOD bean [types=[java.io.Serializable, java.lang.Comparable<java.math.BigDecimal>, java.lang.Number, java.lang.Object, java.math.BigDecimal], qualifiers=[@Any, @Default], target=java.math.BigDecimal produce(), declaringBean=io.quarkus.arc.test.bean.destroy.BeanPreDestroyErrorTest$DestroyProducerBean]: java.lang.IllegalStateException
12:03:35 PIT >> INFO : MINION : 12:03:35 PIT >> FINE : Gathering coverage for test Description [testClass=io.quarkus.arc.test.bean.destroy.DependentPreDestroyOnlyCalledOnceTest, name=[engine:junit-jupiter]/[class:io.quarkus.arc.test.bean.destroy.DependentPreDestroyOnlyCalledOnceTest]/[method:preDestroyOnBeanAndInterceptor()]]
12:03:36 PIT >> INFO : MINION : 12:03:36 PIT >> FINE : Gathering coverage for test Description [testClass=io.quarkus.arc.test.bean.destroy.DependentPreDestroyOnlyCalledOnceTest, name=[engine:junit-jupiter]/[class:io.quarkus.arc.test.bean.destroy.DependentPreDestroyOnlyCalledOnceTest]/[method:preDestroyOnBeanOnly()]]
12:03:36 PIT >> FINE : MINION : java.lang.IncompatibleClassChangeError: io.quarkus.arc.test.bean.destroy.DependentPreDestroyOnlyCalledOnceTest$MyInterceptedBean_Bean and io.quarkus.arc.test.bean.destroy.DependentPreDestroyOnlyCalledOnceTest$MyInterceptedBean_Bean$0 disagree on InnerClasses attribute
12:03:36 PIT >> FINE : MINION : 	at java.base/java.lang.Class.getDeclaringClass0(Native Method)
12:03:36 PIT >> FINE : MINION : 	at java.base/java.lang.Class.getEnclosingClass(Class.java:1743)
12:03:36 PIT >> FINE : MINION : 	at org.pitest.junit5.JUnit5TestUnitFinder.findTestUnits(JUnit5TestUnitFinder.java:63)
12:03:36 PIT >> FINE : MINION : 	at org.pitest.mutationtest.config.PrioritisingTestUnitFinder.findTestUnits(PrioritisingTestUnitFinder.java:20)
12:03:36 PIT >> FINE : MINION : 	at org.pitest.testapi.execute.FindTestUnits.findTestUnits(FindTestUnits.java:64)
12:03:36 PIT >> FINE : MINION : 	at org.pitest.testapi.execute.FindTestUnits.getTestUnits(FindTestUnits.java:47)
12:03:36 PIT >> FINE : MINION : 	at org.pitest.testapi.execute.FindTestUnits.findTestUnitsForAllSuppliedClasses(FindTestUnits.java:36)
12:03:36 PIT >> FINE : MINION : 	at org.pitest.coverage.execute.CoverageMinion.discoverTests(CoverageMinion.java:168)
12:03:36 PIT >> FINE : MINION : 	at org.pitest.coverage.execute.CoverageMinion.getTestsFromParent(CoverageMinion.java:154)
12:03:36 PIT >> FINE : MINION : 	at org.pitest.coverage.execute.CoverageMinion.main(CoverageMinion.java:82)
12:03:36 PIT >> INFO : MINION : 12:03:36 PIT >> SEVERE : Error calculating coverage. Process will exit.
12:03:36 PIT >> INFO : MINION : java.lang.IncompatibleClassChangeError: io.quarkus.arc.test.bean.destroy.DependentPreDestroyOnlyCalledOnceTest$MyInterceptedBean_Bean and io.quarkus.arc.test.bean.destroy.DependentPreDestroyOnlyCalledOnceTest$MyInterceptedBean_Bean$0 disagree on InnerClasses attribute
12:03:36 PIT >> INFO : MINION : 	at java.base/java.lang.Class.getDeclaringClass0(Native Method)
12:03:36 PIT >> INFO : MINION : 	at java.base/java.lang.Class.getEnclosingClass(Class.java:1743)
12:03:36 PIT >> INFO : MINION : 	at org.pitest.junit5.JUnit5TestUnitFinder.findTestUnits(JUnit5TestUnitFinder.java:63)
12:03:36 PIT >> INFO : MINION : 	at org.pitest.mutationtest.config.PrioritisingTestUnitFinder.findTestUnits(PrioritisingTestUnitFinder.java:20)
12:03:36 PIT >> INFO : MINION : 	at org.pitest.testapi.execute.FindTestUnits.findTestUnits(FindTestUnits.java:64)
12:03:36 PIT >> INFO : MINION : 	at org.pitest.testapi.execute.FindTestUnits.getTestUnits(FindTestUnits.java:47)
12:03:36 PIT >> INFO : MINION : 	at org.pitest.testapi.execute.FindTestUnits.findTestUnitsForAllSuppliedClasses(FindTestUnits.java:36)
12:03:36 PIT >> INFO : MINION : 	at org.pitest.coverage.execute.CoverageMinion.discoverTests(CoverageMinion.java:168)
12:03:36 PIT >> INFO : MINION : 	at org.pitest.coverage.execute.CoverageMinion.getTestsFromParent(CoverageMinion.java:154)
12:03:36 PIT >> INFO : MINION : 	at org.pitest.coverage.execute.CoverageMinion.main(CoverageMinion.java:82)
12:03:36 PIT >> SEVERE : Coverage generator Minion exited abnormally due to UNKNOWN_ERROR
