23:15:13 PIT >> INFO : Verbose logging is disabled. If you encounter a problem, please enable it before reporting an issue.
23:15:13 PIT >> INFO : Created 1 mutation test units in pre scan
23:15:13 PIT >> INFO : MINION : WARNING: Unknown module: org.jgrapht.core specified to --add-opens
23:15:13 PIT >> INFO : MINION : WARNING: Unknown module: org.jgrapht.core specified to --add-opens
23:15:13 PIT >> INFO : MINION : WARNING: Unknown module: org.jgrapht.core specified to --add-opens
23:15:13 PIT >> INFO : MINION : WARNING: Unknown module: org.jgrapht.core specified to --add-opens
23:15:13 PIT >> INFO : MINION : WARNING: Unknown module: org.jgrapht.core specified to --add-opens
23:15:13 PIT >> INFO : MINION : WARNING: Unknown module: org.jgrapht.core specified to --add-opens
23:15:13 PIT >> INFO : MINION : WARNING: Unknown module: org.jgrapht.core specified to --add-opens
23:15:13 PIT >> INFO : MINION : WARNING: Unknown module: org.jgrapht.core specified to --add-opens
23:15:13 PIT >> INFO : MINION : WARNING: Unknown module: org.jgrapht.core specified to --add-opens
23:15:13 PIT >> INFO : MINION : WARNING: Unknown module: org.jgrapht.core specified to --add-opens
23:15:13 PIT >> INFO : MINION : WARNING: Unknown module: org.jgrapht.core specified to --add-opens
23:15:13 PIT >> INFO : MINION : WARNING: Unknown module: org.jgrapht.core specified to --add-opens
23:15:13 PIT >> INFO : MINION : WARNING: Unknown module: org.jgrapht.core specified to --add-opens
23:15:13 PIT >> INFO : MINION : WARNING: Unknown module: org.jgrapht.core specified to --add-opens
23:15:13 PIT >> INFO : MINION : WARNING: Unknown module: org.jgrapht.core specified to --add-opens
23:15:13 PIT >> INFO : MINION : WARNING: Unknown module: org.jgrapht.core specified to --add-opens
23:15:13 PIT >> INFO : MINION : WARNING: Unknown module: org.jgrapht.core specified to --add-opens
23:15:13 PIT >> INFO : MINION : WARNING: Unknown module: org.jgrapht.core specified to --add-opens
23:15:13 PIT >> INFO : MINION : WARNING: Unknown module: org.jgrapht.core specified to --add-opens
23:15:13 PIT >> INFO : MINION : WARNING: Unknown module: org.jgrapht.core specified to --add-opens
23:15:13 PIT >> INFO : MINION : WARNING: Unknown module: org.jgrapht.core specified to --add-opens
23:15:13 PIT >> INFO : MINION : WARNING: Unknown module: org.jgrapht.core specified to --add-opens
23:15:13 PIT >> INFO : MINION : WARNING: Unknown module: org.jgrapht.core specified to --add-opens
23:15:13 PIT >> INFO : MINION : WARNING: Unknown module: org.jgrapht.core specified to --add-opens
23:15:13 PIT >> INFO : MINION : WARNING: Unknown module: org.jgrapht.core specified to --add-opens
23:15:13 PIT >> INFO : MINION : WARNING: Unknown module: org.jgrapht.core specified to --add-opens
23:15:13 PIT >> INFO : MINION : WARNING: Unknown module: org.jgrapht.core specified to --add-opens
23:15:13 PIT >> INFO : MINION : WARNING: Unknown module: org.jgrapht.core specified to --add-opens
23:15:13 PIT >> INFO : MINION : WARNING: Unknown module: org.jgrapht.core specified to --add-opens
23:15:13 PIT >> INFO : MINION : WARNING: Unknown module: org.jgrapht.core specified to --add-opens
23:15:13 PIT >> INFO : Sending 31 test classes to minion
23:15:13 PIT >> INFO : Sent tests to minion
23:15:15 PIT >> INFO : Calculated coverage in 2 seconds.
23:15:15 PIT >> INFO : Created 1 mutation test units
23:15:32 PIT >> WARNING : Minion exited abnormally due to TIMED_OUT
23:15:46 PIT >> WARNING : Minion exited abnormally due to TIMED_OUT
23:16:05 PIT >> WARNING : Minion exited abnormally due to TIMED_OUT
23:16:23 PIT >> WARNING : Minion exited abnormally due to TIMED_OUT
23:16:49 PIT >> WARNING : Minion exited abnormally due to TIMED_OUT
23:17:01 PIT >> WARNING : Minion exited abnormally due to TIMED_OUT
23:17:20 PIT >> WARNING : Minion exited abnormally due to TIMED_OUT
23:17:32 PIT >> WARNING : Minion exited abnormally due to TIMED_OUT
23:17:47 PIT >> WARNING : Minion exited abnormally due to TIMED_OUT
23:18:03 PIT >> WARNING : Minion exited abnormally due to TIMED_OUT
23:18:19 PIT >> WARNING : Minion exited abnormally due to TIMED_OUT
23:18:35 PIT >> WARNING : Minion exited abnormally due to TIMED_OUT
23:18:41 PIT >> INFO : Completed in 207 seconds
