13:03:44 PIT >> INFO : Verbose logging is disabled. If you encounter a problem, please enable it before reporting an issue.
13:03:44 PIT >> INFO : Created 1 mutation test units in pre scan
13:03:44 PIT >> INFO : MINION : WARNING: Unknown module: org.jgrapht.core specified to --add-opens
13:03:44 PIT >> INFO : MINION : WARNING: Unknown module: org.jgrapht.core specified to --add-opens
13:03:44 PIT >> INFO : MINION : WARNING: Unknown module: org.jgrapht.core specified to --add-opens
13:03:44 PIT >> INFO : MINION : WARNING: Unknown module: org.jgrapht.core specified to --add-opens
13:03:44 PIT >> INFO : MINION : WARNING: Unknown module: org.jgrapht.core specified to --add-opens
13:03:44 PIT >> INFO : MINION : WARNING: Unknown module: org.jgrapht.core specified to --add-opens
13:03:44 PIT >> INFO : MINION : WARNING: Unknown module: org.jgrapht.core specified to --add-opens
13:03:44 PIT >> INFO : MINION : WARNING: Unknown module: org.jgrapht.core specified to --add-opens
13:03:44 PIT >> INFO : MINION : WARNING: Unknown module: org.jgrapht.core specified to --add-opens
13:03:44 PIT >> INFO : MINION : WARNING: Unknown module: org.jgrapht.core specified to --add-opens
13:03:44 PIT >> INFO : MINION : WARNING: Unknown module: org.jgrapht.core specified to --add-opens
13:03:44 PIT >> INFO : MINION : WARNING: Unknown module: org.jgrapht.core specified to --add-opens
13:03:44 PIT >> INFO : MINION : WARNING: Unknown module: org.jgrapht.core specified to --add-opens
13:03:44 PIT >> INFO : MINION : WARNING: Unknown module: org.jgrapht.core specified to --add-opens
13:03:44 PIT >> INFO : MINION : WARNING: Unknown module: org.jgrapht.core specified to --add-opens
13:03:44 PIT >> INFO : MINION : WARNING: Unknown module: org.jgrapht.core specified to --add-opens
13:03:44 PIT >> INFO : MINION : WARNING: Unknown module: org.jgrapht.core specified to --add-opens
13:03:44 PIT >> INFO : MINION : WARNING: Unknown module: org.jgrapht.core specified to --add-opens
13:03:44 PIT >> INFO : MINION : WARNING: Unknown module: org.jgrapht.core specified to --add-opens
13:03:44 PIT >> INFO : MINION : WARNING: Unknown module: org.jgrapht.core specified to --add-opens
13:03:44 PIT >> INFO : MINION : WARNING: Unknown module: org.jgrapht.core specified to --add-opens
13:03:44 PIT >> INFO : MINION : WARNING: Unknown module: org.jgrapht.core specified to --add-opens
13:03:44 PIT >> INFO : MINION : WARNING: Unknown module: org.jgrapht.core specified to --add-opens
13:03:44 PIT >> INFO : MINION : WARNING: Unknown module: org.jgrapht.core specified to --add-opens
13:03:44 PIT >> INFO : MINION : WARNING: Unknown module: org.jgrapht.core specified to --add-opens
13:03:44 PIT >> INFO : MINION : WARNING: Unknown module: org.jgrapht.core specified to --add-opens
13:03:44 PIT >> INFO : MINION : WARNING: Unknown module: org.jgrapht.core specified to --add-opens
13:03:44 PIT >> INFO : MINION : WARNING: Unknown module: org.jgrapht.core specified to --add-opens
13:03:44 PIT >> INFO : MINION : WARNING: Unknown module: org.jgrapht.core specified to --add-opens
13:03:44 PIT >> INFO : MINION : WARNING: Unknown module: org.jgrapht.core specified to --add-opens
13:03:44 PIT >> INFO : Sending 3 test classes to minion
13:03:44 PIT >> INFO : Sent tests to minion
13:03:46 PIT >> INFO : Calculated coverage in 2 seconds.
13:03:46 PIT >> INFO : Created 1 mutation test units
13:03:49 PIT >> INFO : Completed in 5 seconds
