23:48:10 PIT >> INFO : Verbose logging is disabled. If you encounter a problem, please enable it before reporting an issue.
23:48:10 PIT >> INFO : Created 1 mutation test units in pre scan
23:48:10 PIT >> INFO : MINION : WARNING: Unknown module: org.jgrapht.core specified to --add-opens
23:48:10 PIT >> INFO : MINION : WARNING: Unknown module: org.jgrapht.core specified to --add-opens
23:48:10 PIT >> INFO : MINION : WARNING: Unknown module: org.jgrapht.core specified to --add-opens
23:48:10 PIT >> INFO : MINION : WARNING: Unknown module: org.jgrapht.core specified to --add-opens
23:48:10 PIT >> INFO : MINION : WARNING: Unknown module: org.jgrapht.core specified to --add-opens
23:48:10 PIT >> INFO : MINION : WARNING: Unknown module: org.jgrapht.core specified to --add-opens
23:48:10 PIT >> INFO : MINION : WARNING: Unknown module: org.jgrapht.core specified to --add-opens
23:48:10 PIT >> INFO : MINION : WARNING: Unknown module: org.jgrapht.core specified to --add-opens
23:48:10 PIT >> INFO : MINION : WARNING: Unknown module: org.jgrapht.core specified to --add-opens
23:48:10 PIT >> INFO : MINION : WARNING: Unknown module: org.jgrapht.core specified to --add-opens
23:48:10 PIT >> INFO : MINION : WARNING: Unknown module: org.jgrapht.core specified to --add-opens
23:48:10 PIT >> INFO : MINION : WARNING: Unknown module: org.jgrapht.core specified to --add-opens
23:48:10 PIT >> INFO : MINION : WARNING: Unknown module: org.jgrapht.core specified to --add-opens
23:48:10 PIT >> INFO : MINION : WARNING: Unknown module: org.jgrapht.core specified to --add-opens
23:48:10 PIT >> INFO : MINION : WARNING: Unknown module: org.jgrapht.core specified to --add-opens
23:48:10 PIT >> INFO : MINION : WARNING: Unknown module: org.jgrapht.core specified to --add-opens
23:48:10 PIT >> INFO : MINION : WARNING: Unknown module: org.jgrapht.core specified to --add-opens
23:48:10 PIT >> INFO : MINION : WARNING: Unknown module: org.jgrapht.core specified to --add-opens
23:48:10 PIT >> INFO : MINION : WARNING: Unknown module: org.jgrapht.core specified to --add-opens
23:48:10 PIT >> INFO : MINION : WARNING: Unknown module: org.jgrapht.core specified to --add-opens
23:48:10 PIT >> INFO : MINION : WARNING: Unknown module: org.jgrapht.core specified to --add-opens
23:48:10 PIT >> INFO : MINION : WARNING: Unknown module: org.jgrapht.core specified to --add-opens
23:48:10 PIT >> INFO : MINION : WARNING: Unknown module: org.jgrapht.core specified to --add-opens
23:48:10 PIT >> INFO : MINION : WARNING: Unknown module: org.jgrapht.core specified to --add-opens
23:48:10 PIT >> INFO : MINION : WARNING: Unknown module: org.jgrapht.core specified to --add-opens
23:48:10 PIT >> INFO : MINION : WARNING: Unknown module: org.jgrapht.core specified to --add-opens
23:48:10 PIT >> INFO : MINION : WARNING: Unknown module: org.jgrapht.core specified to --add-opens
23:48:10 PIT >> INFO : MINION : WARNING: Unknown module: org.jgrapht.core specified to --add-opens
23:48:10 PIT >> INFO : MINION : WARNING: Unknown module: org.jgrapht.core specified to --add-opens
23:48:10 PIT >> INFO : MINION : WARNING: Unknown module: org.jgrapht.core specified to --add-opens
23:48:11 PIT >> INFO : Sending 19 test classes to minion
23:48:11 PIT >> INFO : Sent tests to minion
23:48:25 PIT >> INFO : Calculated coverage in 14 seconds.
23:48:25 PIT >> INFO : Created 1 mutation test units
23:48:49 PIT >> WARNING : Minion exited abnormally due to TIMED_OUT
23:50:01 PIT >> WARNING : Minion exited abnormally due to TIMED_OUT
23:51:32 PIT >> WARNING : Minion exited abnormally due to TIMED_OUT
23:52:35 PIT >> WARNING : Minion exited abnormally due to TIMED_OUT
23:53:35 PIT >> WARNING : Minion exited abnormally due to TIMED_OUT
23:54:09 PIT >> WARNING : Minion exited abnormally due to TIMED_OUT
23:54:33 PIT >> WARNING : Minion exited abnormally due to TIMED_OUT
23:54:57 PIT >> WARNING : Minion exited abnormally due to TIMED_OUT
23:55:21 PIT >> WARNING : Minion exited abnormally due to TIMED_OUT
23:56:14 PIT >> WARNING : Minion exited abnormally due to TIMED_OUT
23:57:01 PIT >> WARNING : Minion exited abnormally due to TIMED_OUT
23:57:13 PIT >> INFO : Completed in 543 seconds
