23:57:33 PIT >> INFO : Verbose logging is disabled. If you encounter a problem, please enable it before reporting an issue.
23:57:33 PIT >> INFO : Created 1 mutation test units in pre scan
23:57:34 PIT >> INFO : MINION : WARNING: Unknown module: org.jgrapht.core specified to --add-opens
23:57:34 PIT >> INFO : MINION : WARNING: Unknown module: org.jgrapht.core specified to --add-opens
23:57:34 PIT >> INFO : MINION : WARNING: Unknown module: org.jgrapht.core specified to --add-opens
23:57:34 PIT >> INFO : MINION : WARNING: Unknown module: org.jgrapht.core specified to --add-opens
23:57:34 PIT >> INFO : MINION : WARNING: Unknown module: org.jgrapht.core specified to --add-opens
23:57:34 PIT >> INFO : MINION : WARNING: Unknown module: org.jgrapht.core specified to --add-opens
23:57:34 PIT >> INFO : MINION : WARNING: Unknown module: org.jgrapht.core specified to --add-opens
23:57:34 PIT >> INFO : MINION : WARNING: Unknown module: org.jgrapht.core specified to --add-opens
23:57:34 PIT >> INFO : MINION : WARNING: Unknown module: org.jgrapht.core specified to --add-opens
23:57:34 PIT >> INFO : MINION : WARNING: Unknown module: org.jgrapht.core specified to --add-opens
23:57:34 PIT >> INFO : MINION : WARNING: Unknown module: org.jgrapht.core specified to --add-opens
23:57:34 PIT >> INFO : MINION : WARNING: Unknown module: org.jgrapht.core specified to --add-opens
23:57:34 PIT >> INFO : MINION : WARNING: Unknown module: org.jgrapht.core specified to --add-opens
23:57:34 PIT >> INFO : MINION : WARNING: Unknown module: org.jgrapht.core specified to --add-opens
23:57:34 PIT >> INFO : MINION : WARNING: Unknown module: org.jgrapht.core specified to --add-opens
23:57:34 PIT >> INFO : MINION : WARNING: Unknown module: org.jgrapht.core specified to --add-opens
23:57:34 PIT >> INFO : MINION : WARNING: Unknown module: org.jgrapht.core specified to --add-opens
23:57:34 PIT >> INFO : MINION : WARNING: Unknown module: org.jgrapht.core specified to --add-opens
23:57:34 PIT >> INFO : MINION : WARNING: Unknown module: org.jgrapht.core specified to --add-opens
23:57:34 PIT >> INFO : MINION : WARNING: Unknown module: org.jgrapht.core specified to --add-opens
23:57:34 PIT >> INFO : MINION : WARNING: Unknown module: org.jgrapht.core specified to --add-opens
23:57:34 PIT >> INFO : MINION : WARNING: Unknown module: org.jgrapht.core specified to --add-opens
23:57:34 PIT >> INFO : MINION : WARNING: Unknown module: org.jgrapht.core specified to --add-opens
23:57:34 PIT >> INFO : MINION : WARNING: Unknown module: org.jgrapht.core specified to --add-opens
23:57:34 PIT >> INFO : MINION : WARNING: Unknown module: org.jgrapht.core specified to --add-opens
23:57:34 PIT >> INFO : MINION : WARNING: Unknown module: org.jgrapht.core specified to --add-opens
23:57:34 PIT >> INFO : MINION : WARNING: Unknown module: org.jgrapht.core specified to --add-opens
23:57:34 PIT >> INFO : MINION : WARNING: Unknown module: org.jgrapht.core specified to --add-opens
23:57:34 PIT >> INFO : MINION : WARNING: Unknown module: org.jgrapht.core specified to --add-opens
23:57:34 PIT >> INFO : MINION : WARNING: Unknown module: org.jgrapht.core specified to --add-opens
23:57:34 PIT >> INFO : Sending 17 test classes to minion
23:57:34 PIT >> INFO : Sent tests to minion
23:57:34 PIT >> INFO : Calculated coverage in 0 seconds.
23:57:34 PIT >> INFO : Created 1 mutation test units
23:57:36 PIT >> INFO : Completed in 3 seconds
