00:02:09 PIT >> INFO : Verbose logging is disabled. If you encounter a problem, please enable it before reporting an issue.
00:02:09 PIT >> INFO : Created 1 mutation test units in pre scan
00:02:09 PIT >> INFO : Sending 20 test classes to minion
00:02:09 PIT >> INFO : Sent tests to minion
00:02:10 PIT >> INFO : MINION : Failed to set JaCoCo session: org.jacoco.agent.rt.RT
00:02:10 PIT >> INFO : MINION : Failed to dump JaCoCo execution data: org.jacoco.agent.rt.RT
00:02:10 PIT >> INFO : MINION : Failed to set JaCoCo session: org.jacoco.agent.rt.RT
00:02:10 PIT >> INFO : MINION : Failed to dump JaCoCo execution data: org.jacoco.agent.rt.RT
00:02:10 PIT >> INFO : MINION : Failed to set JaCoCo session: org.jacoco.agent.rt.RT
00:02:10 PIT >> INFO : MINION : Failed to dump JaCoCo execution data: org.jacoco.agent.rt.RT
00:02:10 PIT >> INFO : MINION : Failed to set JaCoCo session: org.jacoco.agent.rt.RT
00:02:10 PIT >> INFO : MINION : Failed to dump JaCoCo execution data: org.jacoco.agent.rt.RT
00:02:10 PIT >> INFO : MINION : Failed to set JaCoCo session: org.jacoco.agent.rt.RT
00:02:10 PIT >> INFO : MINION : Failed to dump JaCoCo execution data: org.jacoco.agent.rt.RT
00:02:10 PIT >> INFO : MINION : Failed to set JaCoCo session: org.jacoco.agent.rt.RT
00:02:10 PIT >> INFO : MINION : Failed to dump JaCoCo execution data: org.jacoco.agent.rt.RT
00:02:10 PIT >> INFO : MINION : Failed to set JaCoCo session: org.jacoco.agent.rt.RT
00:02:10 PIT >> INFO : MINION : Failed to dump JaCoCo execution data: org.jacoco.agent.rt.RT
00:02:10 PIT >> INFO : MINION : Failed to set JaCoCo session: org.jacoco.agent.rt.RT
00:02:10 PIT >> INFO : MINION : Failed to dump JaCoCo execution data: org.jacoco.agent.rt.RT
00:02:10 PIT >> INFO : MINION : Failed to set JaCoCo session: org.jacoco.agent.rt.RT
00:02:10 PIT >> INFO : MINION : Failed to dump JaCoCo execution data: org.jacoco.agent.rt.RT
00:02:10 PIT >> INFO : MINION : Failed to set JaCoCo session: org.jacoco.agent.rt.RT
00:02:10 PIT >> INFO : MINION : Failed to dump JaCoCo execution data: org.jacoco.agent.rt.RT
00:02:10 PIT >> INFO : MINION : Failed to set JaCoCo session: org.jacoco.agent.rt.RT
00:02:10 PIT >> INFO : MINION : Failed to dump JaCoCo execution data: org.jacoco.agent.rt.RT
00:02:10 PIT >> INFO : MINION : Failed to set JaCoCo session: org.jacoco.agent.rt.RT
00:02:10 PIT >> INFO : MINION : Failed to dump JaCoCo execution data: org.jacoco.agent.rt.RT
00:02:10 PIT >> INFO : MINION : Failed to set JaCoCo session: org.jacoco.agent.rt.RT
00:02:10 PIT >> INFO : MINION : Failed to dump JaCoCo execution data: org.jacoco.agent.rt.RT
00:02:10 PIT >> INFO : MINION : Failed to set JaCoCo session: org.jacoco.agent.rt.RT
00:02:10 PIT >> INFO : MINION : Failed to dump JaCoCo execution data: org.jacoco.agent.rt.RT
00:02:10 PIT >> INFO : MINION : Failed to set JaCoCo session: org.jacoco.agent.rt.RT
00:02:10 PIT >> INFO : MINION : Failed to dump JaCoCo execution data: org.jacoco.agent.rt.RT
00:02:10 PIT >> INFO : MINION : Failed to set JaCoCo session: org.jacoco.agent.rt.RT
00:02:10 PIT >> INFO : MINION : Failed to dump JaCoCo execution data: org.jacoco.agent.rt.RT
00:02:10 PIT >> INFO : MINION : Failed to set JaCoCo session: org.jacoco.agent.rt.RT
00:02:10 PIT >> INFO : MINION : Failed to dump JaCoCo execution data: org.jacoco.agent.rt.RT
00:02:10 PIT >> INFO : MINION : Failed to set JaCoCo session: org.jacoco.agent.rt.RT
00:02:10 PIT >> INFO : MINION : Failed to dump JaCoCo execution data: org.jacoco.agent.rt.RT
00:02:10 PIT >> INFO : MINION : Failed to set JaCoCo session: org.jacoco.agent.rt.RT
00:02:10 PIT >> INFO : MINION : Failed to dump JaCoCo execution data: org.jacoco.agent.rt.RT
00:02:10 PIT >> INFO : MINION : Failed to set JaCoCo session: org.jacoco.agent.rt.RT
00:02:10 PIT >> INFO : MINION : Failed to dump JaCoCo execution data: org.jacoco.agent.rt.RT
00:02:10 PIT >> INFO : MINION : Failed to set JaCoCo session: org.jacoco.agent.rt.RT
00:02:10 PIT >> INFO : MINION : Failed to dump JaCoCo execution data: org.jacoco.agent.rt.RT
00:02:10 PIT >> INFO : MINION : Failed to set JaCoCo session: org.jacoco.agent.rt.RT
00:02:10 PIT >> INFO : MINION : Failed to dump JaCoCo execution data: org.jacoco.agent.rt.RT
00:02:10 PIT >> INFO : MINION : Failed to set JaCoCo session: org.jacoco.agent.rt.RT
00:02:10 PIT >> INFO : MINION : Failed to dump JaCoCo execution data: org.jacoco.agent.rt.RT
00:02:10 PIT >> INFO : MINION : Failed to set JaCoCo session: org.jacoco.agent.rt.RT
00:02:10 PIT >> INFO : MINION : Failed to dump JaCoCo execution data: org.jacoco.agent.rt.RT
00:02:10 PIT >> INFO : MINION : Failed to set JaCoCo session: org.jacoco.agent.rt.RT
00:02:10 PIT >> INFO : MINION : Failed to dump JaCoCo execution data: org.jacoco.agent.rt.RT
00:02:10 PIT >> INFO : MINION : Failed to set JaCoCo session: org.jacoco.agent.rt.RT
00:02:10 PIT >> INFO : MINION : Failed to dump JaCoCo execution data: org.jacoco.agent.rt.RT
00:02:10 PIT >> INFO : MINION : Failed to set JaCoCo session: org.jacoco.agent.rt.RT
00:02:10 PIT >> INFO : MINION : Failed to dump JaCoCo execution data: org.jacoco.agent.rt.RT
00:02:10 PIT >> INFO : MINION : Failed to set JaCoCo session: org.jacoco.agent.rt.RT
00:02:10 PIT >> INFO : MINION : Failed to dump JaCoCo execution data: org.jacoco.agent.rt.RT
00:02:10 PIT >> INFO : MINION : Failed to set JaCoCo session: org.jacoco.agent.rt.RT
00:02:10 PIT >> INFO : MINION : Failed to dump JaCoCo execution data: org.jacoco.agent.rt.RT
00:02:10 PIT >> INFO : MINION : Failed to set JaCoCo session: org.jacoco.agent.rt.RT
00:02:10 PIT >> INFO : MINION : Failed to dump JaCoCo execution data: org.jacoco.agent.rt.RT
00:02:10 PIT >> INFO : MINION : Failed to set JaCoCo session: org.jacoco.agent.rt.RT
00:02:10 PIT >> INFO : MINION : Failed to dump JaCoCo execution data: org.jacoco.agent.rt.RT
00:02:10 PIT >> INFO : MINION : Failed to set JaCoCo session: org.jacoco.agent.rt.RT
00:02:10 PIT >> INFO : MINION : Failed to dump JaCoCo execution data: org.jacoco.agent.rt.RT
00:02:10 PIT >> INFO : MINION : Failed to set JaCoCo session: org.jacoco.agent.rt.RT
00:02:10 PIT >> INFO : MINION : Failed to dump JaCoCo execution data: org.jacoco.agent.rt.RT
00:02:10 PIT >> INFO : Calculated coverage in 0 seconds.
00:02:10 PIT >> INFO : Created 1 mutation test units
00:02:12 PIT >> INFO : Completed in 2 seconds
