23:58:38 PIT >> INFO : Verbose logging is disabled. If you encounter a problem, please enable it before reporting an issue.
23:58:38 PIT >> INFO : Created 1 mutation test units in pre scan
23:58:38 PIT >> INFO : MINION : WARNING: Unknown module: org.jgrapht.core specified to --add-opens
23:58:38 PIT >> INFO : MINION : WARNING: Unknown module: org.jgrapht.core specified to --add-opens
23:58:38 PIT >> INFO : MINION : WARNING: Unknown module: org.jgrapht.core specified to --add-opens
23:58:38 PIT >> INFO : MINION : WARNING: Unknown module: org.jgrapht.core specified to --add-opens
23:58:38 PIT >> INFO : MINION : WARNING: Unknown module: org.jgrapht.core specified to --add-opens
23:58:38 PIT >> INFO : MINION : WARNING: Unknown module: org.jgrapht.core specified to --add-opens
23:58:38 PIT >> INFO : MINION : WARNING: Unknown module: org.jgrapht.core specified to --add-opens
23:58:38 PIT >> INFO : MINION : WARNING: Unknown module: org.jgrapht.core specified to --add-opens
23:58:38 PIT >> INFO : MINION : WARNING: Unknown module: org.jgrapht.core specified to --add-opens
23:58:38 PIT >> INFO : MINION : WARNING: Unknown module: org.jgrapht.core specified to --add-opens
23:58:38 PIT >> INFO : MINION : WARNING: Unknown module: org.jgrapht.core specified to --add-opens
23:58:38 PIT >> INFO : MINION : WARNING: Unknown module: org.jgrapht.core specified to --add-opens
23:58:38 PIT >> INFO : MINION : WARNING: Unknown module: org.jgrapht.core specified to --add-opens
23:58:38 PIT >> INFO : MINION : WARNING: Unknown module: org.jgrapht.core specified to --add-opens
23:58:38 PIT >> INFO : MINION : WARNING: Unknown module: org.jgrapht.core specified to --add-opens
23:58:38 PIT >> INFO : MINION : WARNING: Unknown module: org.jgrapht.core specified to --add-opens
23:58:38 PIT >> INFO : MINION : WARNING: Unknown module: org.jgrapht.core specified to --add-opens
23:58:38 PIT >> INFO : MINION : WARNING: Unknown module: org.jgrapht.core specified to --add-opens
23:58:38 PIT >> INFO : MINION : WARNING: Unknown module: org.jgrapht.core specified to --add-opens
23:58:38 PIT >> INFO : MINION : WARNING: Unknown module: org.jgrapht.core specified to --add-opens
23:58:38 PIT >> INFO : MINION : WARNING: Unknown module: org.jgrapht.core specified to --add-opens
23:58:38 PIT >> INFO : MINION : WARNING: Unknown module: org.jgrapht.core specified to --add-opens
23:58:38 PIT >> INFO : MINION : WARNING: Unknown module: org.jgrapht.core specified to --add-opens
23:58:38 PIT >> INFO : MINION : WARNING: Unknown module: org.jgrapht.core specified to --add-opens
23:58:38 PIT >> INFO : MINION : WARNING: Unknown module: org.jgrapht.core specified to --add-opens
23:58:38 PIT >> INFO : MINION : WARNING: Unknown module: org.jgrapht.core specified to --add-opens
23:58:38 PIT >> INFO : MINION : WARNING: Unknown module: org.jgrapht.core specified to --add-opens
23:58:38 PIT >> INFO : MINION : WARNING: Unknown module: org.jgrapht.core specified to --add-opens
23:58:38 PIT >> INFO : MINION : WARNING: Unknown module: org.jgrapht.core specified to --add-opens
23:58:38 PIT >> INFO : MINION : WARNING: Unknown module: org.jgrapht.core specified to --add-opens
23:58:39 PIT >> INFO : Sending 16 test classes to minion
23:58:39 PIT >> INFO : Sent tests to minion
23:58:41 PIT >> INFO : Calculated coverage in 3 seconds.
23:58:41 PIT >> INFO : Created 1 mutation test units
23:58:51 PIT >> INFO : Completed in 12 seconds
