Fetching distribution.
Downloading https://services.gradle.org/distributions/gradle-9.7.0-bin.zip
..............10%..............20%...............30%..............40%..............50%...............60%..............70%..............80%...............90%..............100%

Welcome to Gradle 9.7.0!

Here are the highlights of this release:
 - Isolated Projects graduates to incubating
 - Broader Configuration Cache compatibility
 - More source locations in problem reports

For more details see https://docs.gradle.org/9.7.0/release-notes.html

To honour the JVM settings for this build a single-use Daemon process will be forked. For more on this, please refer to https://docs.gradle.org/9.7.0/userguide/gradle_daemon.html#sec:disabling_the_daemon in the Gradle documentation.
Daemon will be stopped at the end of the build
> Task :buildSrc:extractPluginRequests UP-TO-DATE
> Task :buildSrc:generatePluginAdapters UP-TO-DATE

> Task :buildSrc:compileJava
Please update your dependency to directly use the correct version 'xml-apis:xml-apis:1.0.b2'.
Resolution will only pick dependencies of the relocated element.  Artifacts and other metadata will be ignored.

> Task :buildSrc:compileJava UP-TO-DATE
> Task :buildSrc:compileGroovy UP-TO-DATE
> Task :buildSrc:compileGroovyPlugins UP-TO-DATE
> Task :buildSrc:pluginDescriptors UP-TO-DATE
> Task :buildSrc:processResources UP-TO-DATE
> Task :buildSrc:classes UP-TO-DATE
> Task :buildSrc:jar UP-TO-DATE
> Task :spring-security-core:checkKotlinGradlePluginConfigurationErrors SKIPPED
> Task :spring-security-core:springVersion UP-TO-DATE
> Task :spring-security-core:processResources UP-TO-DATE
> Task :spring-security-core:processTestResources UP-TO-DATE
> Task :spring-security-crypto:compileJava UP-TO-DATE
> Task :spring-security-crypto:processResources NO-SOURCE
> Task :spring-security-crypto:classes UP-TO-DATE
> Task :spring-security-crypto:jar UP-TO-DATE
> Task :spring-security-core:compileKotlin NO-SOURCE
> Task :spring-security-core:compileJava UP-TO-DATE
> Task :spring-security-core:classes UP-TO-DATE
> Task :spring-security-core:jar UP-TO-DATE
> Task :spring-security-core:compileTestKotlin UP-TO-DATE
> Task :spring-security-core:compileTestJava UP-TO-DATE
> Task :spring-security-core:testClasses UP-TO-DATE

> Task :spring-security-core:pitest
================================================================================
- Mutators
================================================================================
> org.pitest.mutationtest.engine.gregor.mutators.RemoveConditionalMutator_ORDER_ELSE
>> Generated 1 Killed 0 (0%)
> KILLED 0 SURVIVED 0 TIMED_OUT 0 NON_VIABLE 0
> MEMORY_ERROR 0 NOT_STARTED 0 STARTED 0 RUN_ERROR 0
> NO_COVERAGE 1
--------------------------------------------------------------------------------
> org.pitest.mutationtest.engine.gregor.mutators.ConditionalsBoundaryMutator
>> Generated 1 Killed 0 (0%)
> KILLED 0 SURVIVED 0 TIMED_OUT 0 NON_VIABLE 0
> MEMORY_ERROR 0 NOT_STARTED 0 STARTED 0 RUN_ERROR 0
> NO_COVERAGE 1
--------------------------------------------------------------------------------
> org.pitest.mutationtest.engine.gregor.mutators.VoidMethodCallMutator
>> Generated 1 Killed 0 (0%)
> KILLED 0 SURVIVED 0 TIMED_OUT 0 NON_VIABLE 0
> MEMORY_ERROR 0 NOT_STARTED 0 STARTED 0 RUN_ERROR 0
> NO_COVERAGE 1
--------------------------------------------------------------------------------
> org.pitest.mutationtest.engine.gregor.mutators.RemoveConditionalMutator_EQUAL_ELSE
>> Generated 11 Killed 0 (0%)
> KILLED 0 SURVIVED 0 TIMED_OUT 0 NON_VIABLE 0
> MEMORY_ERROR 0 NOT_STARTED 0 STARTED 0 RUN_ERROR 0
> NO_COVERAGE 11
--------------------------------------------------------------------------------
> org.pitest.mutationtest.engine.gregor.mutators.returns.NullReturnValsMutator
>> Generated 3 Killed 0 (0%)
> KILLED 0 SURVIVED 0 TIMED_OUT 0 NON_VIABLE 0
> MEMORY_ERROR 0 NOT_STARTED 0 STARTED 0 RUN_ERROR 0
> NO_COVERAGE 3
--------------------------------------------------------------------------------
> org.pitest.mutationtest.engine.gregor.mutators.MathMutator
>> Generated 1 Killed 0 (0%)
> KILLED 0 SURVIVED 0 TIMED_OUT 0 NON_VIABLE 0
> MEMORY_ERROR 0 NOT_STARTED 0 STARTED 0 RUN_ERROR 0
> NO_COVERAGE 1
--------------------------------------------------------------------------------
> org.pitest.mutationtest.engine.gregor.mutators.returns.EmptyObjectReturnValsMutator
>> Generated 4 Killed 0 (0%)
> KILLED 0 SURVIVED 0 TIMED_OUT 0 NON_VIABLE 0
> MEMORY_ERROR 0 NOT_STARTED 0 STARTED 0 RUN_ERROR 0
> NO_COVERAGE 4
--------------------------------------------------------------------------------
================================================================================
- Timings
================================================================================
> pre-scan for mutations : < 1 second
> scan classpath : < 1 second
> coverage and dependency analysis : < 1 second
> build mutation tests : < 1 second
> run mutation analysis : < 1 second
--------------------------------------------------------------------------------
> Total  : < 1 second
--------------------------------------------------------------------------------
================================================================================
- Statistics
================================================================================
>> Line Coverage (for mutated classes only): 0/59 (0%)
>> 11 tests examined
>> Generated 22 mutations Killed 0 (0%)
>> Mutations with no coverage 22. Test strength 100%
>> Ran 0 tests (0 tests per mutation)
Enhanced functionality available at https://www.arcmutate.com/

Build messages:-
* Project uses Spring, but the Arcmutate Spring plugin is not present. (https://docs.arcmutate.com/docs/spring.html)

[Incubating] Problems report is available at: file:///Users/D061177/work/issta/spring-security-stp-qualification/subject/build/reports/problems/problems-report.html

Deprecated Gradle features were used in this build, making it incompatible with Gradle 10.

You can use '--warning-mode all' to show the individual deprecation warnings and determine if they come from your own scripts or plugins.

For more on this, please refer to https://docs.gradle.org/9.7.0/userguide/command_line_interface.html#sec:command_line_warnings in the Gradle documentation.

BUILD SUCCESSFUL in 3m 12s
18 actionable tasks: 1 executed, 17 up-to-date
Consider enabling configuration cache to speed up this build: https://docs.gradle.org/9.7.0/userguide/configuration_cache_enabling.html
