To honour the JVM settings for this build a single-use Daemon process will be forked. For more on this, please refer to https://docs.gradle.org/9.5.0/userguide/gradle_daemon.html#sec:disabling_the_daemon in the Gradle documentation.
Daemon will be stopped at the end of the build
> Task :local-build-plugins:extractPluginRequests UP-TO-DATE
> Task :local-build-plugins:generatePluginAdapters UP-TO-DATE
> Task :local-build-plugins:spotlessJava UP-TO-DATE
> Task :local-build-plugins:spotlessJavaApply UP-TO-DATE
> Task :local-build-plugins:compileJava UP-TO-DATE
> Task :local-build-plugins:compileGroovy UP-TO-DATE
> Task :local-build-plugins:compileGroovyPlugins UP-TO-DATE
> Task :local-build-plugins:pluginDescriptors UP-TO-DATE
> Task :local-build-plugins:processResources UP-TO-DATE
> Task :local-build-plugins:classes UP-TO-DATE
> Task :local-build-plugins:jar UP-TO-DATE
Java versions for main code: [compiler: 25, release:17, explicit: false]
Java versions for test code: [compiler: 25, release:17, launcher: 25, explicit: false]

> Configure project :hibernate-gradle-plugin
Skipping hibernate-gradle-plugin tests for JDK version 25

> Task :hibernate-core:generateDeprecated-graphParser UP-TO-DATE
> Task :hibernate-core:generateGraphParser UP-TO-DATE
> Task :hibernate-core:generateHqlParser UP-TO-DATE
> Task :hibernate-core:generateOrderingParser UP-TO-DATE
> Task :hibernate-core:generateSqlScriptParser UP-TO-DATE
> Task :hibernate-core:generateParsers UP-TO-DATE
> Task :hibernate-core:xjcCfg UP-TO-DATE
> Task :hibernate-core:xjcConfiguration UP-TO-DATE
> Task :hibernate-core:xjcHbm UP-TO-DATE
> Task :hibernate-core:xjcMapping UP-TO-DATE
> Task :hibernate-ant:spotlessJava UP-TO-DATE
> Task :hibernate-ant:spotlessJavaApply UP-TO-DATE
> Task :hibernate-ant:writeCheckerManifest UP-TO-DATE
> Task :hibernate-ant:processResources NO-SOURCE
> Task :hibernate-reveng:spotlessJava UP-TO-DATE
> Task :hibernate-reveng:spotlessJavaApply UP-TO-DATE
> Task :hibernate-reveng:writeCheckerManifest UP-TO-DATE
> Task :hibernate-community-dialects:spotlessJava UP-TO-DATE
> Task :hibernate-community-dialects:spotlessJavaApply UP-TO-DATE
> Task :hibernate-community-dialects:writeCheckerManifest UP-TO-DATE
> Task :hibernate-community-dialects:processResources UP-TO-DATE
> Task :hibernate-reveng:processResources UP-TO-DATE
> Task :hibernate-scan-jandex:spotlessJava UP-TO-DATE
> Task :hibernate-scan-jandex:spotlessJavaApply UP-TO-DATE
> Task :hibernate-scan-jandex:writeCheckerManifest UP-TO-DATE
> Task :hibernate-processor:spotlessJava UP-TO-DATE
> Task :hibernate-processor:spotlessJavaApply UP-TO-DATE
> Task :hibernate-processor:writeCheckerManifest UP-TO-DATE
> Task :hibernate-processor:processResources UP-TO-DATE
> Task :hibernate-scan-jandex:processResources UP-TO-DATE
> Task :hibernate-testing:spotlessJava UP-TO-DATE
> Task :hibernate-testing:spotlessJavaApply UP-TO-DATE
> Task :hibernate-testing:writeCheckerManifest UP-TO-DATE
> Task :hibernate-testing:processResources UP-TO-DATE
> Task :hibernate-core:spotlessJava
> Task :hibernate-core:spotlessJavaApply
> Task :hibernate-core:writeCheckerManifest UP-TO-DATE

> Task :hibernate-core:compileJava

> Task :hibernate-core:processResources UP-TO-DATE
> Task :hibernate-core:classes
> Task :hibernate-community-dialects:compileJava UP-TO-DATE
> Task :hibernate-community-dialects:classes UP-TO-DATE
> Task :hibernate-processor:compileJava UP-TO-DATE
> Task :hibernate-processor:classes UP-TO-DATE
> Task :hibernate-scan-jandex:compileJava UP-TO-DATE
> Task :hibernate-scan-jandex:classes UP-TO-DATE
> Task :hibernate-reveng:compileJava UP-TO-DATE
> Task :hibernate-reveng:classes UP-TO-DATE
> Task :hibernate-ant:compileJava UP-TO-DATE
> Task :hibernate-ant:classes UP-TO-DATE
> Task :hibernate-core:jar
> Task :hibernate-processor:jar
> Task :hibernate-reveng:jar
> Task :hibernate-community-dialects:jar
> Task :hibernate-core:copyBundleResourcesNonXml UP-TO-DATE
> Task :hibernate-core:copyBundleResourcesXml UP-TO-DATE
> Task :hibernate-core:copyBundleResources NO-SOURCE
> Task :hibernate-ant:jar
> Task :hibernate-core:processTestResources UP-TO-DATE
> Task :hibernate-scan-jandex:jar

> Task :hibernate-testing:compileJava

> Task :hibernate-testing:classes
> Task :hibernate-testing:jar
> Task :hibernate-core:compileTestJava

> Task :hibernate-core:testClasses

> Task :hibernate-core:pitest

> Task :hibernate-core:pitest FAILED

[Incubating] Problems report is available at: file:///Users/D061177/work/issta/hibernate-orm-stp-qualification/subject/target/reports/problems/problems-report.html

Deprecated Gradle features were used in this build, making it incompatible with Gradle 10.

You can use '--warning-mode all' to show the individual deprecation warnings and determine if they come from your own scripts or plugins.

For more on this, please refer to https://docs.gradle.org/9.5.0/userguide/command_line_interface.html#sec:command_line_warnings in the Gradle documentation.
65 actionable tasks: 13 executed, 52 up-to-date
