Running PIT for 22 classes...
Project: /private/tmp/pit-unify-spring-core-nydoloo0/subject
Results: /Users/D061177/work/issta/smart-test-picker-evaluation/iterations/pit-unify/pit/spring-core

  Running PIT for org.springframework.core.SerializableTypeWrapper (targetTests=org.springframework.core.*)...
    FAILED: exit code 1 (30s)
  Running PIT for org.springframework.core.annotation.RepeatableContainers (targetTests=org.springframework.core.annotation.*)...
    OK: 12/13 killed (12s)
  Running PIT for org.springframework.core.codec.AbstractDataBufferDecoder (targetTests=org.springframework.core.codec.*)...
    OK: 6/6 killed (16s)
  Running PIT for org.springframework.core.convert.TypeDescriptor (targetTests=org.springframework.core.convert.*)...
    OK: 98/125 killed (24s)
  Running PIT for org.springframework.core.convert.converter.ConvertingComparator (targetTests=org.springframework.core.convert.*)...
    OK: 5/5 killed (3s)
  Running PIT for org.springframework.core.convert.support.GenericConversionService (targetTests=org.springframework.core.convert.*)...
    OK: 47/62 killed (20s)
  Running PIT for org.springframework.core.env.PropertySource (targetTests=org.springframework.core.env.*)...
    OK: 6/13 killed (6s)
  Running PIT for org.springframework.core.io.AbstractResource (targetTests=org.springframework.core.io.*)...
    FAILED: exit code 1 (8s)
  Running PIT for org.springframework.core.io.buffer.DataBufferUtils (targetTests=org.springframework.core.io.*)...
    FAILED: exit code 1 (8s)
  Running PIT for org.springframework.core.io.support.PathMatchingResourcePatternResolver (targetTests=org.springframework.core.io.*)...
    FAILED: exit code 1 (8s)
  Running PIT for org.springframework.core.log.LogMessage (targetTests=org.springframework.core.log.*)...
    OK: 8/11 killed (3s)
  Running PIT for org.springframework.core.style.DefaultValueStyler (targetTests=org.springframework.core.style.*)...
    OK: 36/37 killed (4s)
  Running PIT for org.springframework.core.task.SimpleAsyncTaskExecutor (targetTests=org.springframework.core.task.*)...
    OK: 10/44 killed (36s)
  Running PIT for org.springframework.core.type.StandardClassMetadata (targetTests=org.springframework.core.type.*)...
    OK: 27/28 killed (5s)
  Running PIT for org.springframework.core.type.classreading.SimpleAnnotationMetadata (targetTests=org.springframework.core.type.*)...
    OK: 31/31 killed (5s)
  Running PIT for org.springframework.core.type.filter.AbstractTypeHierarchyTraversingFilter (targetTests=org.springframework.core.type.*)...
    OK: 19/26 killed (4s)
  Running PIT for org.springframework.util.Assert (targetTests=org.springframework.util.*)...
    OK: 55/64 killed (21s)
  Running PIT for org.springframework.util.backoff.ExponentialBackOff (targetTests=org.springframework.util.*)...
    OK: 10/13 killed (8s)
  Running PIT for org.springframework.util.concurrent.ListenableFutureCallbackRegistry (targetTests=org.springframework.util.*)...
    OK: 4/14 killed (59s)
  Running PIT for org.springframework.util.function.ThrowingConsumer (targetTests=org.springframework.util.*)...
    OK: 4/5 killed (12s)
  Running PIT for org.springframework.util.unit.DataSize (targetTests=org.springframework.util.*)...
    OK: 23/33 killed (10s)
  Running PIT for org.springframework.util.xml.AbstractStaxXMLReader (targetTests=org.springframework.util.*)...
    OK: 18/27 killed (11s)

============================================================
SUMMARY: OK=18, FAILED=4, TIMEOUT=0
Total mutations: 557
EXPLICIT DEFAULTS CAMPAIGN FINISHED 1
