To honour the JVM settings for this build a single-use Daemon process will be forked. For more on this, please refer to https://docs.gradle.org/9.5.0/userguide/gradle_daemon.html#sec:disabling_the_daemon in the Gradle documentation.
Daemon will be stopped at the end of the build
> Task :local-build-plugins:extractPluginRequests UP-TO-DATE
> Task :local-build-plugins:generatePluginAdapters UP-TO-DATE
> Task :local-build-plugins:spotlessJava UP-TO-DATE
> Task :local-build-plugins:spotlessJavaApply UP-TO-DATE
> Task :local-build-plugins:compileJava UP-TO-DATE
> Task :local-build-plugins:compileGroovy UP-TO-DATE
> Task :local-build-plugins:compileGroovyPlugins UP-TO-DATE
> Task :local-build-plugins:pluginDescriptors UP-TO-DATE
> Task :local-build-plugins:processResources UP-TO-DATE
> Task :local-build-plugins:classes UP-TO-DATE
> Task :local-build-plugins:jar UP-TO-DATE
Java versions for main code: [compiler: 21, release:17, explicit: false]
Java versions for test code: [compiler: 21, release:17, launcher: 21, explicit: false]
> Task :hibernate-core:generateDeprecated-graphParser UP-TO-DATE
> Task :hibernate-core:generateGraphParser UP-TO-DATE
> Task :hibernate-core:generateHqlParser UP-TO-DATE
> Task :hibernate-core:generateOrderingParser UP-TO-DATE
> Task :hibernate-core:generateSqlScriptParser UP-TO-DATE
> Task :hibernate-core:generateParsers UP-TO-DATE
> Task :hibernate-core:xjcCfg UP-TO-DATE
> Task :hibernate-core:xjcConfiguration UP-TO-DATE
> Task :hibernate-core:xjcHbm UP-TO-DATE
> Task :hibernate-core:xjcMapping UP-TO-DATE
> Task :hibernate-scan-jandex:spotlessJava UP-TO-DATE
> Task :hibernate-scan-jandex:spotlessJavaApply UP-TO-DATE
> Task :hibernate-scan-jandex:writeCheckerManifest UP-TO-DATE
> Task :hibernate-scan-jandex:processResources UP-TO-DATE
> Task :hibernate-ant:spotlessJava UP-TO-DATE
> Task :hibernate-ant:spotlessJavaApply UP-TO-DATE
> Task :hibernate-ant:writeCheckerManifest UP-TO-DATE
> Task :hibernate-ant:processResources NO-SOURCE
> Task :hibernate-community-dialects:spotlessJava UP-TO-DATE
> Task :hibernate-community-dialects:spotlessJavaApply UP-TO-DATE
> Task :hibernate-community-dialects:writeCheckerManifest UP-TO-DATE
> Task :hibernate-community-dialects:processResources UP-TO-DATE
> Task :hibernate-reveng:spotlessJava UP-TO-DATE
> Task :hibernate-reveng:spotlessJavaApply UP-TO-DATE
> Task :hibernate-reveng:writeCheckerManifest UP-TO-DATE
> Task :hibernate-testing:spotlessJava UP-TO-DATE
> Task :hibernate-testing:spotlessJavaApply UP-TO-DATE
> Task :hibernate-testing:writeCheckerManifest UP-TO-DATE
> Task :hibernate-testing:processResources UP-TO-DATE
> Task :hibernate-reveng:processResources UP-TO-DATE
> Task :hibernate-processor:spotlessJava UP-TO-DATE
> Task :hibernate-processor:spotlessJavaApply UP-TO-DATE
> Task :hibernate-processor:writeCheckerManifest UP-TO-DATE
> Task :hibernate-processor:processResources UP-TO-DATE
> Task :hibernate-core:spotlessJava UP-TO-DATE
> Task :hibernate-core:spotlessJavaApply UP-TO-DATE
> Task :hibernate-core:writeCheckerManifest UP-TO-DATE
> Task :hibernate-core:compileJava UP-TO-DATE
> Task :hibernate-core:processResources UP-TO-DATE
> Task :hibernate-core:classes UP-TO-DATE
> Task :hibernate-scan-jandex:compileJava UP-TO-DATE
> Task :hibernate-processor:compileJava UP-TO-DATE
> Task :hibernate-processor:classes UP-TO-DATE
> Task :hibernate-scan-jandex:classes UP-TO-DATE
> Task :hibernate-reveng:compileJava UP-TO-DATE
> Task :hibernate-reveng:classes UP-TO-DATE
> Task :hibernate-community-dialects:compileJava UP-TO-DATE
> Task :hibernate-community-dialects:classes UP-TO-DATE
> Task :hibernate-ant:compileJava UP-TO-DATE
> Task :hibernate-ant:classes UP-TO-DATE
> Task :hibernate-core:jar UP-TO-DATE
> Task :hibernate-community-dialects:jar UP-TO-DATE
> Task :hibernate-reveng:jar UP-TO-DATE
> Task :hibernate-scan-jandex:jar UP-TO-DATE
> Task :hibernate-processor:jar UP-TO-DATE
> Task :hibernate-ant:jar UP-TO-DATE
> Task :hibernate-core:copyBundleResourcesNonXml UP-TO-DATE
> Task :hibernate-core:copyBundleResourcesXml UP-TO-DATE
> Task :hibernate-core:copyBundleResources NO-SOURCE
> Task :hibernate-testing:compileJava UP-TO-DATE
> Task :hibernate-testing:classes UP-TO-DATE
> Task :hibernate-testing:jar UP-TO-DATE
> Task :hibernate-core:processTestResources UP-TO-DATE
> Task :hibernate-core:compileTestJava UP-TO-DATE
> Task :hibernate-core:testClasses UP-TO-DATE

> Task :hibernate-core:pitest
================================================================================
- Mutators
================================================================================
> org.pitest.mutationtest.engine.gregor.mutators.RemoveConditionalMutator_ORDER_ELSE
>> Generated 5 Killed 3 (60%)
> KILLED 3 SURVIVED 1 TIMED_OUT 0 NON_VIABLE 0
> MEMORY_ERROR 0 NOT_STARTED 0 STARTED 0 RUN_ERROR 0
> NO_COVERAGE 1
--------------------------------------------------------------------------------
> org.pitest.mutationtest.engine.gregor.mutators.ConditionalsBoundaryMutator
>> Generated 5 Killed 3 (60%)
> KILLED 3 SURVIVED 1 TIMED_OUT 0 NON_VIABLE 0
> MEMORY_ERROR 0 NOT_STARTED 0 STARTED 0 RUN_ERROR 0
> NO_COVERAGE 1
--------------------------------------------------------------------------------
> org.pitest.mutationtest.engine.gregor.mutators.IncrementsMutator
>> Generated 2 Killed 2 (100%)
> KILLED 2 SURVIVED 0 TIMED_OUT 0 NON_VIABLE 0
> MEMORY_ERROR 0 NOT_STARTED 0 STARTED 0 RUN_ERROR 0
> NO_COVERAGE 0
--------------------------------------------------------------------------------
> org.pitest.mutationtest.engine.gregor.mutators.VoidMethodCallMutator
>> Generated 8 Killed 4 (50%)
> KILLED 4 SURVIVED 2 TIMED_OUT 0 NON_VIABLE 0
> MEMORY_ERROR 0 NOT_STARTED 0 STARTED 0 RUN_ERROR 0
> NO_COVERAGE 2
--------------------------------------------------------------------------------
> org.pitest.mutationtest.engine.gregor.mutators.RemoveConditionalMutator_EQUAL_ELSE
>> Generated 46 Killed 10 (22%)
> KILLED 10 SURVIVED 20 TIMED_OUT 0 NON_VIABLE 0
> MEMORY_ERROR 0 NOT_STARTED 0 STARTED 0 RUN_ERROR 0
> NO_COVERAGE 16
--------------------------------------------------------------------------------
> org.pitest.mutationtest.engine.gregor.mutators.returns.NullReturnValsMutator
>> Generated 17 Killed 6 (35%)
> KILLED 6 SURVIVED 2 TIMED_OUT 0 NON_VIABLE 0
> MEMORY_ERROR 0 NOT_STARTED 0 STARTED 0 RUN_ERROR 0
> NO_COVERAGE 9
--------------------------------------------------------------------------------
> org.pitest.mutationtest.engine.gregor.mutators.MathMutator
>> Generated 1 Killed 1 (100%)
> KILLED 1 SURVIVED 0 TIMED_OUT 0 NON_VIABLE 0
> MEMORY_ERROR 0 NOT_STARTED 0 STARTED 0 RUN_ERROR 0
> NO_COVERAGE 0
--------------------------------------------------------------------------------
> org.pitest.mutationtest.engine.gregor.mutators.returns.EmptyObjectReturnValsMutator
>> Generated 1 Killed 1 (100%)
> KILLED 1 SURVIVED 0 TIMED_OUT 0 NON_VIABLE 0
> MEMORY_ERROR 0 NOT_STARTED 0 STARTED 0 RUN_ERROR 0
> NO_COVERAGE 0
--------------------------------------------------------------------------------
================================================================================
- Timings
================================================================================
> pre-scan for mutations : < 1 second
> scan classpath : 2 seconds
> coverage and dependency analysis : 53 seconds
> build mutation tests : 1 seconds
> run mutation analysis : 15 minutes and 9 seconds
--------------------------------------------------------------------------------
> Total  : 16 minutes and 7 seconds
--------------------------------------------------------------------------------
================================================================================
- Statistics
================================================================================
>> Line Coverage (for mutated classes only): 137/240 (57%)
>> 932 tests examined
>> Generated 85 mutations Killed 30 (35%)
>> Mutations with no coverage 29. Test strength 54%
>> Ran 15269 tests (179.64 tests per mutation)
Enhanced functionality available at https://www.arcmutate.com/

[Incubating] Problems report is available at: file:///Users/D061177/work/issta/hibernate-orm-stp-qualification/subject/target/reports/problems/problems-report.html

Deprecated Gradle features were used in this build, making it incompatible with Gradle 10.

You can use '--warning-mode all' to show the individual deprecation warnings and determine if they come from your own scripts or plugins.

For more on this, please refer to https://docs.gradle.org/9.5.0/userguide/command_line_interface.html#sec:command_line_warnings in the Gradle documentation.

BUILD SUCCESSFUL in 16m 39s
65 actionable tasks: 1 executed, 64 up-to-date
Consider enabling configuration cache to speed up this build: https://docs.gradle.org/9.5.0/userguide/configuration_cache_enabling.html
